Archive member included because of file (symbol)

t:/siliconlabs/simplicitystudio/v4/developer/toolchains/gnu_arm/4.9_2015q3/bin/../lib/gcc/arm-none-eabi/4.9.3/armv7-m\libgcc.a(_arm_addsubdf3.o)
                              ./Drivers/BMP280.o (__aeabi_dsub)
t:/siliconlabs/simplicitystudio/v4/developer/toolchains/gnu_arm/4.9_2015q3/bin/../lib/gcc/arm-none-eabi/4.9.3/armv7-m\libgcc.a(_arm_muldivdf3.o)
                              ./Drivers/BMP280.o (__aeabi_dmul)
t:/siliconlabs/simplicitystudio/v4/developer/toolchains/gnu_arm/4.9_2015q3/bin/../lib/gcc/arm-none-eabi/4.9.3/armv7-m\libgcc.a(_arm_cmpdf2.o)
                              ./Drivers/BMP280.o (__aeabi_dcmpeq)
t:/siliconlabs/simplicitystudio/v4/developer/toolchains/gnu_arm/4.9_2015q3/bin/../lib/gcc/arm-none-eabi/4.9.3/armv7-m\libgcc.a(_arm_unorddf2.o)
                              ./Drivers/BMP280.o (__aeabi_dcmpun)
t:/siliconlabs/simplicitystudio/v4/developer/toolchains/gnu_arm/4.9_2015q3/bin/../lib/gcc/arm-none-eabi/4.9.3/armv7-m\libgcc.a(_arm_fixdfsi.o)
                              ./Drivers/BMP280.o (__aeabi_d2iz)
t:/siliconlabs/simplicitystudio/v4/developer/toolchains/gnu_arm/4.9_2015q3/bin/../lib/gcc/arm-none-eabi/4.9.3/armv7-m\libgcc.a(_aeabi_ldivmod.o)
                              ./Drivers/BMP280.o (__aeabi_ldivmod)
t:/siliconlabs/simplicitystudio/v4/developer/toolchains/gnu_arm/4.9_2015q3/bin/../lib/gcc/arm-none-eabi/4.9.3/armv7-m\libgcc.a(_aeabi_uldivmod.o)
                              ./emlib/em_usart.o (__aeabi_uldivmod)
t:/siliconlabs/simplicitystudio/v4/developer/toolchains/gnu_arm/4.9_2015q3/bin/../lib/gcc/arm-none-eabi/4.9.3/armv7-m\libgcc.a(bpabi.o)
                              t:/siliconlabs/simplicitystudio/v4/developer/toolchains/gnu_arm/4.9_2015q3/bin/../lib/gcc/arm-none-eabi/4.9.3/armv7-m\libgcc.a(_aeabi_ldivmod.o) (__gnu_ldivmod_helper)
t:/siliconlabs/simplicitystudio/v4/developer/toolchains/gnu_arm/4.9_2015q3/bin/../lib/gcc/arm-none-eabi/4.9.3/armv7-m\libgcc.a(unwind-arm.o)
                              ./src/main.o (__aeabi_unwind_cpp_pr0)
t:/siliconlabs/simplicitystudio/v4/developer/toolchains/gnu_arm/4.9_2015q3/bin/../lib/gcc/arm-none-eabi/4.9.3/armv7-m\libgcc.a(libunwind.o)
                              t:/siliconlabs/simplicitystudio/v4/developer/toolchains/gnu_arm/4.9_2015q3/bin/../lib/gcc/arm-none-eabi/4.9.3/armv7-m\libgcc.a(unwind-arm.o) (restore_core_regs)
t:/siliconlabs/simplicitystudio/v4/developer/toolchains/gnu_arm/4.9_2015q3/bin/../lib/gcc/arm-none-eabi/4.9.3/armv7-m\libgcc.a(pr-support.o)
                              t:/siliconlabs/simplicitystudio/v4/developer/toolchains/gnu_arm/4.9_2015q3/bin/../lib/gcc/arm-none-eabi/4.9.3/armv7-m\libgcc.a(unwind-arm.o) (__gnu_unwind_execute)
t:/siliconlabs/simplicitystudio/v4/developer/toolchains/gnu_arm/4.9_2015q3/bin/../lib/gcc/arm-none-eabi/4.9.3/armv7-m\libgcc.a(_dvmd_tls.o)
                              t:/siliconlabs/simplicitystudio/v4/developer/toolchains/gnu_arm/4.9_2015q3/bin/../lib/gcc/arm-none-eabi/4.9.3/armv7-m\libgcc.a(_aeabi_ldivmod.o) (__aeabi_ldiv0)
t:/siliconlabs/simplicitystudio/v4/developer/toolchains/gnu_arm/4.9_2015q3/bin/../lib/gcc/arm-none-eabi/4.9.3/armv7-m\libgcc.a(_divdi3.o)
                              t:/siliconlabs/simplicitystudio/v4/developer/toolchains/gnu_arm/4.9_2015q3/bin/../lib/gcc/arm-none-eabi/4.9.3/armv7-m\libgcc.a(bpabi.o) (__divdi3)
t:/siliconlabs/simplicitystudio/v4/developer/toolchains/gnu_arm/4.9_2015q3/bin/../lib/gcc/arm-none-eabi/4.9.3/armv7-m\libgcc.a(_udivdi3.o)
                              t:/siliconlabs/simplicitystudio/v4/developer/toolchains/gnu_arm/4.9_2015q3/bin/../lib/gcc/arm-none-eabi/4.9.3/armv7-m\libgcc.a(bpabi.o) (__udivdi3)
t:/siliconlabs/simplicitystudio/v4/developer/toolchains/gnu_arm/4.9_2015q3/bin/../lib/gcc/arm-none-eabi/4.9.3/../../../../arm-none-eabi/lib/armv7-m\libstdc++_nano.a(atexit_arm.o)
                              ./RF24/utilities.o (__aeabi_atexit)
t:/siliconlabs/simplicitystudio/v4/developer/toolchains/gnu_arm/4.9_2015q3/bin/../lib/gcc/arm-none-eabi/4.9.3/../../../../arm-none-eabi/lib/armv7-m\libstdc++_nano.a(del_op.o)
                              ./RF24/HardwareSPI.o (operator delete(void*))
t:/siliconlabs/simplicitystudio/v4/developer/toolchains/gnu_arm/4.9_2015q3/bin/../lib/gcc/arm-none-eabi/4.9.3/../../../../arm-none-eabi/lib/armv7-m\libstdc++_nano.a(class_type_info.o)
                              ./RF24/HardwareSPI.o (vtable for __cxxabiv1::__class_type_info)
t:/siliconlabs/simplicitystudio/v4/developer/toolchains/gnu_arm/4.9_2015q3/bin/../lib/gcc/arm-none-eabi/4.9.3/../../../../arm-none-eabi/lib/armv7-m\libstdc++_nano.a(si_class_type_info.o)
                              t:/siliconlabs/simplicitystudio/v4/developer/toolchains/gnu_arm/4.9_2015q3/bin/../lib/gcc/arm-none-eabi/4.9.3/../../../../arm-none-eabi/lib/armv7-m\libstdc++_nano.a(class_type_info.o) (vtable for __cxxabiv1::__si_class_type_info)
[...]
Memory Configuration

Name             Origin             Length             Attributes
FLASH            0x00000000         0x00100000         xr
RAM              0x20000000         0x00020000         xrw
*default*        0x00000000         0xffffffff

Linker script and memory map

LOAD t:/siliconlabs/simplicitystudio/v4/developer/toolchains/gnu_arm/4.9_2015q3/bin/../lib/gcc/arm-none-eabi/4.9.3/armv7-m/crti.o
LOAD t:/siliconlabs/simplicitystudio/v4/developer/toolchains/gnu_arm/4.9_2015q3/bin/../lib/gcc/arm-none-eabi/4.9.3/armv7-m/crtbegin.o
LOAD t:/siliconlabs/simplicitystudio/v4/developer/toolchains/gnu_arm/4.9_2015q3/bin/../lib/gcc/arm-none-eabi/4.9.3/../../../../arm-none-eabi/lib/armv7-m/crt0.o
LOAD ./src/main.o
LOAD ./emlib/em_cmu.o
LOAD ./emlib/em_core.o
LOAD ./emlib/em_dbg.o
LOAD ./emlib/em_dma.o
LOAD ./emlib/em_emu.o
LOAD ./emlib/em_gpio.o
LOAD ./emlib/em_i2c.o
LOAD ./emlib/em_int.o
LOAD ./emlib/em_leuart.o
LOAD ./emlib/em_rmu.o
LOAD ./emlib/em_rtc.o
LOAD ./emlib/em_system.o
LOAD ./emlib/em_timer.o
LOAD ./emlib/em_usart.o
LOAD ./RF24/HardwareSPI.o
LOAD ./RF24/RF24.o
LOAD ./RF24/ustimer.o
LOAD ./RF24/utilities.o
LOAD ./Drivers/BMP280.o
LOAD ./Drivers/i2cspm.o
LOAD ./Drivers/rtcdriver.o
LOAD ./Drivers/si7013.o
LOAD ./Drivers/sleep.o
LOAD ./CMSIS/EFM32GG/startup_efm32gg.o
LOAD ./CMSIS/EFM32GG/system_efm32gg.o
START GROUP
LOAD t:/siliconlabs/simplicitystudio/v4/developer/toolchains/gnu_arm/4.9_2015q3/bin/../lib/gcc/arm-none-eabi/4.9.3/armv7-m\libgcc.a
LOAD t:/siliconlabs/simplicitystudio/v4/developer/toolchains/gnu_arm/4.9_2015q3/bin/../lib/gcc/arm-none-eabi/4.9.3/../../../../arm-none-eabi/lib/armv7-m\libnosys.a
END GROUP
LOAD t:/siliconlabs/simplicitystudio/v4/developer/toolchains/gnu_arm/4.9_2015q3/bin/../lib/gcc/arm-none-eabi/4.9.3/../../../../arm-none-eabi/lib/armv7-m\libstdc++_nano.a
LOAD t:/siliconlabs/simplicitystudio/v4/developer/toolchains/gnu_arm/4.9_2015q3/bin/../lib/gcc/arm-none-eabi/4.9.3/../../../../arm-none-eabi/lib/armv7-m\libm.a
LOAD t:/siliconlabs/simplicitystudio/v4/developer/toolchains/gnu_arm/4.9_2015q3/bin/../lib/gcc/arm-none-eabi/4.9.3/../../../../arm-none-eabi/lib/armv7-m\libc_nano.a
START GROUP
LOAD t:/siliconlabs/simplicitystudio/v4/developer/toolchains/gnu_arm/4.9_2015q3/bin/../lib/gcc/arm-none-eabi/4.9.3/armv7-m\libgcc.a
LOAD t:/siliconlabs/simplicitystudio/v4/developer/toolchains/gnu_arm/4.9_2015q3/bin/../lib/gcc/arm-none-eabi/4.9.3/../../../../arm-none-eabi/lib/armv7-m\libc_nano.a
END GROUP
START GROUP
LOAD t:/siliconlabs/simplicitystudio/v4/developer/toolchains/gnu_arm/4.9_2015q3/bin/../lib/gcc/arm-none-eabi/4.9.3/armv7-m\libgcc.a
LOAD t:/siliconlabs/simplicitystudio/v4/developer/toolchains/gnu_arm/4.9_2015q3/bin/../lib/gcc/arm-none-eabi/4.9.3/../../../../arm-none-eabi/lib/armv7-m\libc_nano.a
LOAD t:/siliconlabs/simplicitystudio/v4/developer/toolchains/gnu_arm/4.9_2015q3/bin/../lib/gcc/arm-none-eabi/4.9.3/../../../../arm-none-eabi/lib/armv7-m\libnosys.a
END GROUP
START GROUP
LOAD t:/siliconlabs/simplicitystudio/v4/developer/toolchains/gnu_arm/4.9_2015q3/bin/../lib/gcc/arm-none-eabi/4.9.3/armv7-m\libgcc.a
LOAD t:/siliconlabs/simplicitystudio/v4/developer/toolchains/gnu_arm/4.9_2015q3/bin/../lib/gcc/arm-none-eabi/4.9.3/../../../../arm-none-eabi/lib/armv7-m\libc_nano.a
LOAD t:/siliconlabs/simplicitystudio/v4/developer/toolchains/gnu_arm/4.9_2015q3/bin/../lib/gcc/arm-none-eabi/4.9.3/../../../../arm-none-eabi/lib/armv7-m\libnosys.a
END GROUP
LOAD t:/siliconlabs/simplicitystudio/v4/developer/toolchains/gnu_arm/4.9_2015q3/bin/../lib/gcc/arm-none-eabi/4.9.3/armv7-m/crtend.o
LOAD t:/siliconlabs/simplicitystudio/v4/developer/toolchains/gnu_arm/4.9_2015q3/bin/../lib/gcc/arm-none-eabi/4.9.3/armv7-m/crtn.o

.text           0x00000000     0x4e98
 *(.vectors)
 .vectors       0x00000000       0xdc ./CMSIS/EFM32GG/startup_efm32gg.o
                0x00000000                __Vectors
                0x000000dc                __Vectors_End = .
                0x000000dc                __Vectors_Size = (__Vectors_End - __Vectors)
                0x000000dc                __end__ = .
 *(.text*)
 .text          0x000000dc       0x5c t:/siliconlabs/simplicitystudio/v4/developer/toolchains/gnu_arm/4.9_2015q3/bin/../lib/gcc/arm-none-eabi/4.9.3/armv7-m/crtbegin.o
 .text          0x00000138       0x74 t:/siliconlabs/simplicitystudio/v4/developer/toolchains/gnu_arm/4.9_2015q3/bin/../lib/gcc/arm-none-eabi/4.9.3/../../../../arm-none-eabi/lib/armv7-m/crt0.o
                0x00000138                _start
                0x00000138                _mainCRTStartup
 .text._Z15BMP280_I2C_readhhPhh
                0x000001ac       0x38 ./src/main.o
                0x000001ac                BMP280_I2C_read(unsigned char, unsigned char, unsigned char*, unsigned char)
 .text._Z16BMP280_I2C_writehhPhh
                0x000001e4       0x38 ./src/main.o
                0x000001e4                BMP280_I2C_write(unsigned char, unsigned char, unsigned char*, unsigned char)
 .text._Z12read_sensorsv
                0x0000021c       0x68 ./src/main.o
                0x0000021c                read_sensors()
 .text.startup.main
                0x00000284      0x2b0 ./src/main.o
                0x00000284                main
 .text.flashWaitStateControl
                0x00000534       0x78 ./emlib/em_cmu.o
 .text.flashWaitStateMax
                0x000005ac        0xe ./emlib/em_cmu.o
 *fill*         0x000005ba        0x2 
 .text.maxFreqHfle
                0x000005bc       0x54 ./emlib/em_cmu.o
 .text.auxClkGet
                0x00000610       0x88 ./emlib/em_cmu.o
 .text.syncReg  0x00000698       0x14 ./emlib/em_cmu.o
 .text.CMU_ClockDivSet
                0x000006ac      0x178 ./emlib/em_cmu.o
                0x000006ac                CMU_ClockDivSet
 .text.CMU_ClockSelectGet
                0x00000824       0xc0 ./emlib/em_cmu.o
                0x00000824                CMU_ClockSelectGet
 .text.lfClkGet
                0x000008e4       0x94 ./emlib/em_cmu.o
 .text.CMU_ClockFreqGet
                0x00000978      0x168 ./emlib/em_cmu.o
                0x00000978                CMU_ClockFreqGet
 .text.CMU_ClockEnable
                0x00000ae0       0x94 ./emlib/em_cmu.o
                0x00000ae0                CMU_ClockEnable
 .text.CMU_OscillatorEnable
                0x00000b74       0x64 ./emlib/em_cmu.o
                0x00000b74                CMU_OscillatorEnable
 .text.CMU_ClockSelectSet
                0x00000bd8      0x1e8 ./emlib/em_cmu.o
                0x00000bd8                CMU_ClockSelectSet
 .text.CORE_EnterAtomic
                0x00000dc0        0x8 ./emlib/em_core.o
                0x00000dc0                CORE_EnterAtomic
 .text.CORE_ExitAtomic
                0x00000dc8        0x6 ./emlib/em_core.o
                0x00000dc8                CORE_ExitAtomic
 *fill*         0x00000dce        0x2 
 .text.DMA_IRQHandler
                0x00000dd0       0x78 ./emlib/em_dma.o
                0x00000dd0                DMA_IRQHandler
 .text.emuRestore
                0x00000e48       0x7c ./emlib/em_emu.o
 .text.getErrataFixEmuE107En
                0x00000ec4       0x34 ./emlib/em_emu.o
 .text.EMU_EnterEM2
                0x00000ef8       0x6c ./emlib/em_emu.o
                0x00000ef8                EMU_EnterEM2
 .text.EMU_EnterEM3
                0x00000f64       0x8c ./emlib/em_emu.o
                0x00000f64                EMU_EnterEM3
 .text.EMU_EnterEM4
                0x00000ff0       0x30 ./emlib/em_emu.o
                0x00000ff0                EMU_EnterEM4
 .text.EMU_UpdateOscConfig
                0x00001020       0x14 ./emlib/em_emu.o
                0x00001020                EMU_UpdateOscConfig
 .text.GPIO_PinModeSet
                0x00001034       0x88 ./emlib/em_gpio.o
                0x00001034                GPIO_PinModeSet
 .text.I2C_BusFreqSet
                0x000010bc       0x54 ./emlib/em_i2c.o
                0x000010bc                I2C_BusFreqSet
 .text.I2C_Init
                0x00001110       0x30 ./emlib/em_i2c.o
                0x00001110                I2C_Init
 .text.I2C_Transfer
                0x00001140      0x1e0 ./emlib/em_i2c.o
                0x00001140                I2C_Transfer
 .text.I2C_TransferInit
                0x00001320       0x78 ./emlib/em_i2c.o
                0x00001320                I2C_TransferInit
 .text.RMU_ResetCauseClear
                0x00001398       0x30 ./emlib/em_rmu.o
                0x00001398                RMU_ResetCauseClear
 .text.RMU_ResetCauseGet
                0x000013c8       0x2c ./emlib/em_rmu.o
                0x000013c8                RMU_ResetCauseGet
 .text.RTC_CompareGet
                0x000013f4       0x1c ./emlib/em_rtc.o
                0x000013f4                RTC_CompareGet
 .text.RTC_CompareSet
                0x00001410       0x18 ./emlib/em_rtc.o
                0x00001410                RTC_CompareSet
 .text.RTC_Init
                0x00001428       0x1c ./emlib/em_rtc.o
                0x00001428                RTC_Init
 .text.RTC_CounterReset
                0x00001444        0xe ./emlib/em_rtc.o
                0x00001444                RTC_CounterReset
 *fill*         0x00001452        0x2 
 .text.SYSTEM_ChipRevisionGet
                0x00001454       0x34 ./emlib/em_system.o
                0x00001454                SYSTEM_ChipRevisionGet
 .text.TIMER_Init
                0x00001488       0x8c ./emlib/em_timer.o
                0x00001488                TIMER_Init
 .text.TIMER_InitCC
                0x00001514       0x66 ./emlib/em_timer.o
                0x00001514                TIMER_InitCC
 *fill*         0x0000157a        0x2 
 .text.USART_BaudrateSyncSet
                0x0000157c       0x3c ./emlib/em_usart.o
                0x0000157c                USART_BaudrateSyncSet
 .text.USART_Reset
                0x000015b8       0x44 ./emlib/em_usart.o
                0x000015b8                USART_Reset
 .text.USART_InitSync
                0x000015fc       0x64 ./emlib/em_usart.o
                0x000015fc                USART_InitSync
 .text.USART_SpiTransfer
                0x00001660       0x14 ./emlib/em_usart.o
                0x00001660                USART_SpiTransfer
 .text._ZN11HardwareSPID2Ev
                0x00001674        0x2 ./RF24/HardwareSPI.o
                0x00001674                HardwareSPI::~HardwareSPI()
                0x00001674                HardwareSPI::~HardwareSPI()
 .text._ZN11HardwareSPID0Ev
                0x00001676        0xc ./RF24/HardwareSPI.o
                0x00001676                HardwareSPI::~HardwareSPI()
 *fill*         0x00001682        0x2 
 .text._ZN11HardwareSPIC2Ev
                0x00001684       0x9c ./RF24/HardwareSPI.o
                0x00001684                HardwareSPI::HardwareSPI()
                0x00001684                HardwareSPI::HardwareSPI()
 .text._ZN11HardwareSPI8transferEh
                0x00001720        0xc ./RF24/HardwareSPI.o
                0x00001720                HardwareSPI::transfer(unsigned char)
 .text._ZN4RF243csnEb.part.0
                0x0000172c       0x18 ./RF24/RF24.o
 .text._ZN4RF2416beginTransactionEv
                0x00001744       0x18 ./RF24/RF24.o
                0x00001744                RF24::beginTransaction()
 .text._ZN4RF2413read_registerEhPhh
                0x0000175c       0x3c ./RF24/RF24.o
                0x0000175c                RF24::read_register(unsigned char, unsigned char*, unsigned char)
 .text._ZN4RF2413read_registerEh
                0x00001798       0x30 ./RF24/RF24.o
                0x00001798                RF24::read_register(unsigned char)
 .text._ZN4RF2414write_registerEhPKhh
                0x000017c8       0x40 ./RF24/RF24.o
                0x000017c8                RF24::write_register(unsigned char, unsigned char const*, unsigned char)
 .text._ZN4RF2414write_registerEhh
                0x00001808       0x34 ./RF24/RF24.o
                0x00001808                RF24::write_register(unsigned char, unsigned char)
 .text._ZN4RF2413write_payloadEPKvhh
                0x0000183c       0x64 ./RF24/RF24.o
                0x0000183c                RF24::write_payload(void const*, unsigned char, unsigned char)
 .text._ZN4RF2412read_payloadEPvh
                0x000018a0       0x64 ./RF24/RF24.o
                0x000018a0                RF24::read_payload(void*, unsigned char)
 .text._ZN4RF248spiTransEh
                0x00001904       0x24 ./RF24/RF24.o
                0x00001904                RF24::spiTrans(unsigned char)
 .text._ZN4RF248flush_rxEv
                0x00001928        0x6 ./RF24/RF24.o
                0x00001928                RF24::flush_rx()
 .text._ZN4RF248flush_txEv
                0x0000192e        0x6 ./RF24/RF24.o
                0x0000192e                RF24::flush_tx()
 .text._ZN4RF2410get_statusEv
                0x00001934        0x6 ./RF24/RF24.o
                0x00001934                RF24::get_status()
 *fill*         0x0000193a        0x2 
 .text._ZN4RF2412print_statusEh
                0x0000193c       0x2c ./RF24/RF24.o
                0x0000193c                RF24::print_status(unsigned char)
 .text._ZN4RF2419print_byte_registerEPKchh
                0x00001968       0x44 ./RF24/RF24.o
                0x00001968                RF24::print_byte_register(char const*, unsigned char, unsigned char)
 .text._ZN4RF2422print_address_registerEPKchh
                0x000019ac       0x7c ./RF24/RF24.o
                0x000019ac                RF24::print_address_register(char const*, unsigned char, unsigned char)
 .text._ZN4RF24C2E17GPIO_Port_TypeDeftS0_t
                0x00001a28       0x1c ./RF24/RF24.o
                0x00001a28                RF24::RF24(GPIO_Port_TypeDef, unsigned short, GPIO_Port_TypeDef, unsigned short)
                0x00001a28                RF24::RF24(GPIO_Port_TypeDef, unsigned short, GPIO_Port_TypeDef, unsigned short)
 .text._ZN4RF2410setChannelEh
                0x00001a44        0xe ./RF24/RF24.o
                0x00001a44                RF24::setChannel(unsigned char)
 *fill*         0x00001a52        0x2 
 .text._ZN4RF2413stopListeningEv
                0x00001a54       0x6c ./RF24/RF24.o
                0x00001a54                RF24::stopListening()
 .text._ZN4RF249powerDownEv
                0x00001ac0       0x30 ./RF24/RF24.o
                0x00001ac0                RF24::powerDown()
 .text._ZN4RF247powerUpEv
                0x00001af0       0x2c ./RF24/RF24.o
                0x00001af0                RF24::powerUp()
 .text._ZN4RF2413powerUpNoWaitEv
                0x00001b1c       0x28 ./RF24/RF24.o
                0x00001b1c                RF24::powerUpNoWait()
 .text._ZN4RF2414isPowerUpReadyEv
                0x00001b44       0x16 ./RF24/RF24.o
                0x00001b44                RF24::isPowerUpReady()
 .text._ZN4RF2414startFastWriteEPKvhbb
                0x00001b5a       0x2e ./RF24/RF24.o
                0x00001b5a                RF24::startFastWrite(void const*, unsigned char, bool, bool)
 .text._ZN4RF245writeEPKvhb
                0x00001b88       0x4c ./RF24/RF24.o
                0x00001b88                RF24::write(void const*, unsigned char, bool)
 .text._ZN4RF245writeEPKvh
                0x00001bd4        0x6 ./RF24/RF24.o
                0x00001bd4                RF24::write(void const*, unsigned char)
 .text._ZN4RF249availableEPh
                0x00001bda       0x28 ./RF24/RF24.o
                0x00001bda                RF24::available(unsigned char*)
 .text._ZN4RF249availableEv
                0x00001c02        0x6 ./RF24/RF24.o
                0x00001c02                RF24::available()
 .text._ZN4RF244readEPvh
                0x00001c08       0x16 ./RF24/RF24.o
                0x00001c08                RF24::read(void*, unsigned char)
 .text._ZN4RF2415openWritingPipeEy
                0x00001c1e       0x2e ./RF24/RF24.o
                0x00001c1e                RF24::openWritingPipe(unsigned long long)
 .text._ZN4RF2415openReadingPipeEhy
                0x00001c4c       0x70 ./RF24/RF24.o
                0x00001c4c                RF24::openReadingPipe(unsigned char, unsigned long long)
 .text._ZN4RF2415setAddressWidthEh
                0x00001cbc       0x2a ./RF24/RF24.o
                0x00001cbc                RF24::setAddressWidth(unsigned char)
 *fill*         0x00001ce6        0x2 
 .text._ZN4RF2416closeReadingPipeEh
                0x00001ce8       0x2c ./RF24/RF24.o
                0x00001ce8                RF24::closeReadingPipe(unsigned char)
 .text._ZN4RF2414startListeningEv
                0x00001d14       0x74 ./RF24/RF24.o
                0x00001d14                RF24::startListening()
 .text._ZN4RF2410setAutoAckEb
                0x00001d88        0xc ./RF24/RF24.o
                0x00001d88                RF24::setAutoAck(bool)
 .text._ZN4RF2410setPALevelEh
                0x00001d94       0x2e ./RF24/RF24.o
                0x00001d94                RF24::setPALevel(unsigned char)
 .text._ZN4RF2410getPALevelEv
                0x00001dc2        0xe ./RF24/RF24.o
                0x00001dc2                RF24::getPALevel()
 .text._ZN4RF2411setDataRateE15rf24_datarate_e
                0x00001dd0       0x46 ./RF24/RF24.o
                0x00001dd0                RF24::setDataRate(rf24_datarate_e)
 .text._ZN4RF2411getDataRateEv
                0x00001e16       0x1e ./RF24/RF24.o
                0x00001e16                RF24::getDataRate()
 .text._ZN4RF2412setCRCLengthE16rf24_crclength_e
                0x00001e34       0x2a ./RF24/RF24.o
                0x00001e34                RF24::setCRCLength(rf24_crclength_e)
 .text._ZN4RF2412getCRCLengthEv
                0x00001e5e       0x26 ./RF24/RF24.o
                0x00001e5e                RF24::getCRCLength()
 .text._ZN4RF2412printDetailsEv
                0x00001e84      0x120 ./RF24/RF24.o
                0x00001e84                RF24::printDetails()
 .text._ZN4RF2410setRetriesEhh
                0x00001fa4       0x10 ./RF24/RF24.o
                0x00001fa4                RF24::setRetries(unsigned char, unsigned char)
 .text.USTIMER_Init
                0x00001fb4       0xe0 ./RF24/ustimer.o
                0x00001fb4                USTIMER_Init
 .text.USTIMER_DelayIntSafe
                0x00002094       0x94 ./RF24/ustimer.o
                0x00002094                USTIMER_DelayIntSafe
 .text.TIMER0_IRQHandler
                0x00002128       0x20 ./RF24/ustimer.o
                0x00002128                TIMER0_IRQHandler
 .text._Z11prepareRF24v
                0x00002148       0x84 ./RF24/utilities.o
                0x00002148                prepareRF24()
 .text._Z12prepare_uartv
                0x000021cc        0x2 ./RF24/utilities.o
                0x000021cc                prepare_uart()
 *fill*         0x000021ce        0x2 
 .text._Z13prepareClocksv
                0x000021d0       0x64 ./RF24/utilities.o
                0x000021d0                prepareClocks()
 .text._Z11prepareGPIOv
                0x00002234       0x28 ./RF24/utilities.o
                0x00002234                prepareGPIO()
 .text._Z17delayMicrosecondsm
                0x0000225c        0x4 ./RF24/utilities.o
                0x0000225c                delayMicroseconds(unsigned long)
 .text._Z6millisv
                0x00002260        0xc ./RF24/utilities.o
                0x00002260                millis()
 .text.SysTick_Handler
                0x0000226c       0x10 ./RF24/utilities.o
                0x0000226c                SysTick_Handler
 .text._Z5delaym
                0x0000227c       0x14 ./RF24/utilities.o
                0x0000227c                delay(unsigned long)
 .text._Z5printPKcz
                0x00002290        0x6 ./RF24/utilities.o
                0x00002290                print(char const*, ...)
 .text._Z7printlnPKcz
                0x00002296        0x6 ./RF24/utilities.o
                0x00002296                println(char const*, ...)
 .text._Z13prepare_sleepv
                0x0000229c        0xc ./RF24/utilities.o
                0x0000229c                prepare_sleep()
 .text._Z14prepare_wakeupv
                0x000022a8        0xc ./RF24/utilities.o
                0x000022a8                prepare_wakeup()
 .text._Z15transmit_packetPvh
                0x000022b4       0x30 ./RF24/utilities.o
                0x000022b4                transmit_packet(void*, unsigned char)
 .text._Z14receive_packetPvh
                0x000022e4       0x4c ./RF24/utilities.o
                0x000022e4                receive_packet(void*, unsigned char)
 .text._Z17reconfigure_radioP16provision_packet
                0x00002330       0x28 ./RF24/utilities.o
                0x00002330                reconfigure_radio(provision_packet*)
 .text.startup._GLOBAL__sub_I__SPI
                0x00002358       0x38 ./RF24/utilities.o
 .text._Z35bmp280_compensate_temperature_int32l
                0x00002390       0x38 ./Drivers/BMP280.o
                0x00002390                bmp280_compensate_temperature_int32(long)
 .text._Z32bmp280_compensate_pressure_int32l
                0x000023c8       0xa8 ./Drivers/BMP280.o
                0x000023c8                bmp280_compensate_pressure_int32(long)
 .text._Z39bmp280_read_uncomp_pressure_temperaturePlS_
                0x00002470       0x60 ./Drivers/BMP280.o
                0x00002470                bmp280_read_uncomp_pressure_temperature(long*, long*)
 .text._Z32bmp280_read_pressure_temperaturePmPl
                0x000024d0       0x3c ./Drivers/BMP280.o
                0x000024d0                bmp280_read_pressure_temperature(unsigned long*, long*)
 .text._Z22bmp280_get_calib_paramv
                0x0000250c       0xdc ./Drivers/BMP280.o
                0x0000250c                bmp280_get_calib_param()
 .text._Z11bmp280_initP8bmp280_t
                0x000025e8       0x58 ./Drivers/BMP280.o
                0x000025e8                bmp280_init(bmp280_t*)
 .text._Z31bmp280_set_oversamp_temperatureh
                0x00002640       0x54 ./Drivers/BMP280.o
                0x00002640                bmp280_set_oversamp_temperature(unsigned char)
 .text._Z21bmp280_set_power_modeh
                0x00002694       0x40 ./Drivers/BMP280.o
                0x00002694                bmp280_set_power_mode(unsigned char)
 .text._Z17bmp280_set_filterh
                0x000026d4       0x54 ./Drivers/BMP280.o
                0x000026d4                bmp280_set_filter(unsigned char)
 .text._Z20bmp280_set_work_modeh
                0x00002728       0xa8 ./Drivers/BMP280.o
                0x00002728                bmp280_set_work_mode(unsigned char)
 .text.I2CSPM_Init
                0x000027d0       0xa8 ./Drivers/i2cspm.o
                0x000027d0                I2CSPM_Init
 .text.I2CSPM_Transfer
                0x00002878       0x24 ./Drivers/i2cspm.o
                0x00002878                I2CSPM_Transfer
 .text.checkAllTimers
                0x0000289c       0xa0 ./Drivers/rtcdriver.o
 .text.executeTimerCallbacks
                0x0000293c       0x24 ./Drivers/rtcdriver.o
 .text.rescheduleRtc
                0x00002960       0x94 ./Drivers/rtcdriver.o
 .text.RTCDRV_AllocateTimer
                0x000029f4       0x40 ./Drivers/rtcdriver.o
                0x000029f4                RTCDRV_AllocateTimer
 .text.RTCDRV_Init
                0x00002a34       0x98 ./Drivers/rtcdriver.o
                0x00002a34                RTCDRV_Init
 .text.RTCDRV_StartTimer
                0x00002acc      0x1e0 ./Drivers/rtcdriver.o
                0x00002acc                RTCDRV_StartTimer
 .text.RTCDRV_StopTimer
                0x00002cac       0x40 ./Drivers/rtcdriver.o
                0x00002cac                RTCDRV_StopTimer
 .text.RTC_IRQHandler
                0x00002cec       0x90 ./Drivers/rtcdriver.o
                0x00002cec                RTC_IRQHandler
 .text.Si7013_Measure
                0x00002d7c       0x4e ./Drivers/si7013.o
 .text.Si7013_MeasureRHAndTemp
                0x00002dca       0x52 ./Drivers/si7013.o
                0x00002dca                Si7013_MeasureRHAndTemp
 .text.Si7013_Detect
                0x00002e1c       0x4c ./Drivers/si7013.o
                0x00002e1c                Si7013_Detect
 .text.enterEMx
                0x00002e68       0x58 ./Drivers/sleep.o
 .text.SLEEP_Init
                0x00002ec0       0x38 ./Drivers/sleep.o
                0x00002ec0                SLEEP_Init
 .text.SLEEP_SleepBlockBegin
                0x00002ef8       0x28 ./Drivers/sleep.o
                0x00002ef8                SLEEP_SleepBlockBegin
 .text.SLEEP_LowestEnergyModeGet
                0x00002f20       0x1c ./Drivers/sleep.o
                0x00002f20                SLEEP_LowestEnergyModeGet
 .text.SLEEP_Sleep
                0x00002f3c       0x28 ./Drivers/sleep.o
                0x00002f3c                SLEEP_Sleep
 .text          0x00002f64       0x30 ./CMSIS/EFM32GG/startup_efm32gg.o
                0x00002f64                Reset_Handler
                0x00002f90                DebugMon_Handler
                0x00002f90                USART0_TX_IRQHandler
                0x00002f90                I2C0_IRQHandler
                0x00002f90                HardFault_Handler
                0x00002f90                LEUART1_IRQHandler
                0x00002f90                USART1_RX_IRQHandler
                0x00002f90                PendSV_Handler
                0x00002f90                NMI_Handler
                0x00002f90                I2C1_IRQHandler
                0x00002f90                TIMER3_IRQHandler
                0x00002f90                USART1_TX_IRQHandler
                0x00002f90                MSC_IRQHandler
                0x00002f90                ADC0_IRQHandler
                0x00002f90                UsageFault_Handler
                0x00002f90                LEUART0_IRQHandler
                0x00002f90                GPIO_EVEN_IRQHandler
                0x00002f90                UART0_TX_IRQHandler
                0x00002f90                UART1_TX_IRQHandler
                0x00002f90                TIMER2_IRQHandler
                0x00002f90                LCD_IRQHandler
                0x00002f90                PCNT2_IRQHandler
                0x00002f90                UART0_RX_IRQHandler
                0x00002f90                LETIMER0_IRQHandler
                0x00002f90                TIMER1_IRQHandler
                0x00002f90                USART2_RX_IRQHandler
                0x00002f90                Default_Handler
                0x00002f90                EMU_IRQHandler
                0x00002f90                PCNT0_IRQHandler
                0x00002f90                USB_IRQHandler
                0x00002f90                BURTC_IRQHandler
                0x00002f90                PCNT1_IRQHandler
                0x00002f90                ACMP0_IRQHandler
                0x00002f90                USART0_RX_IRQHandler
                0x00002f90                MemManage_Handler
                0x00002f90                SVC_Handler
                0x00002f90                DAC0_IRQHandler
                0x00002f90                UART1_RX_IRQHandler
                0x00002f90                CMU_IRQHandler
                0x00002f90                EBI_IRQHandler
                0x00002f90                LESENSE_IRQHandler
                0x00002f90                GPIO_ODD_IRQHandler
                0x00002f90                AES_IRQHandler
                0x00002f90                VCMP_IRQHandler
                0x00002f90                BusFault_Handler
                0x00002f90                USART2_TX_IRQHandler
 .text.SystemMaxCoreClockGet
                0x00002f94        0x8 ./CMSIS/EFM32GG/system_efm32gg.o
                0x00002f94                SystemMaxCoreClockGet
 .text.SystemHFClockGet
                0x00002f9c       0xc0 ./CMSIS/EFM32GG/system_efm32gg.o
                0x00002f9c                SystemHFClockGet
 .text.SystemCoreClockGet
                0x0000305c       0x20 ./CMSIS/EFM32GG/system_efm32gg.o
                0x0000305c                SystemCoreClockGet
 .text.SystemHFXOClockGet
                0x0000307c        0xc ./CMSIS/EFM32GG/system_efm32gg.o
                0x0000307c                SystemHFXOClockGet
 .text.SystemInit
                0x00003088        0x2 ./CMSIS/EFM32GG/system_efm32gg.o
                0x00003088                SystemInit
 .text.SystemLFRCOClockGet
                0x0000308a        0x6 ./CMSIS/EFM32GG/system_efm32gg.o
                0x0000308a                SystemLFRCOClockGet
 .text.SystemULFRCOClockGet
                0x00003090        0x6 ./CMSIS/EFM32GG/system_efm32gg.o
                0x00003090                SystemULFRCOClockGet
 *fill*         0x00003096        0x2 
 .text.SystemLFXOClockGet
                0x00003098        0xc ./CMSIS/EFM32GG/system_efm32gg.o
                0x00003098                SystemLFXOClockGet
 .text          0x000030a4       0x30 t:/siliconlabs/simplicitystudio/v4/developer/toolchains/gnu_arm/4.9_2015q3/bin/../lib/gcc/arm-none-eabi/4.9.3/armv7-m\libgcc.a(_aeabi_uldivmod.o)
                0x000030a4                __aeabi_uldivmod
 .text          0x000030d4       0x60 t:/siliconlabs/simplicitystudio/v4/developer/toolchains/gnu_arm/4.9_2015q3/bin/../lib/gcc/arm-none-eabi/4.9.3/armv7-m\libgcc.a(bpabi.o)
                0x000030d4                __gnu_ldivmod_helper
                0x00003104                __gnu_uldivmod_helper
 .text          0x00003134      0xa54 t:/siliconlabs/simplicitystudio/v4/developer/toolchains/gnu_arm/4.9_2015q3/bin/../lib/gcc/arm-none-eabi/4.9.3/armv7-m\libgcc.a(unwind-arm.o)
                0x00003414                _Unwind_GetCFA
                0x00003418                __gnu_Unwind_RaiseException
                0x00003478                __gnu_Unwind_ForcedUnwind
                0x0000348c                __gnu_Unwind_Resume
                0x000034d0                __gnu_Unwind_Resume_or_Rethrow
                0x000034e4                _Unwind_Complete
                0x000034e8                _Unwind_DeleteException
                0x000034f4                _Unwind_VRS_Get
                0x00003544                _Unwind_VRS_Set
                0x00003594                __gnu_Unwind_Backtrace
                0x000038d8                __aeabi_unwind_cpp_pr0
                0x000038dc                __aeabi_unwind_cpp_pr1
                0x000038e0                __aeabi_unwind_cpp_pr2
                0x000038e4                _Unwind_VRS_Pop
 .text          0x00003b88      0x1ac t:/siliconlabs/simplicitystudio/v4/developer/toolchains/gnu_arm/4.9_2015q3/bin/../lib/gcc/arm-none-eabi/4.9.3/armv7-m\libgcc.a(libunwind.o)
                0x00003b88                __restore_core_regs
                0x00003b88                restore_core_regs
                0x00003ba0                __gnu_Unwind_Restore_VFP
                0x00003ba8                __gnu_Unwind_Save_VFP
                0x00003bb0                __gnu_Unwind_Restore_VFP_D
                0x00003bb8                __gnu_Unwind_Save_VFP_D
                0x00003bc0                __gnu_Unwind_Restore_VFP_D_16_to_31
                0x00003bc8                __gnu_Unwind_Save_VFP_D_16_to_31
                0x00003bd0                __gnu_Unwind_Restore_WMMXD
                0x00003c14                __gnu_Unwind_Save_WMMXD
                0x00003c58                __gnu_Unwind_Restore_WMMXC
                0x00003c6c                __gnu_Unwind_Save_WMMXC
                0x00003c80                ___Unwind_RaiseException
                0x00003c80                _Unwind_RaiseException
                0x00003ca4                _Unwind_Resume
                0x00003ca4                ___Unwind_Resume
                0x00003cc8                _Unwind_Resume_or_Rethrow
                0x00003cc8                ___Unwind_Resume_or_Rethrow
                0x00003cec                _Unwind_ForcedUnwind
                0x00003cec                ___Unwind_ForcedUnwind
                0x00003d10                ___Unwind_Backtrace
                0x00003d10                _Unwind_Backtrace
 .text          0x00003d34      0x37c t:/siliconlabs/simplicitystudio/v4/developer/toolchains/gnu_arm/4.9_2015q3/bin/../lib/gcc/arm-none-eabi/4.9.3/armv7-m\libgcc.a(pr-support.o)
                0x00003d8c                __gnu_unwind_execute
                0x00004058                __gnu_unwind_frame
                0x00004080                _Unwind_GetRegionStart
                0x0000408c                _Unwind_GetLanguageSpecificData
                0x000040a0                _Unwind_GetDataRelBase
                0x000040a8                _Unwind_GetTextRelBase
 .text          0x000040b0        0x4 t:/siliconlabs/simplicitystudio/v4/developer/toolchains/gnu_arm/4.9_2015q3/bin/../lib/gcc/arm-none-eabi/4.9.3/armv7-m\libgcc.a(_dvmd_tls.o)
                0x000040b0                __aeabi_idiv0
                0x000040b0                __aeabi_ldiv0
 .text          0x000040b4      0x2ac t:/siliconlabs/simplicitystudio/v4/developer/toolchains/gnu_arm/4.9_2015q3/bin/../lib/gcc/arm-none-eabi/4.9.3/armv7-m\libgcc.a(_divdi3.o)
                0x000040b4                __divdi3
 .text          0x00004360      0x270 t:/siliconlabs/simplicitystudio/v4/developer/toolchains/gnu_arm/4.9_2015q3/bin/../lib/gcc/arm-none-eabi/4.9.3/armv7-m\libgcc.a(_udivdi3.o)
                0x00004360                __udivdi3
 .text.__aeabi_atexit
                0x000045d0        0xa t:/siliconlabs/simplicitystudio/v4/developer/toolchains/gnu_arm/4.9_2015q3/bin/../lib/gcc/arm-none-eabi/4.9.3/../../../../arm-none-eabi/lib/armv7-m\libstdc++_nano.a(atexit_arm.o)
                0x000045d0                __aeabi_atexit
 .text._ZdlPv   0x000045da        0x4 t:/siliconlabs/simplicitystudio/v4/developer/toolchains/gnu_arm/4.9_2015q3/bin/../lib/gcc/arm-none-eabi/4.9.3/../../../../arm-none-eabi/lib/armv7-m\libstdc++_nano.a(del_op.o)
                0x000045da                operator delete(void*)
 .text._ZNK10__cxxabiv117__class_type_info11__do_upcastEPKS0_PPv
                0x000045de       0x34 t:/siliconlabs/simplicitystudio/v4/developer/toolchains/gnu_arm/4.9_2015q3/bin/../lib/gcc/arm-none-eabi/4.9.3/../../../../arm-none-eabi/lib/armv7-m\libstdc++_nano.a(class_type_info.o)
                0x000045de                __cxxabiv1::__class_type_info::__do_upcast(__cxxabiv1::__class_type_info const*, void**) const
 .text._ZNK10__cxxabiv117__class_type_info20__do_find_public_srcEiPKvPKS0_S2_
                0x00004612        0xc t:/siliconlabs/simplicitystudio/v4/developer/toolchains/gnu_arm/4.9_2015q3/bin/../lib/gcc/arm-none-eabi/4.9.3/../../../../arm-none-eabi/lib/armv7-m\libstdc++_nano.a(class_type_info.o)
                0x00004612                __cxxabiv1::__class_type_info::__do_find_public_src(int, void const*, __cxxabiv1::__class_type_info const*, void const*) const
 *fill*         0x0000461e        0x2 
 .text._ZN10__cxxabiv117__class_type_infoD2Ev
                0x00004620       0x14 t:/siliconlabs/simplicitystudio/v4/developer/toolchains/gnu_arm/4.9_2015q3/bin/../lib/gcc/arm-none-eabi/4.9.3/../../../../arm-none-eabi/lib/armv7-m\libstdc++_nano.a(class_type_info.o)
                0x00004620                __cxxabiv1::__class_type_info::~__class_type_info()
                0x00004620                __cxxabiv1::__class_type_info::~__class_type_info()
 .text._ZN10__cxxabiv117__class_type_infoD0Ev
                0x00004634       0x12 t:/siliconlabs/simplicitystudio/v4/developer/toolchains/gnu_arm/4.9_2015q3/bin/../lib/gcc/arm-none-eabi/4.9.3/../../../../arm-none-eabi/lib/armv7-m\libstdc++_nano.a(class_type_info.o)
                0x00004634                __cxxabiv1::__class_type_info::~__class_type_info()
 .text._ZNK10__cxxabiv117__class_type_info11__do_upcastEPKS0_PKvRNS0_15__upcast_resultE
                0x00004646       0x18 t:/siliconlabs/simplicitystudio/v4/developer/toolchains/gnu_arm/4.9_2015q3/bin/../lib/gcc/arm-none-eabi/4.9.3/../../../../arm-none-eabi/lib/armv7-m\libstdc++_nano.a(class_type_info.o)
                0x00004646                __cxxabiv1::__class_type_info::__do_upcast(__cxxabiv1::__class_type_info const*, void const*, __cxxabiv1::__class_type_info::__upcast_result&) const
 .text._ZNK10__cxxabiv117__class_type_info10__do_catchEPKSt9type_infoPPvj
                0x0000465e       0x2a t:/siliconlabs/simplicitystudio/v4/developer/toolchains/gnu_arm/4.9_2015q3/bin/../lib/gcc/arm-none-eabi/4.9.3/../../../../arm-none-eabi/lib/armv7-m\libstdc++_nano.a(class_type_info.o)
                0x0000465e                __cxxabiv1::__class_type_info::__do_catch(std::type_info const*, void**, unsigned int) const
 .text._ZNK10__cxxabiv117__class_type_info12__do_dyncastEiNS0_10__sub_kindEPKS0_PKvS3_S5_RNS0_16__dyncast_resultE
                0x00004688       0x38 t:/siliconlabs/simplicitystudio/v4/developer/toolchains/gnu_arm/4.9_2015q3/bin/../lib/gcc/arm-none-eabi/4.9.3/../../../../arm-none-eabi/lib/armv7-m\libstdc++_nano.a(class_type_info.o)
                0x00004688                __cxxabiv1::__class_type_info::__do_dyncast(int, __cxxabiv1::__class_type_info::__sub_kind, __cxxabiv1::__class_type_info const*, void const*, __cxxabiv1::__class_type_info const*, void const*, __cxxabiv1::__class_type_info::__dyncast_result&) const
 .text._ZN10__cxxabiv120__si_class_type_infoD2Ev
                0x000046c0       0x14 t:/siliconlabs/simplicitystudio/v4/developer/toolchains/gnu_arm/4.9_2015q3/bin/../lib/gcc/arm-none-eabi/4.9.3/../../../../arm-none-eabi/lib/armv7-m\libstdc++_nano.a(si_class_type_info.o)
                0x000046c0                __cxxabiv1::__si_class_type_info::~__si_class_type_info()
                0x000046c0                __cxxabiv1::__si_class_type_info::~__si_class_type_info()
 .text._ZN10__cxxabiv120__si_class_type_infoD0Ev
                0x000046d4       0x12 t:/siliconlabs/simplicitystudio/v4/developer/toolchains/gnu_arm/4.9_2015q3/bin/../lib/gcc/arm-none-eabi/4.9.3/../../../../arm-none-eabi/lib/armv7-m\libstdc++_nano.a(si_class_type_info.o)
                0x000046d4                __cxxabiv1::__si_class_type_info::~__si_class_type_info()
 .text._ZNK10__cxxabiv120__si_class_type_info20__do_find_public_srcEiPKvPKNS_17__class_type_infoES2_
                0x000046e6       0x38 t:/siliconlabs/simplicitystudio/v4/developer/toolchains/gnu_arm/4.9_2015q3/bin/../lib/gcc/arm-none-eabi/4.9.3/../../../../arm-none-eabi/lib/armv7-m\libstdc++_nano.a(si_class_type_info.o)
                0x000046e6                __cxxabiv1::__si_class_type_info::__do_find_public_src(int, void const*, __cxxabiv1::__class_type_info const*, void const*) const
 .text._ZNK10__cxxabiv120__si_class_type_info12__do_dyncastEiNS_17__class_type_info10__sub_kindEPKS1_PKvS4_S6_RNS1_16__dyncast_resultE
                0x0000471e       0x7c t:/siliconlabs/simplicitystudio/v4/developer/toolchains/gnu_arm/4.9_2015q3/bin/../lib/gcc/arm-none-eabi/4.9.3/../../../../arm-none-eabi/lib/armv7-m\libstdc++_nano.a(si_class_type_info.o)
                0x0000471e                __cxxabiv1::__si_class_type_info::__do_dyncast(int, __cxxabiv1::__class_type_info::__sub_kind, __cxxabiv1::__class_type_info const*, void const*, __cxxabiv1::__class_type_info const*, void const*, __cxxabiv1::__class_type_info::__dyncast_result&) const
 .text._ZNK10__cxxabiv120__si_class_type_info11__do_upcastEPKNS_17__class_type_infoEPKvRNS1_15__upcast_resultE
                0x0000479a       0x2a t:/siliconlabs/simplicitystudio/v4/developer/toolchains/gnu_arm/4.9_2015q3/bin/../lib/gcc/arm-none-eabi/4.9.3/../../../../arm-none-eabi/lib/armv7-m\libstdc++_nano.a(si_class_type_info.o)
                0x0000479a                __cxxabiv1::__si_class_type_info::__do_upcast(__cxxabiv1::__class_type_info const*, void const*, __cxxabiv1::__class_type_info::__upcast_result&) const
 .text._ZNSt9type_infoD2Ev
                0x000047c4        0x2 t:/siliconlabs/simplicitystudio/v4/developer/toolchains/gnu_arm/4.9_2015q3/bin/../lib/gcc/arm-none-eabi/4.9.3/../../../../arm-none-eabi/lib/armv7-m\libstdc++_nano.a(tinfo.o)
                0x000047c4                std::type_info::~type_info()
                0x000047c4                std::type_info::~type_info()
 .text._ZNKSt9type_info14__is_pointer_pEv
                0x000047c6        0x4 t:/siliconlabs/simplicitystudio/v4/developer/toolchains/gnu_arm/4.9_2015q3/bin/../lib/gcc/arm-none-eabi/4.9.3/../../../../arm-none-eabi/lib/armv7-m\libstdc++_nano.a(tinfo.o)
                0x000047c6                std::type_info::__is_pointer_p() const
 .text._ZNKSt9type_info15__is_function_pEv
                0x000047ca        0x4 t:/siliconlabs/simplicitystudio/v4/developer/toolchains/gnu_arm/4.9_2015q3/bin/../lib/gcc/arm-none-eabi/4.9.3/../../../../arm-none-eabi/lib/armv7-m\libstdc++_nano.a(tinfo.o)
                0x000047ca                std::type_info::__is_function_p() const
 .text._ZNKSt9type_infoeqERKS_
                0x000047ce       0x2c t:/siliconlabs/simplicitystudio/v4/developer/toolchains/gnu_arm/4.9_2015q3/bin/../lib/gcc/arm-none-eabi/4.9.3/../../../../arm-none-eabi/lib/armv7-m\libstdc++_nano.a(tinfo.o)
                0x000047ce                std::type_info::operator==(std::type_info const&) const
 .text.abort    0x000047fa        0xe t:/siliconlabs/simplicitystudio/v4/developer/toolchains/gnu_arm/4.9_2015q3/bin/../lib/gcc/arm-none-eabi/4.9.3/../../../../arm-none-eabi/lib/armv7-m\libc_nano.a(lib_a-abort.o)
                0x000047fa                abort
 .text.__cxa_atexit
                0x00004808       0x1c t:/siliconlabs/simplicitystudio/v4/developer/toolchains/gnu_arm/4.9_2015q3/bin/../lib/gcc/arm-none-eabi/4.9.3/../../../../arm-none-eabi/lib/armv7-m\libc_nano.a(lib_a-cxa_atexit.o)
                0x00004808                __cxa_atexit
 .text.exit     0x00004824       0x28 t:/siliconlabs/simplicitystudio/v4/developer/toolchains/gnu_arm/4.9_2015q3/bin/../lib/gcc/arm-none-eabi/4.9.3/../../../../arm-none-eabi/lib/armv7-m\libc_nano.a(lib_a-exit.o)
                0x00004824                exit
 .text.__libc_init_array
                0x0000484c       0x4c t:/siliconlabs/simplicitystudio/v4/developer/toolchains/gnu_arm/4.9_2015q3/bin/../lib/gcc/arm-none-eabi/4.9.3/../../../../arm-none-eabi/lib/armv7-m\libc_nano.a(lib_a-init.o)
                0x0000484c                __libc_init_array
 .text.free     0x00004898       0x10 t:/siliconlabs/simplicitystudio/v4/developer/toolchains/gnu_arm/4.9_2015q3/bin/../lib/gcc/arm-none-eabi/4.9.3/../../../../arm-none-eabi/lib/armv7-m\libc_nano.a(lib_a-malloc.o)
                0x00004898                free
 .text.memcpy   0x000048a8       0x16 t:/siliconlabs/simplicitystudio/v4/developer/toolchains/gnu_arm/4.9_2015q3/bin/../lib/gcc/arm-none-eabi/4.9.3/../../../../arm-none-eabi/lib/armv7-m\libc_nano.a(lib_a-memcpy.o)
                0x000048a8                memcpy
 .text.memset   0x000048be       0x10 t:/siliconlabs/simplicitystudio/v4/developer/toolchains/gnu_arm/4.9_2015q3/bin/../lib/gcc/arm-none-eabi/4.9.3/../../../../arm-none-eabi/lib/armv7-m\libc_nano.a(lib_a-memset.o)
                0x000048be                memset
 *fill*         0x000048ce        0x2 
 .text._free_r  0x000048d0       0x88 t:/siliconlabs/simplicitystudio/v4/developer/toolchains/gnu_arm/4.9_2015q3/bin/../lib/gcc/arm-none-eabi/4.9.3/../../../../arm-none-eabi/lib/armv7-m\libc_nano.a(lib_a-nano-freer.o)
                0x000048d0                _free_r
 .text._raise_r
                0x00004958       0x50 t:/siliconlabs/simplicitystudio/v4/developer/toolchains/gnu_arm/4.9_2015q3/bin/../lib/gcc/arm-none-eabi/4.9.3/../../../../arm-none-eabi/lib/armv7-m\libc_nano.a(lib_a-signal.o)
                0x00004958                _raise_r
 .text.raise    0x000049a8       0x10 t:/siliconlabs/simplicitystudio/v4/developer/toolchains/gnu_arm/4.9_2015q3/bin/../lib/gcc/arm-none-eabi/4.9.3/../../../../arm-none-eabi/lib/armv7-m\libc_nano.a(lib_a-signal.o)
                0x000049a8                raise
 .text._kill_r  0x000049b8       0x24 t:/siliconlabs/simplicitystudio/v4/developer/toolchains/gnu_arm/4.9_2015q3/bin/../lib/gcc/arm-none-eabi/4.9.3/../../../../arm-none-eabi/lib/armv7-m\libc_nano.a(lib_a-signalr.o)
                0x000049b8                _kill_r
 .text._getpid_r
                0x000049dc        0x4 t:/siliconlabs/simplicitystudio/v4/developer/toolchains/gnu_arm/4.9_2015q3/bin/../lib/gcc/arm-none-eabi/4.9.3/../../../../arm-none-eabi/lib/armv7-m\libc_nano.a(lib_a-signalr.o)
                0x000049dc                _getpid_r
 .text          0x000049e0       0x14 t:/siliconlabs/simplicitystudio/v4/developer/toolchains/gnu_arm/4.9_2015q3/bin/../lib/gcc/arm-none-eabi/4.9.3/../../../../arm-none-eabi/lib/armv7-m\libc_nano.a(lib_a-strcmp.o)
                0x000049e0                strcmp
 .text._getpid  0x000049f4       0x10 t:/siliconlabs/simplicitystudio/v4/developer/toolchains/gnu_arm/4.9_2015q3/bin/../lib/gcc/arm-none-eabi/4.9.3/../../../../arm-none-eabi/lib/armv7-m\libnosys.a(getpid.o)
                0x000049f4                _getpid
 .text._kill    0x00004a04       0x10 t:/siliconlabs/simplicitystudio/v4/developer/toolchains/gnu_arm/4.9_2015q3/bin/../lib/gcc/arm-none-eabi/4.9.3/../../../../arm-none-eabi/lib/armv7-m\libnosys.a(kill.o)
                0x00004a04                _kill
 .text._exit    0x00004a14        0x4 t:/siliconlabs/simplicitystudio/v4/developer/toolchains/gnu_arm/4.9_2015q3/bin/../lib/gcc/arm-none-eabi/4.9.3/../../../../arm-none-eabi/lib/armv7-m\libnosys.a(_exit.o)
                0x00004a14                _exit
 *(.init)
 .init          0x00004a18        0x4 t:/siliconlabs/simplicitystudio/v4/developer/toolchains/gnu_arm/4.9_2015q3/bin/../lib/gcc/arm-none-eabi/4.9.3/armv7-m/crti.o
                0x00004a18                _init
 .init          0x00004a1c        0x8 t:/siliconlabs/simplicitystudio/v4/developer/toolchains/gnu_arm/4.9_2015q3/bin/../lib/gcc/arm-none-eabi/4.9.3/armv7-m/crtn.o
 *(.fini)
 .fini          0x00004a24        0x4 t:/siliconlabs/simplicitystudio/v4/developer/toolchains/gnu_arm/4.9_2015q3/bin/../lib/gcc/arm-none-eabi/4.9.3/armv7-m/crti.o
                0x00004a24                _fini
 .fini          0x00004a28        0x8 t:/siliconlabs/simplicitystudio/v4/developer/toolchains/gnu_arm/4.9_2015q3/bin/../lib/gcc/arm-none-eabi/4.9.3/armv7-m/crtn.o
 *crtbegin.o(.ctors)
 *crtbegin?.o(.ctors)
 *(EXCLUDE_FILE(*crtend.o *crtend?.o) .ctors)
 *(SORT(.ctors.*))
 *(.ctors)
 *crtbegin.o(.dtors)
 *crtbegin?.o(.dtors)
 *(EXCLUDE_FILE(*crtend.o *crtend?.o) .dtors)
 *(SORT(.dtors.*))
 *(.dtors)
 *(.rodata*)
 .rodata        0x00004a30       0x24 ./src/main.o
 .rodata.str1.1
                0x00004a54       0xa0 ./src/main.o
 .rodata.i2cNSum
                0x00004af4        0x4 ./emlib/em_i2c.o
 .rodata.resetCauseMasks
                0x00004af8       0x80 ./emlib/em_rmu.o
 .rodata        0x00004b78       0x18 ./RF24/HardwareSPI.o
 .rodata._ZTV11HardwareSPI
                0x00004b90       0x10 ./RF24/HardwareSPI.o
                0x00004b90                vtable for HardwareSPI
 .rodata._ZTS11HardwareSPI
                0x00004ba0        0xe ./RF24/HardwareSPI.o
                0x00004ba0                typeinfo name for HardwareSPI
 *fill*         0x00004bae        0x2 
 .rodata._ZTI11HardwareSPI
                0x00004bb0        0x8 ./RF24/HardwareSPI.o
                0x00004bb0                typeinfo for HardwareSPI
 .rodata._ZL22rf24_crclength_e_str_0
                0x00004bb8        0x9 ./RF24/RF24.o
 *fill*         0x00004bc1        0x3 
 .rodata._ZL22rf24_crclength_e_str_P
                0x00004bc4        0xc ./RF24/RF24.o
 .rodata._ZL19rf24_pa_dbm_e_str_0
                0x00004bd0        0x7 ./RF24/RF24.o
 .rodata._ZL18child_payload_size
                0x00004bd7        0x6 ./RF24/RF24.o
 .rodata._ZL19rf24_pa_dbm_e_str_2
                0x00004bdd        0x8 ./RF24/RF24.o
 .rodata._ZL19rf24_pa_dbm_e_str_3
                0x00004be5        0x7 ./RF24/RF24.o
 .rodata._ZL19rf24_pa_dbm_e_str_1
                0x00004bec        0x7 ./RF24/RF24.o
 .rodata._ZL21rf24_datarate_e_str_0
                0x00004bf3        0x6 ./RF24/RF24.o
 *fill*         0x00004bf9        0x3 
 .rodata._ZL19rf24_pa_dbm_e_str_P
                0x00004bfc       0x10 ./RF24/RF24.o
 .rodata._ZL21rf24_datarate_e_str_1
                0x00004c0c        0x6 ./RF24/RF24.o
 .rodata._ZL21rf24_datarate_e_str_2
                0x00004c12        0x8 ./RF24/RF24.o
 *fill*         0x00004c1a        0x2 
 .rodata._ZL21rf24_datarate_e_str_P
                0x00004c1c        0xc ./RF24/RF24.o
 .rodata._ZL10child_pipe
                0x00004c28        0x6 ./RF24/RF24.o
 .rodata.str1.1
                0x00004c2e      0x12c ./RF24/RF24.o
                                0x134 (size before relaxing)
 .rodata._ZL18rf24_model_e_str_1
                0x00004d5a        0xa ./RF24/RF24.o
 .rodata._ZL22rf24_crclength_e_str_1
                0x00004d64        0x7 ./RF24/RF24.o
 .rodata._ZL22rf24_crclength_e_str_2
                0x00004d6b        0x8 ./RF24/RF24.o
 .rodata._ZL18rf24_model_e_str_0
                0x00004d73        0x9 ./RF24/RF24.o
 .rodata._ZL18rf24_model_e_str_P
                0x00004d7c        0x8 ./RF24/RF24.o
 .rodata._ZL17child_pipe_enable
                0x00004d84        0x6 ./RF24/RF24.o
 .rodata.initRTC
                0x00004d8a        0x3 ./Drivers/rtcdriver.o
 *fill*         0x00004d8d        0x3 
 .rodata._ZTVN10__cxxabiv117__class_type_infoE
                0x00004d90       0x2c t:/siliconlabs/simplicitystudio/v4/developer/toolchains/gnu_arm/4.9_2015q3/bin/../lib/gcc/arm-none-eabi/4.9.3/../../../../arm-none-eabi/lib/armv7-m\libstdc++_nano.a(class_type_info.o)
                0x00004d90                vtable for __cxxabiv1::__class_type_info
 .rodata._ZTIN10__cxxabiv117__class_type_infoE
                0x00004dbc        0xc t:/siliconlabs/simplicitystudio/v4/developer/toolchains/gnu_arm/4.9_2015q3/bin/../lib/gcc/arm-none-eabi/4.9.3/../../../../arm-none-eabi/lib/armv7-m\libstdc++_nano.a(class_type_info.o)
                0x00004dbc                typeinfo for __cxxabiv1::__class_type_info
 .rodata._ZTSN10__cxxabiv117__class_type_infoE
                0x00004dc8       0x22 t:/siliconlabs/simplicitystudio/v4/developer/toolchains/gnu_arm/4.9_2015q3/bin/../lib/gcc/arm-none-eabi/4.9.3/../../../../arm-none-eabi/lib/armv7-m\libstdc++_nano.a(class_type_info.o)
                0x00004dc8                typeinfo name for __cxxabiv1::__class_type_info
 *fill*         0x00004dea        0x6 
 .rodata._ZTVN10__cxxabiv120__si_class_type_infoE
                0x00004df0       0x2c t:/siliconlabs/simplicitystudio/v4/developer/toolchains/gnu_arm/4.9_2015q3/bin/../lib/gcc/arm-none-eabi/4.9.3/../../../../arm-none-eabi/lib/armv7-m\libstdc++_nano.a(si_class_type_info.o)
                0x00004df0                vtable for __cxxabiv1::__si_class_type_info
 .rodata._ZTIN10__cxxabiv120__si_class_type_infoE
                0x00004e1c        0xc t:/siliconlabs/simplicitystudio/v4/developer/toolchains/gnu_arm/4.9_2015q3/bin/../lib/gcc/arm-none-eabi/4.9.3/../../../../arm-none-eabi/lib/armv7-m\libstdc++_nano.a(si_class_type_info.o)
                0x00004e1c                typeinfo for __cxxabiv1::__si_class_type_info
 .rodata._ZTSN10__cxxabiv120__si_class_type_infoE
                0x00004e28       0x25 t:/siliconlabs/simplicitystudio/v4/developer/toolchains/gnu_arm/4.9_2015q3/bin/../lib/gcc/arm-none-eabi/4.9.3/../../../../arm-none-eabi/lib/armv7-m\libstdc++_nano.a(si_class_type_info.o)
                0x00004e28                typeinfo name for __cxxabiv1::__si_class_type_info
 *fill*         0x00004e4d        0x3 
 .rodata._ZTISt9type_info
                0x00004e50        0x8 t:/siliconlabs/simplicitystudio/v4/developer/toolchains/gnu_arm/4.9_2015q3/bin/../lib/gcc/arm-none-eabi/4.9.3/../../../../arm-none-eabi/lib/armv7-m\libstdc++_nano.a(tinfo.o)
                0x00004e50                typeinfo for std::type_info
 .rodata._ZTSSt9type_info
                0x00004e58        0xd t:/siliconlabs/simplicitystudio/v4/developer/toolchains/gnu_arm/4.9_2015q3/bin/../lib/gcc/arm-none-eabi/4.9.3/../../../../arm-none-eabi/lib/armv7-m\libstdc++_nano.a(tinfo.o)
                0x00004e58                typeinfo name for std::type_info
 .rodata.str1.1
                0x00004e65        0x2 t:/siliconlabs/simplicitystudio/v4/developer/toolchains/gnu_arm/4.9_2015q3/bin/../lib/gcc/arm-none-eabi/4.9.3/../../../../arm-none-eabi/lib/armv7-m\libc_nano.a(lib_a-impure.o)
 *fill*         0x00004e67        0x1 
 .rodata._global_impure_ptr
                0x00004e68        0x4 t:/siliconlabs/simplicitystudio/v4/developer/toolchains/gnu_arm/4.9_2015q3/bin/../lib/gcc/arm-none-eabi/4.9.3/../../../../arm-none-eabi/lib/armv7-m\libc_nano.a(lib_a-impure.o)
                0x00004e68                _global_impure_ptr
 *(.eh_frame*)
 .eh_frame      0x00004e6c        0x0 t:/siliconlabs/simplicitystudio/v4/developer/toolchains/gnu_arm/4.9_2015q3/bin/../lib/gcc/arm-none-eabi/4.9.3/armv7-m/crtbegin.o
 .eh_frame      0x00004e6c       0x28 t:/siliconlabs/simplicitystudio/v4/developer/toolchains/gnu_arm/4.9_2015q3/bin/../lib/gcc/arm-none-eabi/4.9.3/../../../../arm-none-eabi/lib/armv7-m\libc_nano.a(lib_a-strcmp.o)
 .eh_frame      0x00004e94        0x4 t:/siliconlabs/simplicitystudio/v4/developer/toolchains/gnu_arm/4.9_2015q3/bin/../lib/gcc/arm-none-eabi/4.9.3/armv7-m/crtend.o

.glue_7         0x00004e98        0x0
 .glue_7        0x00000000        0x0 linker stubs

.glue_7t        0x00004e98        0x0
 .glue_7t       0x00000000        0x0 linker stubs

.vfp11_veneer   0x00004e98        0x0
 .vfp11_veneer  0x00000000        0x0 linker stubs

.v4_bx          0x00004e98        0x0
 .v4_bx         0x00000000        0x0 linker stubs

.iplt           0x00004e98        0x0
 .iplt          0x00000000        0x0 t:/siliconlabs/simplicitystudio/v4/developer/toolchains/gnu_arm/4.9_2015q3/bin/../lib/gcc/arm-none-eabi/4.9.3/armv7-m/crtbegin.o

.ARM.extab      0x00004e98       0x54
 *(.ARM.extab* .gnu.linkonce.armextab.*)
 .ARM.extab.text._ZN4RF2416beginTransactionEv
                0x00004e98        0x0 ./RF24/RF24.o
 .ARM.extab.text._ZN4RF2422print_address_registerEPKchh
                0x00004e98        0xc ./RF24/RF24.o
 .ARM.extab.text._ZN4RF2410getPALevelEv
                0x00004ea4        0xc ./RF24/RF24.o
 .ARM.extab.text._ZN4RF2411getDataRateEv
                0x00004eb0        0xc ./RF24/RF24.o
 .ARM.extab.text._Z13prepareClocksv
                0x00004ebc        0xc ./RF24/utilities.o
 .ARM.extab.text._Z11prepareGPIOv
                0x00004ec8        0xc ./RF24/utilities.o
 .ARM.extab     0x00004ed4       0x18 t:/siliconlabs/simplicitystudio/v4/developer/toolchains/gnu_arm/4.9_2015q3/bin/../lib/gcc/arm-none-eabi/4.9.3/armv7-m\libgcc.a(pr-support.o)
                0x00004eec                __exidx_start = .

.ARM.exidx      0x00004eec      0x238
 *(.ARM.exidx* .gnu.linkonce.armexidx.*)
 .ARM.exidx     0x00004eec        0x8 t:/siliconlabs/simplicitystudio/v4/developer/toolchains/gnu_arm/4.9_2015q3/bin/../lib/gcc/arm-none-eabi/4.9.3/../../../../arm-none-eabi/lib/armv7-m/crt0.o
 .ARM.exidx.text._Z15BMP280_I2C_readhhPhh
                0x00004ef4        0x8 ./src/main.o
 .ARM.exidx.text._Z16BMP280_I2C_writehhPhh
                0x00004efc        0x0 ./src/main.o
                                  0x8 (size before relaxing)
 .ARM.exidx.text._Z12read_sensorsv
                0x00004efc        0x8 ./src/main.o
 .ARM.exidx.text.startup.main
                0x00004f04       0x10 ./src/main.o
                                  0x8 (size before relaxing)
 .ARM.exidx.text._ZN11HardwareSPID2Ev
                0x00004f14        0x0 ./RF24/HardwareSPI.o
                                  0x8 (size before relaxing)
 .ARM.exidx.text._ZN11HardwareSPID0Ev
                0x00004f14        0x0 ./RF24/HardwareSPI.o
                                  0x8 (size before relaxing)
 .ARM.exidx.text._ZN11HardwareSPIC2Ev
                0x00004f14        0x8 ./RF24/HardwareSPI.o
 .ARM.exidx.text._ZN11HardwareSPI8transferEh
                0x00004f1c        0x8 ./RF24/HardwareSPI.o
 .ARM.exidx.text._ZN4RF243csnEb.part.0
                0x00004f24        0x0 ./RF24/RF24.o
                                  0x8 (size before relaxing)
 .ARM.exidx.text._ZN4RF2416beginTransactionEv
                0x00004f24        0x0 ./RF24/RF24.o
                                  0x8 (size before relaxing)
 .ARM.exidx.text._ZN4RF2413read_registerEhPhh
                0x00004f24        0x8 ./RF24/RF24.o
 .ARM.exidx.text._ZN4RF2413read_registerEh
                0x00004f2c        0x8 ./RF24/RF24.o
 .ARM.exidx.text._ZN4RF2414write_registerEhPKhh
                0x00004f34        0x8 ./RF24/RF24.o
 .ARM.exidx.text._ZN4RF2414write_registerEhh
                0x00004f3c        0x0 ./RF24/RF24.o
                                  0x8 (size before relaxing)
 .ARM.exidx.text._ZN4RF2413write_payloadEPKvhh
                0x00004f3c        0x8 ./RF24/RF24.o
 .ARM.exidx.text._ZN4RF2412read_payloadEPvh
                0x00004f44        0x0 ./RF24/RF24.o
                                  0x8 (size before relaxing)
 .ARM.exidx.text._ZN4RF248spiTransEh
                0x00004f44        0x8 ./RF24/RF24.o
 .ARM.exidx.text._ZN4RF248flush_rxEv
                0x00004f4c        0x8 ./RF24/RF24.o
 .ARM.exidx.text._ZN4RF248flush_txEv
                0x00004f54        0x0 ./RF24/RF24.o
                                  0x8 (size before relaxing)
 .ARM.exidx.text._ZN4RF2410get_statusEv
                0x00004f54        0x0 ./RF24/RF24.o
                                  0x8 (size before relaxing)
 .ARM.exidx.text._ZN4RF2412print_statusEh
                0x00004f54        0x8 ./RF24/RF24.o
 .ARM.exidx.text._ZN4RF2419print_byte_registerEPKchh
                0x00004f5c        0x8 ./RF24/RF24.o
 .ARM.exidx.text._ZN4RF2422print_address_registerEPKchh
                0x00004f64        0x8 ./RF24/RF24.o
 .ARM.exidx.text._ZN4RF24C2E17GPIO_Port_TypeDeftS0_t
                0x00004f6c        0x8 ./RF24/RF24.o
 .ARM.exidx.text._ZN4RF2410setChannelEh
                0x00004f74        0x0 ./RF24/RF24.o
                                  0x8 (size before relaxing)
 .ARM.exidx.text._ZN4RF2413stopListeningEv
                0x00004f74        0x8 ./RF24/RF24.o
 .ARM.exidx.text._ZN4RF249powerDownEv
                0x00004f7c        0x0 ./RF24/RF24.o
                                  0x8 (size before relaxing)
 .ARM.exidx.text._ZN4RF247powerUpEv
                0x00004f7c        0x0 ./RF24/RF24.o
                                  0x8 (size before relaxing)
 .ARM.exidx.text._ZN4RF2413powerUpNoWaitEv
                0x00004f7c        0x0 ./RF24/RF24.o
                                  0x8 (size before relaxing)
 .ARM.exidx.text._ZN4RF2414isPowerUpReadyEv
                0x00004f7c        0x0 ./RF24/RF24.o
                                  0x8 (size before relaxing)
 .ARM.exidx.text._ZN4RF2414startFastWriteEPKvhbb
                0x00004f7c        0x0 ./RF24/RF24.o
                                  0x8 (size before relaxing)
 .ARM.exidx.text._ZN4RF245writeEPKvhb
                0x00004f7c        0x8 ./RF24/RF24.o
 .ARM.exidx.text._ZN4RF245writeEPKvh
                0x00004f84        0x8 ./RF24/RF24.o
 .ARM.exidx.text._ZN4RF249availableEPh
                0x00004f8c        0x8 ./RF24/RF24.o
 .ARM.exidx.text._ZN4RF249availableEv
                0x00004f94        0x8 ./RF24/RF24.o
 .ARM.exidx.text._ZN4RF244readEPvh
                0x00004f9c        0x8 ./RF24/RF24.o
 .ARM.exidx.text._ZN4RF2415openWritingPipeEy
                0x00004fa4        0x8 ./RF24/RF24.o
 .ARM.exidx.text._ZN4RF2415openReadingPipeEhy
                0x00004fac        0x0 ./RF24/RF24.o
                                  0x8 (size before relaxing)
 .ARM.exidx.text._ZN4RF2415setAddressWidthEh
                0x00004fac        0x8 ./RF24/RF24.o
 .ARM.exidx.text._ZN4RF2416closeReadingPipeEh
                0x00004fb4        0x0 ./RF24/RF24.o
                                  0x8 (size before relaxing)
 .ARM.exidx.text._ZN4RF2414startListeningEv
                0x00004fb4        0x8 ./RF24/RF24.o
 .ARM.exidx.text._ZN4RF2410setAutoAckEb
                0x00004fbc        0x8 ./RF24/RF24.o
 .ARM.exidx.text._ZN4RF2410setPALevelEh
                0x00004fc4        0x8 ./RF24/RF24.o
 .ARM.exidx.text._ZN4RF2410getPALevelEv
                0x00004fcc        0x8 ./RF24/RF24.o
 .ARM.exidx.text._ZN4RF2411setDataRateE15rf24_datarate_e
                0x00004fd4        0x8 ./RF24/RF24.o
 .ARM.exidx.text._ZN4RF2411getDataRateEv
                0x00004fdc        0x8 ./RF24/RF24.o
 .ARM.exidx.text._ZN4RF2412setCRCLengthE16rf24_crclength_e
                0x00004fe4        0x8 ./RF24/RF24.o
 .ARM.exidx.text._ZN4RF2412getCRCLengthEv
                0x00004fec        0x0 ./RF24/RF24.o
                                  0x8 (size before relaxing)
 .ARM.exidx.text._ZN4RF2412printDetailsEv
                0x00004fec        0x8 ./RF24/RF24.o
 .ARM.exidx.text._ZN4RF2410setRetriesEhh
                0x00004ff4        0x8 ./RF24/RF24.o
 .ARM.exidx.text._Z11prepareRF24v
                0x00004ffc        0x8 ./RF24/utilities.o
 .ARM.exidx.text._Z12prepare_uartv
                0x00005004        0x8 ./RF24/utilities.o
 .ARM.exidx.text._Z13prepareClocksv
                0x0000500c        0x8 ./RF24/utilities.o
 .ARM.exidx.text._Z11prepareGPIOv
                0x00005014        0x8 ./RF24/utilities.o
 .ARM.exidx.text._Z17delayMicrosecondsm
                0x0000501c        0x8 ./RF24/utilities.o
 .ARM.exidx.text._Z6millisv
                0x00005024        0x0 ./RF24/utilities.o
                                  0x8 (size before relaxing)
 .ARM.exidx.text.SysTick_Handler
                0x00005024        0x0 ./RF24/utilities.o
                                  0x8 (size before relaxing)
 .ARM.exidx.text._Z5delaym
                0x00005024        0x0 ./RF24/utilities.o
                                  0x8 (size before relaxing)
 .ARM.exidx.text._Z5printPKcz
                0x00005024        0x0 ./RF24/utilities.o
                                  0x8 (size before relaxing)
 .ARM.exidx.text._Z7printlnPKcz
                0x00005024        0x0 ./RF24/utilities.o
                                  0x8 (size before relaxing)
 .ARM.exidx.text._Z13prepare_sleepv
                0x00005024        0x0 ./RF24/utilities.o
                                  0x8 (size before relaxing)
 .ARM.exidx.text._Z14prepare_wakeupv
                0x00005024        0x0 ./RF24/utilities.o
                                  0x8 (size before relaxing)
 .ARM.exidx.text._Z15transmit_packetPvh
                0x00005024        0x8 ./RF24/utilities.o
 .ARM.exidx.text._Z14receive_packetPvh
                0x0000502c        0x8 ./RF24/utilities.o
 .ARM.exidx.text._Z17reconfigure_radioP16provision_packet
                0x00005034        0x8 ./RF24/utilities.o
 .ARM.exidx.text.startup._GLOBAL__sub_I__SPI
                0x0000503c        0x8 ./RF24/utilities.o
 .ARM.exidx.text._Z35bmp280_compensate_temperature_int32l
                0x00005044        0x0 ./Drivers/BMP280.o
                                  0x8 (size before relaxing)
 .ARM.exidx.text._Z32bmp280_compensate_pressure_int32l
                0x00005044        0x0 ./Drivers/BMP280.o
                                  0x8 (size before relaxing)
 .ARM.exidx.text._Z39bmp280_read_uncomp_pressure_temperaturePlS_
                0x00005044        0x8 ./Drivers/BMP280.o
 .ARM.exidx.text._Z32bmp280_read_pressure_temperaturePmPl
                0x0000504c        0x0 ./Drivers/BMP280.o
                                  0x8 (size before relaxing)
 .ARM.exidx.text._Z22bmp280_get_calib_paramv
                0x0000504c        0x8 ./Drivers/BMP280.o
 .ARM.exidx.text._Z11bmp280_initP8bmp280_t
                0x00005054        0x8 ./Drivers/BMP280.o
 .ARM.exidx.text._Z31bmp280_set_oversamp_temperatureh
                0x0000505c        0x0 ./Drivers/BMP280.o
                                  0x8 (size before relaxing)
 .ARM.exidx.text._Z21bmp280_set_power_modeh
                0x0000505c        0x8 ./Drivers/BMP280.o
 .ARM.exidx.text._Z17bmp280_set_filterh
                0x00005064        0x8 ./Drivers/BMP280.o
 .ARM.exidx.text._Z20bmp280_set_work_modeh
                0x0000506c        0x8 ./Drivers/BMP280.o
 .ARM.exidx     0x00005074       0x78 t:/siliconlabs/simplicitystudio/v4/developer/toolchains/gnu_arm/4.9_2015q3/bin/../lib/gcc/arm-none-eabi/4.9.3/armv7-m\libgcc.a(unwind-arm.o)
                                 0xd8 (size before relaxing)
 .ARM.exidx     0x000050ec       0x38 t:/siliconlabs/simplicitystudio/v4/developer/toolchains/gnu_arm/4.9_2015q3/bin/../lib/gcc/arm-none-eabi/4.9.3/armv7-m\libgcc.a(pr-support.o)
                                 0x48 (size before relaxing)
 .ARM.exidx     0x00005124        0x0 t:/siliconlabs/simplicitystudio/v4/developer/toolchains/gnu_arm/4.9_2015q3/bin/../lib/gcc/arm-none-eabi/4.9.3/armv7-m\libgcc.a(_divdi3.o)
                                  0x8 (size before relaxing)
 .ARM.exidx     0x00005124        0x0 t:/siliconlabs/simplicitystudio/v4/developer/toolchains/gnu_arm/4.9_2015q3/bin/../lib/gcc/arm-none-eabi/4.9.3/armv7-m\libgcc.a(_udivdi3.o)
                                  0x8 (size before relaxing)
                0x00005124                __exidx_end = .
                0x00005124                __etext = .

.rel.dyn        0x00005124        0x0
 .rel.iplt      0x00000000        0x0 t:/siliconlabs/simplicitystudio/v4/developer/toolchains/gnu_arm/4.9_2015q3/bin/../lib/gcc/arm-none-eabi/4.9.3/armv7-m/crtbegin.o

.data           0x20000000       0x80 load address 0x00005124
                0x20000000                __data_start__ = .
 *(vtable)
 *(.data*)
 .data          0x20000000        0x4 t:/siliconlabs/simplicitystudio/v4/developer/toolchains/gnu_arm/4.9_2015q3/bin/../lib/gcc/arm-none-eabi/4.9.3/armv7-m/crtbegin.o
                0x20000000                __dso_handle
 .data.SystemLFXOClock
                0x20000004        0x4 ./CMSIS/EFM32GG/system_efm32gg.o
 .data.SystemHFXOClock
                0x20000008        0x4 ./CMSIS/EFM32GG/system_efm32gg.o
 .data.impure_data
                0x2000000c       0x60 t:/siliconlabs/simplicitystudio/v4/developer/toolchains/gnu_arm/4.9_2015q3/bin/../lib/gcc/arm-none-eabi/4.9.3/../../../../arm-none-eabi/lib/armv7-m\libc_nano.a(lib_a-impure.o)
 .data._impure_ptr
                0x2000006c        0x4 t:/siliconlabs/simplicitystudio/v4/developer/toolchains/gnu_arm/4.9_2015q3/bin/../lib/gcc/arm-none-eabi/4.9.3/../../../../arm-none-eabi/lib/armv7-m\libc_nano.a(lib_a-impure.o)
                0x2000006c                _impure_ptr
                0x20000070                . = ALIGN (0x4)
 *(.ram)
                0x20000070                . = ALIGN (0x4)
                0x20000070                PROVIDE (__preinit_array_start, .)
 *(.preinit_array)
                0x20000070                PROVIDE (__preinit_array_end, .)
                0x20000070                . = ALIGN (0x4)
                0x20000070                PROVIDE (__init_array_start, .)
 *(SORT(.init_array.*))
 *(.init_array)
 .init_array    0x20000070        0x4 t:/siliconlabs/simplicitystudio/v4/developer/toolchains/gnu_arm/4.9_2015q3/bin/../lib/gcc/arm-none-eabi/4.9.3/armv7-m/crtbegin.o
 .init_array    0x20000074        0x4 ./RF24/utilities.o
                0x20000078                PROVIDE (__init_array_end, .)
                0x20000078                . = ALIGN (0x4)
                0x20000078                PROVIDE (__fini_array_start, .)
 *(SORT(.fini_array.*))
 *(.fini_array)
 .fini_array    0x20000078        0x4 t:/siliconlabs/simplicitystudio/v4/developer/toolchains/gnu_arm/4.9_2015q3/bin/../lib/gcc/arm-none-eabi/4.9.3/armv7-m/crtbegin.o
                0x2000007c                PROVIDE (__fini_array_end, .)
 *(.jcr*)
 .jcr           0x2000007c        0x0 t:/siliconlabs/simplicitystudio/v4/developer/toolchains/gnu_arm/4.9_2015q3/bin/../lib/gcc/arm-none-eabi/4.9.3/armv7-m/crtbegin.o
 .jcr           0x2000007c        0x4 t:/siliconlabs/simplicitystudio/v4/developer/toolchains/gnu_arm/4.9_2015q3/bin/../lib/gcc/arm-none-eabi/4.9.3/armv7-m/crtend.o
                0x20000080                . = ALIGN (0x4)
                0x20000080                __data_end__ = .

.igot.plt       0x20000080        0x0 load address 0x000051a4
 .igot.plt      0x00000000        0x0 t:/siliconlabs/simplicitystudio/v4/developer/toolchains/gnu_arm/4.9_2015q3/bin/../lib/gcc/arm-none-eabi/4.9.3/armv7-m/crtbegin.o

.bss            0x20000080      0x160 load address 0x000051a8
                0x20000080                . = ALIGN (0x4)
                0x20000080                __bss_start__ = .
 *(.bss*)
 .bss           0x20000080       0x1c t:/siliconlabs/simplicitystudio/v4/developer/toolchains/gnu_arm/4.9_2015q3/bin/../lib/gcc/arm-none-eabi/4.9.3/armv7-m/crtbegin.o
 .bss.node_provision_packet
                0x2000009c        0xc ./src/main.o
                0x2000009c                node_provision_packet
 .bss.i2c       0x200000a8        0x4 ./src/main.o
                0x200000a8                i2c
 .bss.bmp_available
                0x200000ac        0x1 ./src/main.o
                0x200000ac                bmp_available
 .bss.si_available
                0x200000ad        0x1 ./src/main.o
                0x200000ad                si_available
 *fill*         0x200000ae        0x2 
 .bss.node_data
                0x200000b0       0x14 ./src/main.o
                0x200000b0                node_data
 .bss.rtc_id    0x200000c4        0x4 ./src/main.o
                0x200000c4                rtc_id
 .bss.cmuStatus
                0x200000c8        0x4 ./emlib/em_emu.o
 .bss.i2cTransfer
                0x200000cc       0x18 ./emlib/em_i2c.o
 .bss.minTicks  0x200000e4        0x4 ./RF24/ustimer.o
 .bss.freq      0x200000e8        0x4 ./RF24/ustimer.o
 .bss.timeElapsed
                0x200000ec        0x1 ./RF24/ustimer.o
 *fill*         0x200000ed        0x3 
 .bss.radio     0x200000f0       0x20 ./RF24/utilities.o
                0x200000f0                radio
 .bss._SPI      0x20000110        0x4 ./RF24/utilities.o
                0x20000110                _SPI
 .bss.msTicks   0x20000114        0x4 ./RF24/utilities.o
                0x20000114                msTicks
 .bss._ZL8p_bmp280
                0x20000118        0x4 ./Drivers/BMP280.o
 .bss.rtcRunning
                0x2000011c        0x1 ./Drivers/rtcdriver.o
 .bss.rtcdrvIsInitialized
                0x2000011d        0x1 ./Drivers/rtcdriver.o
 .bss.inTimerIRQ
                0x2000011e        0x1 ./Drivers/rtcdriver.o
 *fill*         0x2000011f        0x1 
 .bss.timer     0x20000120       0xa0 ./Drivers/rtcdriver.o
 .bss.startTimerNestingLevel
                0x200001c0        0x4 ./Drivers/rtcdriver.o
 .bss.lastStart
                0x200001c4        0x4 ./Drivers/rtcdriver.o
 .bss.wakeUpCallback
                0x200001c8        0x4 ./Drivers/sleep.o
 .bss.sleepCallback
                0x200001cc        0x4 ./Drivers/sleep.o
 .bss.sleepBlockCnt
                0x200001d0        0x2 ./Drivers/sleep.o
 *fill*         0x200001d2        0x2 
 .bss.__malloc_free_list
                0x200001d4        0x4 t:/siliconlabs/simplicitystudio/v4/developer/toolchains/gnu_arm/4.9_2015q3/bin/../lib/gcc/arm-none-eabi/4.9.3/../../../../arm-none-eabi/lib/armv7-m\libc_nano.a(lib_a-nano-mallocr.o)
                0x200001d4                __malloc_free_list
 *(COMMON)
 COMMON         0x200001d8        0x4 ./CMSIS/EFM32GG/system_efm32gg.o
                0x200001d8                SystemCoreClock
 COMMON         0x200001dc        0x4 t:/siliconlabs/simplicitystudio/v4/developer/toolchains/gnu_arm/4.9_2015q3/bin/../lib/gcc/arm-none-eabi/4.9.3/../../../../arm-none-eabi/lib/armv7-m\libc_nano.a(lib_a-reent.o)
                0x200001dc                errno
                0x200001e0                . = ALIGN (0x4)
                0x200001e0                __bss_end__ = .

.heap           0x200001e0      0xc00
                0x200001e0                __HeapBase = .
                0x200001e0                __end__ = .
                0x200001e0                end = __end__
                0x200001e0                _end = __end__
 *(.heap*)
 .heap          0x200001e0      0xc00 ./CMSIS/EFM32GG/startup_efm32gg.o
                0x20000de0                __HeapLimit = .

.stack_dummy    0x200001e0      0x400
 *(.stack*)
 .stack         0x200001e0      0x400 ./CMSIS/EFM32GG/startup_efm32gg.o
                0x20020000                __StackTop = (ORIGIN (RAM) + 0x20000)
                0x2001fc00                __StackLimit = (__StackTop - SIZEOF (.stack_dummy))
                0x20020000                PROVIDE (__stack, __StackTop)
                0x00000001                ASSERT ((__StackLimit >= __HeapLimit), region RAM overflowed with stack)
                0x00000001                ASSERT ((0x100000 >= (__etext + SIZEOF (.data))), FLASH memory overflowed !)
OUTPUT(RF24_test_STK.axf elf32-littlearm)

.ARM.attributes
                0x00000000       0x29
 .ARM.attributes
                0x00000000       0x1d t:/siliconlabs/simplicitystudio/v4/developer/toolchains/gnu_arm/4.9_2015q3/bin/../lib/gcc/arm-none-eabi/4.9.3/armv7-m/crti.o
 .ARM.attributes
                0x0000001d       0x2d t:/siliconlabs/simplicitystudio/v4/developer/toolchains/gnu_arm/4.9_2015q3/bin/../lib/gcc/arm-none-eabi/4.9.3/armv7-m/crtbegin.o
 .ARM.attributes
                0x0000004a       0x1b t:/siliconlabs/simplicitystudio/v4/developer/toolchains/gnu_arm/4.9_2015q3/bin/../lib/gcc/arm-none-eabi/4.9.3/../../../../arm-none-eabi/lib/armv7-m/crt0.o
 .ARM.attributes
                0x00000065       0x33 ./src/main.o
 .ARM.attributes
                0x00000098       0x33 ./emlib/em_cmu.o
 .ARM.attributes
                0x000000cb       0x33 ./emlib/em_core.o
 .ARM.attributes
                0x000000fe       0x33 ./emlib/em_dma.o
 .ARM.attributes
                0x00000131       0x33 ./emlib/em_emu.o
 .ARM.attributes
                0x00000164       0x33 ./emlib/em_gpio.o
 .ARM.attributes
                0x00000197       0x33 ./emlib/em_i2c.o
 .ARM.attributes
                0x000001ca       0x33 ./emlib/em_rmu.o
 .ARM.attributes
                0x000001fd       0x33 ./emlib/em_rtc.o
 .ARM.attributes
                0x00000230       0x33 ./emlib/em_system.o
 .ARM.attributes
                0x00000263       0x33 ./emlib/em_timer.o
 .ARM.attributes
                0x00000296       0x33 ./emlib/em_usart.o
 .ARM.attributes
                0x000002c9       0x33 ./RF24/HardwareSPI.o
 .ARM.attributes
                0x000002fc       0x33 ./RF24/RF24.o
 .ARM.attributes
                0x0000032f       0x33 ./RF24/ustimer.o
 .ARM.attributes
                0x00000362       0x33 ./RF24/utilities.o
 .ARM.attributes
                0x00000395       0x33 ./Drivers/BMP280.o
 .ARM.attributes
                0x000003c8       0x33 ./Drivers/i2cspm.o
 .ARM.attributes
                0x000003fb       0x33 ./Drivers/rtcdriver.o
 .ARM.attributes
                0x0000042e       0x33 ./Drivers/si7013.o
 .ARM.attributes
                0x00000461       0x33 ./Drivers/sleep.o
 .ARM.attributes
                0x00000494       0x1b ./CMSIS/EFM32GG/startup_efm32gg.o
 .ARM.attributes
                0x000004af       0x33 ./CMSIS/EFM32GG/system_efm32gg.o
 .ARM.attributes
                0x000004e2       0x1d t:/siliconlabs/simplicitystudio/v4/developer/toolchains/gnu_arm/4.9_2015q3/bin/../lib/gcc/arm-none-eabi/4.9.3/armv7-m\libgcc.a(_aeabi_uldivmod.o)
 .ARM.attributes
                0x000004ff       0x2d t:/siliconlabs/simplicitystudio/v4/developer/toolchains/gnu_arm/4.9_2015q3/bin/../lib/gcc/arm-none-eabi/4.9.3/armv7-m\libgcc.a(bpabi.o)
 .ARM.attributes
                0x0000052c       0x1d t:/siliconlabs/simplicitystudio/v4/developer/toolchains/gnu_arm/4.9_2015q3/bin/../lib/gcc/arm-none-eabi/4.9.3/armv7-m\libgcc.a(_dvmd_tls.o)
 .ARM.attributes
                0x00000549       0x2d t:/siliconlabs/simplicitystudio/v4/developer/toolchains/gnu_arm/4.9_2015q3/bin/../lib/gcc/arm-none-eabi/4.9.3/armv7-m\libgcc.a(_divdi3.o)
 .ARM.attributes
                0x00000576       0x2d t:/siliconlabs/simplicitystudio/v4/developer/toolchains/gnu_arm/4.9_2015q3/bin/../lib/gcc/arm-none-eabi/4.9.3/armv7-m\libgcc.a(_udivdi3.o)
 .ARM.attributes
                0x000005a3       0x2d t:/siliconlabs/simplicitystudio/v4/developer/toolchains/gnu_arm/4.9_2015q3/bin/../lib/gcc/arm-none-eabi/4.9.3/../../../../arm-none-eabi/lib/armv7-m\libstdc++_nano.a(atexit_arm.o)
 .ARM.attributes
                0x000005d0       0x2d t:/siliconlabs/simplicitystudio/v4/developer/toolchains/gnu_arm/4.9_2015q3/bin/../lib/gcc/arm-none-eabi/4.9.3/../../../../arm-none-eabi/lib/armv7-m\libstdc++_nano.a(del_op.o)
 .ARM.attributes
                0x000005fd       0x2d t:/siliconlabs/simplicitystudio/v4/developer/toolchains/gnu_arm/4.9_2015q3/bin/../lib/gcc/arm-none-eabi/4.9.3/../../../../arm-none-eabi/lib/armv7-m\libstdc++_nano.a(class_type_info.o)
 .ARM.attributes
                0x0000062a       0x2d t:/siliconlabs/simplicitystudio/v4/developer/toolchains/gnu_arm/4.9_2015q3/bin/../lib/gcc/arm-none-eabi/4.9.3/../../../../arm-none-eabi/lib/armv7-m\libstdc++_nano.a(si_class_type_info.o)
 .ARM.attributes
                0x00000657       0x2d t:/siliconlabs/simplicitystudio/v4/developer/toolchains/gnu_arm/4.9_2015q3/bin/../lib/gcc/arm-none-eabi/4.9.3/../../../../arm-none-eabi/lib/armv7-m\libstdc++_nano.a(tinfo.o)
 .ARM.attributes
                0x00000684       0x2d t:/siliconlabs/simplicitystudio/v4/developer/toolchains/gnu_arm/4.9_2015q3/bin/../lib/gcc/arm-none-eabi/4.9.3/../../../../arm-none-eabi/lib/armv7-m\libc_nano.a(lib_a-cxa_atexit.o)
 .ARM.attributes
                0x000006b1       0x2d t:/siliconlabs/simplicitystudio/v4/developer/toolchains/gnu_arm/4.9_2015q3/bin/../lib/gcc/arm-none-eabi/4.9.3/../../../../arm-none-eabi/lib/armv7-m\libc_nano.a(lib_a-exit.o)
 .ARM.attributes
                0x000006de       0x2d t:/siliconlabs/simplicitystudio/v4/developer/toolchains/gnu_arm/4.9_2015q3/bin/../lib/gcc/arm-none-eabi/4.9.3/../../../../arm-none-eabi/lib/armv7-m\libc_nano.a(lib_a-impure.o)
 .ARM.attributes
                0x0000070b       0x2d t:/siliconlabs/simplicitystudio/v4/developer/toolchains/gnu_arm/4.9_2015q3/bin/../lib/gcc/arm-none-eabi/4.9.3/../../../../arm-none-eabi/lib/armv7-m\libc_nano.a(lib_a-init.o)
 .ARM.attributes
                0x00000738       0x2d t:/siliconlabs/simplicitystudio/v4/developer/toolchains/gnu_arm/4.9_2015q3/bin/../lib/gcc/arm-none-eabi/4.9.3/../../../../arm-none-eabi/lib/armv7-m\libc_nano.a(lib_a-malloc.o)
 .ARM.attributes
                0x00000765       0x2d t:/siliconlabs/simplicitystudio/v4/developer/toolchains/gnu_arm/4.9_2015q3/bin/../lib/gcc/arm-none-eabi/4.9.3/../../../../arm-none-eabi/lib/armv7-m\libc_nano.a(lib_a-memcpy.o)
 .ARM.attributes
                0x00000792       0x2d t:/siliconlabs/simplicitystudio/v4/developer/toolchains/gnu_arm/4.9_2015q3/bin/../lib/gcc/arm-none-eabi/4.9.3/../../../../arm-none-eabi/lib/armv7-m\libc_nano.a(lib_a-memset.o)
 .ARM.attributes
                0x000007bf       0x2d t:/siliconlabs/simplicitystudio/v4/developer/toolchains/gnu_arm/4.9_2015q3/bin/../lib/gcc/arm-none-eabi/4.9.3/../../../../arm-none-eabi/lib/armv7-m\libc_nano.a(lib_a-nano-freer.o)
 .ARM.attributes
                0x000007ec       0x2d t:/siliconlabs/simplicitystudio/v4/developer/toolchains/gnu_arm/4.9_2015q3/bin/../lib/gcc/arm-none-eabi/4.9.3/../../../../arm-none-eabi/lib/armv7-m\libc_nano.a(lib_a-nano-mallocr.o)
 .ARM.attributes
                0x00000819       0x1b t:/siliconlabs/simplicitystudio/v4/developer/toolchains/gnu_arm/4.9_2015q3/bin/../lib/gcc/arm-none-eabi/4.9.3/../../../../arm-none-eabi/lib/armv7-m\libc_nano.a(lib_a-strcmp.o)
 .ARM.attributes
                0x00000834       0x2d t:/siliconlabs/simplicitystudio/v4/developer/toolchains/gnu_arm/4.9_2015q3/bin/../lib/gcc/arm-none-eabi/4.9.3/../../../../arm-none-eabi/lib/armv7-m\libnosys.a(_exit.o)
 .ARM.attributes
                0x00000861       0x2d t:/siliconlabs/simplicitystudio/v4/developer/toolchains/gnu_arm/4.9_2015q3/bin/../lib/gcc/arm-none-eabi/4.9.3/armv7-m/crtend.o
 .ARM.attributes
                0x0000088e       0x1d t:/siliconlabs/simplicitystudio/v4/developer/toolchains/gnu_arm/4.9_2015q3/bin/../lib/gcc/arm-none-eabi/4.9.3/armv7-m/crtn.o

.comment        0x00000000       0x70
 .comment       0x00000000       0x70 ./src/main.o
                                 0x71 (size before relaxing)
 .comment       0x00000000       0x71 ./emlib/em_cmu.o
 .comment       0x00000000       0x71 ./emlib/em_core.o
 .comment       0x00000000       0x71 ./emlib/em_dma.o
 .comment       0x00000000       0x71 ./emlib/em_emu.o
 .comment       0x00000000       0x71 ./emlib/em_gpio.o
 .comment       0x00000000       0x71 ./emlib/em_i2c.o
 .comment       0x00000000       0x71 ./emlib/em_rmu.o
 .comment       0x00000000       0x71 ./emlib/em_rtc.o
 .comment       0x00000000       0x71 ./emlib/em_system.o
 .comment       0x00000000       0x71 ./emlib/em_timer.o
 .comment       0x00000000       0x71 ./emlib/em_usart.o
 .comment       0x00000000       0x71 ./RF24/HardwareSPI.o
 .comment       0x00000000       0x71 ./RF24/RF24.o
 .comment       0x00000000       0x71 ./RF24/ustimer.o
 .comment       0x00000000       0x71 ./RF24/utilities.o
 .comment       0x00000000       0x71 ./Drivers/BMP280.o
 .comment       0x00000000       0x71 ./Drivers/i2cspm.o
 .comment       0x00000000       0x71 ./Drivers/rtcdriver.o
 .comment       0x00000000       0x71 ./Drivers/si7013.o
 .comment       0x00000000       0x71 ./Drivers/sleep.o
 .comment       0x00000000       0x71 ./CMSIS/EFM32GG/system_efm32gg.o

.debug_frame    0x00000000      0x4d0
 .debug_frame   0x00000000       0x28 t:/siliconlabs/simplicitystudio/v4/developer/toolchains/gnu_arm/4.9_2015q3/bin/../lib/gcc/arm-none-eabi/4.9.3/armv7-m\libgcc.a(_aeabi_uldivmod.o)
 .debug_frame   0x00000028       0x54 t:/siliconlabs/simplicitystudio/v4/developer/toolchains/gnu_arm/4.9_2015q3/bin/../lib/gcc/arm-none-eabi/4.9.3/armv7-m\libgcc.a(bpabi.o)
 .debug_frame   0x0000007c       0x34 t:/siliconlabs/simplicitystudio/v4/developer/toolchains/gnu_arm/4.9_2015q3/bin/../lib/gcc/arm-none-eabi/4.9.3/armv7-m\libgcc.a(_divdi3.o)
 .debug_frame   0x000000b0       0x34 t:/siliconlabs/simplicitystudio/v4/developer/toolchains/gnu_arm/4.9_2015q3/bin/../lib/gcc/arm-none-eabi/4.9.3/armv7-m\libgcc.a(_udivdi3.o)
 .debug_frame   0x000000e4       0x20 t:/siliconlabs/simplicitystudio/v4/developer/toolchains/gnu_arm/4.9_2015q3/bin/../lib/gcc/arm-none-eabi/4.9.3/../../../../arm-none-eabi/lib/armv7-m\libstdc++_nano.a(atexit_arm.o)
 .debug_frame   0x00000104       0x20 t:/siliconlabs/simplicitystudio/v4/developer/toolchains/gnu_arm/4.9_2015q3/bin/../lib/gcc/arm-none-eabi/4.9.3/../../../../arm-none-eabi/lib/armv7-m\libstdc++_nano.a(del_op.o)
 .debug_frame   0x00000124       0xd8 t:/siliconlabs/simplicitystudio/v4/developer/toolchains/gnu_arm/4.9_2015q3/bin/../lib/gcc/arm-none-eabi/4.9.3/../../../../arm-none-eabi/lib/armv7-m\libstdc++_nano.a(class_type_info.o)
 .debug_frame   0x000001fc       0xd4 t:/siliconlabs/simplicitystudio/v4/developer/toolchains/gnu_arm/4.9_2015q3/bin/../lib/gcc/arm-none-eabi/4.9.3/../../../../arm-none-eabi/lib/armv7-m\libstdc++_nano.a(si_class_type_info.o)
 .debug_frame   0x000002d0       0x90 t:/siliconlabs/simplicitystudio/v4/developer/toolchains/gnu_arm/4.9_2015q3/bin/../lib/gcc/arm-none-eabi/4.9.3/../../../../arm-none-eabi/lib/armv7-m\libstdc++_nano.a(tinfo.o)
 .debug_frame   0x00000360       0x2c t:/siliconlabs/simplicitystudio/v4/developer/toolchains/gnu_arm/4.9_2015q3/bin/../lib/gcc/arm-none-eabi/4.9.3/../../../../arm-none-eabi/lib/armv7-m\libc_nano.a(lib_a-cxa_atexit.o)
 .debug_frame   0x0000038c       0x28 t:/siliconlabs/simplicitystudio/v4/developer/toolchains/gnu_arm/4.9_2015q3/bin/../lib/gcc/arm-none-eabi/4.9.3/../../../../arm-none-eabi/lib/armv7-m\libc_nano.a(lib_a-exit.o)
 .debug_frame   0x000003b4       0x2c t:/siliconlabs/simplicitystudio/v4/developer/toolchains/gnu_arm/4.9_2015q3/bin/../lib/gcc/arm-none-eabi/4.9.3/../../../../arm-none-eabi/lib/armv7-m\libc_nano.a(lib_a-init.o)
 .debug_frame   0x000003e0       0x30 t:/siliconlabs/simplicitystudio/v4/developer/toolchains/gnu_arm/4.9_2015q3/bin/../lib/gcc/arm-none-eabi/4.9.3/../../../../arm-none-eabi/lib/armv7-m\libc_nano.a(lib_a-malloc.o)
 .debug_frame   0x00000410       0x28 t:/siliconlabs/simplicitystudio/v4/developer/toolchains/gnu_arm/4.9_2015q3/bin/../lib/gcc/arm-none-eabi/4.9.3/../../../../arm-none-eabi/lib/armv7-m\libc_nano.a(lib_a-memcpy.o)
 .debug_frame   0x00000438       0x20 t:/siliconlabs/simplicitystudio/v4/developer/toolchains/gnu_arm/4.9_2015q3/bin/../lib/gcc/arm-none-eabi/4.9.3/../../../../arm-none-eabi/lib/armv7-m\libc_nano.a(lib_a-memset.o)
 .debug_frame   0x00000458       0x2c t:/siliconlabs/simplicitystudio/v4/developer/toolchains/gnu_arm/4.9_2015q3/bin/../lib/gcc/arm-none-eabi/4.9.3/../../../../arm-none-eabi/lib/armv7-m\libc_nano.a(lib_a-nano-freer.o)
 .debug_frame   0x00000484       0x2c t:/siliconlabs/simplicitystudio/v4/developer/toolchains/gnu_arm/4.9_2015q3/bin/../lib/gcc/arm-none-eabi/4.9.3/../../../../arm-none-eabi/lib/armv7-m\libc_nano.a(lib_a-nano-mallocr.o)
 .debug_frame   0x000004b0       0x20 t:/siliconlabs/simplicitystudio/v4/developer/toolchains/gnu_arm/4.9_2015q3/bin/../lib/gcc/arm-none-eabi/4.9.3/../../../../arm-none-eabi/lib/armv7-m\libnosys.a(_exit.o)

.stabstr        0x00000000       0x76
 .stabstr       0x00000000       0x76 t:/siliconlabs/simplicitystudio/v4/developer/toolchains/gnu_arm/4.9_2015q3/bin/../lib/gcc/arm-none-eabi/4.9.3/../../../../arm-none-eabi/lib/armv7-m\libnosys.a(getpid.o)
