Archive member included because of file (symbol)

t:/siliconlabs/simplicitystudio/v4/developer/toolchains/gnu_arm/4.9_2015q3/bin/../lib/gcc/arm-none-eabi/4.9.3/armv7-m\libgcc.a(_arm_addsubdf3.o)
                              ./Drivers/BMP280.o (__aeabi_dsub)
t:/siliconlabs/simplicitystudio/v4/developer/toolchains/gnu_arm/4.9_2015q3/bin/../lib/gcc/arm-none-eabi/4.9.3/armv7-m\libgcc.a(_arm_muldivdf3.o)
                              ./Drivers/BMP280.o (__aeabi_dmul)
t:/siliconlabs/simplicitystudio/v4/developer/toolchains/gnu_arm/4.9_2015q3/bin/../lib/gcc/arm-none-eabi/4.9.3/armv7-m\libgcc.a(_arm_cmpdf2.o)
                              ./Drivers/BMP280.o (__aeabi_dcmpeq)
t:/siliconlabs/simplicitystudio/v4/developer/toolchains/gnu_arm/4.9_2015q3/bin/../lib/gcc/arm-none-eabi/4.9.3/armv7-m\libgcc.a(_arm_unorddf2.o)
                              ./Drivers/BMP280.o (__aeabi_dcmpun)
t:/siliconlabs/simplicitystudio/v4/developer/toolchains/gnu_arm/4.9_2015q3/bin/../lib/gcc/arm-none-eabi/4.9.3/armv7-m\libgcc.a(_arm_fixdfsi.o)
                              ./Drivers/BMP280.o (__aeabi_d2iz)
t:/siliconlabs/simplicitystudio/v4/developer/toolchains/gnu_arm/4.9_2015q3/bin/../lib/gcc/arm-none-eabi/4.9.3/armv7-m\libgcc.a(_aeabi_ldivmod.o)
                              ./Drivers/BMP280.o (__aeabi_ldivmod)
t:/siliconlabs/simplicitystudio/v4/developer/toolchains/gnu_arm/4.9_2015q3/bin/../lib/gcc/arm-none-eabi/4.9.3/armv7-m\libgcc.a(_aeabi_uldivmod.o)
                              ./emlib/em_usart.o (__aeabi_uldivmod)
t:/siliconlabs/simplicitystudio/v4/developer/toolchains/gnu_arm/4.9_2015q3/bin/../lib/gcc/arm-none-eabi/4.9.3/armv7-m\libgcc.a(bpabi.o)
                              t:/siliconlabs/simplicitystudio/v4/developer/toolchains/gnu_arm/4.9_2015q3/bin/../lib/gcc/arm-none-eabi/4.9.3/armv7-m\libgcc.a(_aeabi_ldivmod.o) (__gnu_ldivmod_helper)
t:/siliconlabs/simplicitystudio/v4/developer/toolchains/gnu_arm/4.9_2015q3/bin/../lib/gcc/arm-none-eabi/4.9.3/armv7-m\libgcc.a(unwind-arm.o)
                              ./src/main.o (__aeabi_unwind_cpp_pr0)
t:/siliconlabs/simplicitystudio/v4/developer/toolchains/gnu_arm/4.9_2015q3/bin/../lib/gcc/arm-none-eabi/4.9.3/armv7-m\libgcc.a(libunwind.o)
                              t:/siliconlabs/simplicitystudio/v4/developer/toolchains/gnu_arm/4.9_2015q3/bin/../lib/gcc/arm-none-eabi/4.9.3/armv7-m\libgcc.a(unwind-arm.o) (restore_core_regs)
t:/siliconlabs/simplicitystudio/v4/developer/toolchains/gnu_arm/4.9_2015q3/bin/../lib/gcc/arm-none-eabi/4.9.3/armv7-m\libgcc.a(pr-support.o)
                              t:/siliconlabs/simplicitystudio/v4/developer/toolchains/gnu_arm/4.9_2015q3/bin/../lib/gcc/arm-none-eabi/4.9.3/armv7-m\libgcc.a(unwind-arm.o) (__gnu_unwind_execute)
t:/siliconlabs/simplicitystudio/v4/developer/toolchains/gnu_arm/4.9_2015q3/bin/../lib/gcc/arm-none-eabi/4.9.3/armv7-m\libgcc.a(_dvmd_tls.o)
                              t:/siliconlabs/simplicitystudio/v4/developer/toolchains/gnu_arm/4.9_2015q3/bin/../lib/gcc/arm-none-eabi/4.9.3/armv7-m\libgcc.a(_aeabi_ldivmod.o) (__aeabi_ldiv0)
t:/siliconlabs/simplicitystudio/v4/developer/toolchains/gnu_arm/4.9_2015q3/bin/../lib/gcc/arm-none-eabi/4.9.3/armv7-m\libgcc.a(_divdi3.o)
                              t:/siliconlabs/simplicitystudio/v4/developer/toolchains/gnu_arm/4.9_2015q3/bin/../lib/gcc/arm-none-eabi/4.9.3/armv7-m\libgcc.a(bpabi.o) (__divdi3)
t:/siliconlabs/simplicitystudio/v4/developer/toolchains/gnu_arm/4.9_2015q3/bin/../lib/gcc/arm-none-eabi/4.9.3/armv7-m\libgcc.a(_udivdi3.o)
                              t:/siliconlabs/simplicitystudio/v4/developer/toolchains/gnu_arm/4.9_2015q3/bin/../lib/gcc/arm-none-eabi/4.9.3/armv7-m\libgcc.a(bpabi.o) (__udivdi3)
t:/siliconlabs/simplicitystudio/v4/developer/toolchains/gnu_arm/4.9_2015q3/bin/../lib/gcc/arm-none-eabi/4.9.3/../../../../arm-none-eabi/lib/armv7-m\libstdc++_nano.a(atexit_arm.o)
                              ./RF24/utilities.o (__aeabi_atexit)
t:/siliconlabs/simplicitystudio/v4/developer/toolchains/gnu_arm/4.9_2015q3/bin/../lib/gcc/arm-none-eabi/4.9.3/../../../../arm-none-eabi/lib/armv7-m\libstdc++_nano.a(del_op.o)
                              ./RF24/HardwareSPI.o (operator delete(void*))
t:/siliconlabs/simplicitystudio/v4/developer/toolchains/gnu_arm/4.9_2015q3/bin/../lib/gcc/arm-none-eabi/4.9.3/../../../../arm-none-eabi/lib/armv7-m\libstdc++_nano.a(class_type_info.o)
                              ./RF24/HardwareSPI.o (vtable for __cxxabiv1::__class_type_info)
t:/siliconlabs/simplicitystudio/v4/developer/toolchains/gnu_arm/4.9_2015q3/bin/../lib/gcc/arm-none-eabi/4.9.3/../../../../arm-none-eabi/lib/armv7-m\libstdc++_nano.a(si_class_type_info.o)
                              t:/siliconlabs/simplicitystudio/v4/developer/toolchains/gnu_arm/4.9_2015q3/bin/../lib/gcc/arm-none-eabi/4.9.3/../../../../arm-none-eabi/lib/armv7-m\libstdc++_nano.a(class_type_info.o) (vtable for __cxxabiv1::__si_class_type_info)
[...]
Memory Configuration

Name             Origin             Length             Attributes
FLASH            0x00000000         0x00100000         xr
RAM              0x20000000         0x00020000         xrw
*default*        0x00000000         0xffffffff

Linker script and memory map

LOAD t:/siliconlabs/simplicitystudio/v4/developer/toolchains/gnu_arm/4.9_2015q3/bin/../lib/gcc/arm-none-eabi/4.9.3/armv7-m/crti.o
LOAD t:/siliconlabs/simplicitystudio/v4/developer/toolchains/gnu_arm/4.9_2015q3/bin/../lib/gcc/arm-none-eabi/4.9.3/armv7-m/crtbegin.o
LOAD t:/siliconlabs/simplicitystudio/v4/developer/toolchains/gnu_arm/4.9_2015q3/bin/../lib/gcc/arm-none-eabi/4.9.3/../../../../arm-none-eabi/lib/armv7-m/crt0.o
LOAD ./src/main.o
LOAD ./emlib/em_cmu.o
LOAD ./emlib/em_core.o
LOAD ./emlib/em_dbg.o
LOAD ./emlib/em_dma.o
LOAD ./emlib/em_emu.o
LOAD ./emlib/em_gpio.o
LOAD ./emlib/em_i2c.o
LOAD ./emlib/em_int.o
LOAD ./emlib/em_leuart.o
LOAD ./emlib/em_rmu.o
LOAD ./emlib/em_rtc.o
LOAD ./emlib/em_system.o
LOAD ./emlib/em_timer.o
LOAD ./emlib/em_usart.o
LOAD ./RF24/HardwareSPI.o
LOAD ./RF24/RF24.o
LOAD ./RF24/ustimer.o
LOAD ./RF24/utilities.o
LOAD ./Drivers/BMP280.o
LOAD ./Drivers/i2cspm.o
LOAD ./Drivers/rtcdriver.o
LOAD ./Drivers/si7013.o
LOAD ./Drivers/sleep.o
LOAD ./CMSIS/EFM32GG/startup_efm32gg.o
LOAD ./CMSIS/EFM32GG/system_efm32gg.o
START GROUP
LOAD t:/siliconlabs/simplicitystudio/v4/developer/toolchains/gnu_arm/4.9_2015q3/bin/../lib/gcc/arm-none-eabi/4.9.3/armv7-m\libgcc.a
LOAD t:/siliconlabs/simplicitystudio/v4/developer/toolchains/gnu_arm/4.9_2015q3/bin/../lib/gcc/arm-none-eabi/4.9.3/../../../../arm-none-eabi/lib/armv7-m\libnosys.a
END GROUP
LOAD t:/siliconlabs/simplicitystudio/v4/developer/toolchains/gnu_arm/4.9_2015q3/bin/../lib/gcc/arm-none-eabi/4.9.3/../../../../arm-none-eabi/lib/armv7-m\libstdc++_nano.a
LOAD t:/siliconlabs/simplicitystudio/v4/developer/toolchains/gnu_arm/4.9_2015q3/bin/../lib/gcc/arm-none-eabi/4.9.3/../../../../arm-none-eabi/lib/armv7-m\libm.a
LOAD t:/siliconlabs/simplicitystudio/v4/developer/toolchains/gnu_arm/4.9_2015q3/bin/../lib/gcc/arm-none-eabi/4.9.3/../../../../arm-none-eabi/lib/armv7-m\libc_nano.a
START GROUP
LOAD t:/siliconlabs/simplicitystudio/v4/developer/toolchains/gnu_arm/4.9_2015q3/bin/../lib/gcc/arm-none-eabi/4.9.3/armv7-m\libgcc.a
LOAD t:/siliconlabs/simplicitystudio/v4/developer/toolchains/gnu_arm/4.9_2015q3/bin/../lib/gcc/arm-none-eabi/4.9.3/../../../../arm-none-eabi/lib/armv7-m\libg_nano.a
LOAD t:/siliconlabs/simplicitystudio/v4/developer/toolchains/gnu_arm/4.9_2015q3/bin/../lib/gcc/arm-none-eabi/4.9.3/../../../../arm-none-eabi/lib/armv7-m\libc_nano.a
END GROUP
START GROUP
LOAD t:/siliconlabs/simplicitystudio/v4/developer/toolchains/gnu_arm/4.9_2015q3/bin/../lib/gcc/arm-none-eabi/4.9.3/armv7-m\libgcc.a
LOAD t:/siliconlabs/simplicitystudio/v4/developer/toolchains/gnu_arm/4.9_2015q3/bin/../lib/gcc/arm-none-eabi/4.9.3/../../../../arm-none-eabi/lib/armv7-m\libc_nano.a
LOAD t:/siliconlabs/simplicitystudio/v4/developer/toolchains/gnu_arm/4.9_2015q3/bin/../lib/gcc/arm-none-eabi/4.9.3/../../../../arm-none-eabi/lib/armv7-m\libnosys.a
END GROUP
START GROUP
LOAD t:/siliconlabs/simplicitystudio/v4/developer/toolchains/gnu_arm/4.9_2015q3/bin/../lib/gcc/arm-none-eabi/4.9.3/armv7-m\libgcc.a
LOAD t:/siliconlabs/simplicitystudio/v4/developer/toolchains/gnu_arm/4.9_2015q3/bin/../lib/gcc/arm-none-eabi/4.9.3/../../../../arm-none-eabi/lib/armv7-m\libc_nano.a
LOAD t:/siliconlabs/simplicitystudio/v4/developer/toolchains/gnu_arm/4.9_2015q3/bin/../lib/gcc/arm-none-eabi/4.9.3/../../../../arm-none-eabi/lib/armv7-m\libnosys.a
END GROUP
LOAD t:/siliconlabs/simplicitystudio/v4/developer/toolchains/gnu_arm/4.9_2015q3/bin/../lib/gcc/arm-none-eabi/4.9.3/armv7-m/crtend.o
LOAD t:/siliconlabs/simplicitystudio/v4/developer/toolchains/gnu_arm/4.9_2015q3/bin/../lib/gcc/arm-none-eabi/4.9.3/armv7-m/crtn.o

.text           0x00000000     0x5864
 *(.vectors)
 .vectors       0x00000000       0xdc ./CMSIS/EFM32GG/startup_efm32gg.o
                0x00000000                __Vectors
                0x000000dc                __Vectors_End = .
                0x000000dc                __Vectors_Size = (__Vectors_End - __Vectors)
                0x000000dc                __end__ = .
 *(.text*)
 .text          0x000000dc       0x5c t:/siliconlabs/simplicitystudio/v4/developer/toolchains/gnu_arm/4.9_2015q3/bin/../lib/gcc/arm-none-eabi/4.9.3/armv7-m/crtbegin.o
 .text          0x00000138       0x74 t:/siliconlabs/simplicitystudio/v4/developer/toolchains/gnu_arm/4.9_2015q3/bin/../lib/gcc/arm-none-eabi/4.9.3/../../../../arm-none-eabi/lib/armv7-m/crt0.o
                0x00000138                _start
                0x00000138                _mainCRTStartup
 .text._Z15BMP280_I2C_readhhPhh
                0x000001ac       0x38 ./src/main.o
                0x000001ac                BMP280_I2C_read(unsigned char, unsigned char, unsigned char*, unsigned char)
 .text._Z16BMP280_I2C_writehhPhh
                0x000001e4       0x38 ./src/main.o
                0x000001e4                BMP280_I2C_write(unsigned char, unsigned char, unsigned char*, unsigned char)
 .text._Z12read_sensorsv
                0x0000021c       0x68 ./src/main.o
                0x0000021c                read_sensors()
 .text.startup.main
                0x00000284      0x2a0 ./src/main.o
                0x00000284                main
 .text.flashWaitStateControl
                0x00000524       0x78 ./emlib/em_cmu.o
 .text.flashWaitStateMax
                0x0000059c        0xe ./emlib/em_cmu.o
 *fill*         0x000005aa        0x2 
 .text.maxFreqHfle
                0x000005ac       0x54 ./emlib/em_cmu.o
 .text.auxClkGet
                0x00000600       0x88 ./emlib/em_cmu.o
 .text.syncReg  0x00000688       0x14 ./emlib/em_cmu.o
 .text.CMU_ClockDivSet
                0x0000069c      0x178 ./emlib/em_cmu.o
                0x0000069c                CMU_ClockDivSet
 .text.CMU_ClockSelectGet
                0x00000814       0xc0 ./emlib/em_cmu.o
                0x00000814                CMU_ClockSelectGet
 .text.lfClkGet
                0x000008d4       0x94 ./emlib/em_cmu.o
 .text.CMU_ClockFreqGet
                0x00000968      0x168 ./emlib/em_cmu.o
                0x00000968                CMU_ClockFreqGet
 .text.CMU_ClockEnable
                0x00000ad0       0x94 ./emlib/em_cmu.o
                0x00000ad0                CMU_ClockEnable
 .text.CMU_OscillatorEnable
                0x00000b64       0x64 ./emlib/em_cmu.o
                0x00000b64                CMU_OscillatorEnable
 .text.CMU_ClockSelectSet
                0x00000bc8      0x1e8 ./emlib/em_cmu.o
                0x00000bc8                CMU_ClockSelectSet
 .text.CORE_EnterAtomic
                0x00000db0        0x8 ./emlib/em_core.o
                0x00000db0                CORE_EnterAtomic
 .text.CORE_ExitAtomic
                0x00000db8        0x6 ./emlib/em_core.o
                0x00000db8                CORE_ExitAtomic
 *fill*         0x00000dbe        0x2 
 .text.DMA_IRQHandler
                0x00000dc0       0x78 ./emlib/em_dma.o
                0x00000dc0                DMA_IRQHandler
 .text.emuRestore
                0x00000e38       0x7c ./emlib/em_emu.o
 .text.getErrataFixEmuE107En
                0x00000eb4       0x34 ./emlib/em_emu.o
 .text.EMU_EnterEM2
                0x00000ee8       0x6c ./emlib/em_emu.o
                0x00000ee8                EMU_EnterEM2
 .text.EMU_EnterEM3
                0x00000f54       0x8c ./emlib/em_emu.o
                0x00000f54                EMU_EnterEM3
 .text.EMU_EnterEM4
                0x00000fe0       0x30 ./emlib/em_emu.o
                0x00000fe0                EMU_EnterEM4
 .text.EMU_UpdateOscConfig
                0x00001010       0x14 ./emlib/em_emu.o
                0x00001010                EMU_UpdateOscConfig
 .text.GPIO_PinModeSet
                0x00001024       0x88 ./emlib/em_gpio.o
                0x00001024                GPIO_PinModeSet
 .text.I2C_BusFreqSet
                0x000010ac       0x54 ./emlib/em_i2c.o
                0x000010ac                I2C_BusFreqSet
 .text.I2C_Init
                0x00001100       0x30 ./emlib/em_i2c.o
                0x00001100                I2C_Init
 .text.I2C_Transfer
                0x00001130      0x1e0 ./emlib/em_i2c.o
                0x00001130                I2C_Transfer
 .text.I2C_TransferInit
                0x00001310       0x78 ./emlib/em_i2c.o
                0x00001310                I2C_TransferInit
 .text.RMU_ResetCauseClear
                0x00001388       0x30 ./emlib/em_rmu.o
                0x00001388                RMU_ResetCauseClear
 .text.RMU_ResetCauseGet
                0x000013b8       0x2c ./emlib/em_rmu.o
                0x000013b8                RMU_ResetCauseGet
 .text.RTC_CompareGet
                0x000013e4       0x1c ./emlib/em_rtc.o
                0x000013e4                RTC_CompareGet
 .text.RTC_CompareSet
                0x00001400       0x18 ./emlib/em_rtc.o
                0x00001400                RTC_CompareSet
 .text.RTC_Init
                0x00001418       0x1c ./emlib/em_rtc.o
                0x00001418                RTC_Init
 .text.RTC_CounterReset
                0x00001434        0xe ./emlib/em_rtc.o
                0x00001434                RTC_CounterReset
 *fill*         0x00001442        0x2 
 .text.SYSTEM_ChipRevisionGet
                0x00001444       0x34 ./emlib/em_system.o
                0x00001444                SYSTEM_ChipRevisionGet
 .text.TIMER_Init
                0x00001478       0x8c ./emlib/em_timer.o
                0x00001478                TIMER_Init
 .text.TIMER_InitCC
                0x00001504       0x66 ./emlib/em_timer.o
                0x00001504                TIMER_InitCC
 *fill*         0x0000156a        0x2 
 .text.USART_BaudrateAsyncSet
                0x0000156c       0x64 ./emlib/em_usart.o
                0x0000156c                USART_BaudrateAsyncSet
 .text.USART_BaudrateSyncSet
                0x000015d0       0x3c ./emlib/em_usart.o
                0x000015d0                USART_BaudrateSyncSet
 .text.USART_Enable
                0x0000160c        0xe ./emlib/em_usart.o
                0x0000160c                USART_Enable
 *fill*         0x0000161a        0x2 
 .text.USART_Reset
                0x0000161c       0x44 ./emlib/em_usart.o
                0x0000161c                USART_Reset
 .text.USART_InitAsync
                0x00001660       0x40 ./emlib/em_usart.o
                0x00001660                USART_InitAsync
 .text.USART_InitSync
                0x000016a0       0x64 ./emlib/em_usart.o
                0x000016a0                USART_InitSync
 .text.USART_SpiTransfer
                0x00001704       0x14 ./emlib/em_usart.o
                0x00001704                USART_SpiTransfer
 .text.USART_Tx
                0x00001718        0xa ./emlib/em_usart.o
                0x00001718                USART_Tx
 .text._ZN11HardwareSPID2Ev
                0x00001722        0x2 ./RF24/HardwareSPI.o
                0x00001722                HardwareSPI::~HardwareSPI()
                0x00001722                HardwareSPI::~HardwareSPI()
 .text._ZN11HardwareSPID0Ev
                0x00001724        0xc ./RF24/HardwareSPI.o
                0x00001724                HardwareSPI::~HardwareSPI()
 .text._ZN11HardwareSPIC2Ev
                0x00001730       0x9c ./RF24/HardwareSPI.o
                0x00001730                HardwareSPI::HardwareSPI()
                0x00001730                HardwareSPI::HardwareSPI()
 .text._ZN11HardwareSPI8transferEh
                0x000017cc        0xc ./RF24/HardwareSPI.o
                0x000017cc                HardwareSPI::transfer(unsigned char)
 .text._ZN4RF243csnEb.part.0
                0x000017d8       0x18 ./RF24/RF24.o
 .text._ZN4RF2416beginTransactionEv
                0x000017f0       0x18 ./RF24/RF24.o
                0x000017f0                RF24::beginTransaction()
 .text._ZN4RF2413read_registerEhPhh
                0x00001808       0x3c ./RF24/RF24.o
                0x00001808                RF24::read_register(unsigned char, unsigned char*, unsigned char)
 .text._ZN4RF2413read_registerEh
                0x00001844       0x30 ./RF24/RF24.o
                0x00001844                RF24::read_register(unsigned char)
 .text._ZN4RF2414write_registerEhPKhh
                0x00001874       0x40 ./RF24/RF24.o
                0x00001874                RF24::write_register(unsigned char, unsigned char const*, unsigned char)
 .text._ZN4RF2414write_registerEhh
                0x000018b4       0x34 ./RF24/RF24.o
                0x000018b4                RF24::write_register(unsigned char, unsigned char)
 .text._ZN4RF2413write_payloadEPKvhh
                0x000018e8       0x64 ./RF24/RF24.o
                0x000018e8                RF24::write_payload(void const*, unsigned char, unsigned char)
 .text._ZN4RF2412read_payloadEPvh
                0x0000194c       0x64 ./RF24/RF24.o
                0x0000194c                RF24::read_payload(void*, unsigned char)
 .text._ZN4RF248spiTransEh
                0x000019b0       0x24 ./RF24/RF24.o
                0x000019b0                RF24::spiTrans(unsigned char)
 .text._ZN4RF248flush_rxEv
                0x000019d4        0x6 ./RF24/RF24.o
                0x000019d4                RF24::flush_rx()
 .text._ZN4RF248flush_txEv
                0x000019da        0x6 ./RF24/RF24.o
                0x000019da                RF24::flush_tx()
 .text._ZN4RF2410get_statusEv
                0x000019e0        0x6 ./RF24/RF24.o
                0x000019e0                RF24::get_status()
 *fill*         0x000019e6        0x2 
 .text._ZN4RF2412print_statusEh
                0x000019e8       0x2c ./RF24/RF24.o
                0x000019e8                RF24::print_status(unsigned char)
 .text._ZN4RF2419print_byte_registerEPKchh
                0x00001a14       0x44 ./RF24/RF24.o
                0x00001a14                RF24::print_byte_register(char const*, unsigned char, unsigned char)
 .text._ZN4RF2422print_address_registerEPKchh
                0x00001a58       0x7c ./RF24/RF24.o
                0x00001a58                RF24::print_address_register(char const*, unsigned char, unsigned char)
 .text._ZN4RF24C2E17GPIO_Port_TypeDeftS0_t
                0x00001ad4       0x1c ./RF24/RF24.o
                0x00001ad4                RF24::RF24(GPIO_Port_TypeDef, unsigned short, GPIO_Port_TypeDef, unsigned short)
                0x00001ad4                RF24::RF24(GPIO_Port_TypeDef, unsigned short, GPIO_Port_TypeDef, unsigned short)
 .text._ZN4RF2410setChannelEh
                0x00001af0        0xe ./RF24/RF24.o
                0x00001af0                RF24::setChannel(unsigned char)
 *fill*         0x00001afe        0x2 
 .text._ZN4RF2413stopListeningEv
                0x00001b00       0x6c ./RF24/RF24.o
                0x00001b00                RF24::stopListening()
 .text._ZN4RF247powerUpEv
                0x00001b6c       0x2c ./RF24/RF24.o
                0x00001b6c                RF24::powerUp()
 .text._ZN4RF2413powerUpNoWaitEv
                0x00001b98       0x28 ./RF24/RF24.o
                0x00001b98                RF24::powerUpNoWait()
 .text._ZN4RF2414isPowerUpReadyEv
                0x00001bc0       0x16 ./RF24/RF24.o
                0x00001bc0                RF24::isPowerUpReady()
 .text._ZN4RF2414startFastWriteEPKvhbb
                0x00001bd6       0x2e ./RF24/RF24.o
                0x00001bd6                RF24::startFastWrite(void const*, unsigned char, bool, bool)
 .text._ZN4RF245writeEPKvhb
                0x00001c04       0x4c ./RF24/RF24.o
                0x00001c04                RF24::write(void const*, unsigned char, bool)
 .text._ZN4RF245writeEPKvh
                0x00001c50        0x6 ./RF24/RF24.o
                0x00001c50                RF24::write(void const*, unsigned char)
 .text._ZN4RF249availableEPh
                0x00001c56       0x28 ./RF24/RF24.o
                0x00001c56                RF24::available(unsigned char*)
 .text._ZN4RF249availableEv
                0x00001c7e        0x6 ./RF24/RF24.o
                0x00001c7e                RF24::available()
 .text._ZN4RF244readEPvh
                0x00001c84       0x16 ./RF24/RF24.o
                0x00001c84                RF24::read(void*, unsigned char)
 .text._ZN4RF2415openWritingPipeEy
                0x00001c9a       0x2e ./RF24/RF24.o
                0x00001c9a                RF24::openWritingPipe(unsigned long long)
 .text._ZN4RF2415openReadingPipeEhy
                0x00001cc8       0x70 ./RF24/RF24.o
                0x00001cc8                RF24::openReadingPipe(unsigned char, unsigned long long)
 .text._ZN4RF2415setAddressWidthEh
                0x00001d38       0x2a ./RF24/RF24.o
                0x00001d38                RF24::setAddressWidth(unsigned char)
 *fill*         0x00001d62        0x2 
 .text._ZN4RF2416closeReadingPipeEh
                0x00001d64       0x2c ./RF24/RF24.o
                0x00001d64                RF24::closeReadingPipe(unsigned char)
 .text._ZN4RF2414startListeningEv
                0x00001d90       0x74 ./RF24/RF24.o
                0x00001d90                RF24::startListening()
 .text._ZN4RF2410setAutoAckEb
                0x00001e04        0xc ./RF24/RF24.o
                0x00001e04                RF24::setAutoAck(bool)
 .text._ZN4RF2410setPALevelEh
                0x00001e10       0x2e ./RF24/RF24.o
                0x00001e10                RF24::setPALevel(unsigned char)
 .text._ZN4RF2410getPALevelEv
                0x00001e3e        0xe ./RF24/RF24.o
                0x00001e3e                RF24::getPALevel()
 .text._ZN4RF2411setDataRateE15rf24_datarate_e
                0x00001e4c       0x46 ./RF24/RF24.o
                0x00001e4c                RF24::setDataRate(rf24_datarate_e)
 .text._ZN4RF2411getDataRateEv
                0x00001e92       0x1e ./RF24/RF24.o
                0x00001e92                RF24::getDataRate()
 .text._ZN4RF2412setCRCLengthE16rf24_crclength_e
                0x00001eb0       0x2a ./RF24/RF24.o
                0x00001eb0                RF24::setCRCLength(rf24_crclength_e)
 .text._ZN4RF2412getCRCLengthEv
                0x00001eda       0x26 ./RF24/RF24.o
                0x00001eda                RF24::getCRCLength()
 .text._ZN4RF2412printDetailsEv
                0x00001f00      0x120 ./RF24/RF24.o
                0x00001f00                RF24::printDetails()
 .text._ZN4RF2410setRetriesEhh
                0x00002020       0x10 ./RF24/RF24.o
                0x00002020                RF24::setRetries(unsigned char, unsigned char)
 .text.USTIMER_Init
                0x00002030       0xe0 ./RF24/ustimer.o
                0x00002030                USTIMER_Init
 .text.USTIMER_DelayIntSafe
                0x00002110       0x94 ./RF24/ustimer.o
                0x00002110                USTIMER_DelayIntSafe
 .text.TIMER0_IRQHandler
                0x000021a4       0x20 ./RF24/ustimer.o
                0x000021a4                TIMER0_IRQHandler
 .text._Z12prepare_uartv
                0x000021c4       0x44 ./RF24/utilities.o
                0x000021c4                prepare_uart()
 .text._Z13prepareClocksv
                0x00002208       0x70 ./RF24/utilities.o
                0x00002208                prepareClocks()
 .text._Z11prepareGPIOv
                0x00002278       0x28 ./RF24/utilities.o
                0x00002278                prepareGPIO()
 .text._Z17delayMicrosecondsm
                0x000022a0        0x4 ./RF24/utilities.o
                0x000022a0                delayMicroseconds(unsigned long)
 .text._Z6millisv
                0x000022a4        0xc ./RF24/utilities.o
                0x000022a4                millis()
 .text.SysTick_Handler
                0x000022b0       0x10 ./RF24/utilities.o
                0x000022b0                SysTick_Handler
 .text._Z5delaym
                0x000022c0       0x14 ./RF24/utilities.o
                0x000022c0                delay(unsigned long)
 .text._Z11send_stringPc
                0x000022d4       0x28 ./RF24/utilities.o
                0x000022d4                send_string(char*)
 .text._Z5printPKcz
                0x000022fc       0x26 ./RF24/utilities.o
                0x000022fc                print(char const*, ...)
 .text._Z7printlnPKcz
                0x00002322       0x38 ./RF24/utilities.o
                0x00002322                println(char const*, ...)
 *fill*         0x0000235a        0x6 
 .text._Z11prepareRF24v
                0x00002360       0x90 ./RF24/utilities.o
                0x00002360                prepareRF24()
 .text._Z13prepare_sleepv
                0x000023f0       0x24 ./RF24/utilities.o
                0x000023f0                prepare_sleep()
 .text._Z14prepare_wakeupv
                0x00002414        0xc ./RF24/utilities.o
                0x00002414                prepare_wakeup()
 .text._Z15transmit_packetPvh
                0x00002420       0x54 ./RF24/utilities.o
                0x00002420                transmit_packet(void*, unsigned char)
 .text._Z14receive_packetPvh
                0x00002474       0x4c ./RF24/utilities.o
                0x00002474                receive_packet(void*, unsigned char)
 .text._Z17reconfigure_radioP16provision_packet
                0x000024c0       0x24 ./RF24/utilities.o
                0x000024c0                reconfigure_radio(provision_packet*)
 .text.startup._GLOBAL__sub_I__SPI
                0x000024e4       0x38 ./RF24/utilities.o
 .text._Z35bmp280_compensate_temperature_int32l
                0x0000251c       0x38 ./Drivers/BMP280.o
                0x0000251c                bmp280_compensate_temperature_int32(long)
 .text._Z32bmp280_compensate_pressure_int32l
                0x00002554       0xa8 ./Drivers/BMP280.o
                0x00002554                bmp280_compensate_pressure_int32(long)
 .text._Z39bmp280_read_uncomp_pressure_temperaturePlS_
                0x000025fc       0x60 ./Drivers/BMP280.o
                0x000025fc                bmp280_read_uncomp_pressure_temperature(long*, long*)
 .text._Z32bmp280_read_pressure_temperaturePmPl
                0x0000265c       0x3c ./Drivers/BMP280.o
                0x0000265c                bmp280_read_pressure_temperature(unsigned long*, long*)
 .text._Z22bmp280_get_calib_paramv
                0x00002698       0xdc ./Drivers/BMP280.o
                0x00002698                bmp280_get_calib_param()
 .text._Z11bmp280_initP8bmp280_t
                0x00002774       0x58 ./Drivers/BMP280.o
                0x00002774                bmp280_init(bmp280_t*)
 .text._Z31bmp280_set_oversamp_temperatureh
                0x000027cc       0x54 ./Drivers/BMP280.o
                0x000027cc                bmp280_set_oversamp_temperature(unsigned char)
 .text._Z21bmp280_set_power_modeh
                0x00002820       0x40 ./Drivers/BMP280.o
                0x00002820                bmp280_set_power_mode(unsigned char)
 .text._Z17bmp280_set_filterh
                0x00002860       0x54 ./Drivers/BMP280.o
                0x00002860                bmp280_set_filter(unsigned char)
 .text._Z20bmp280_set_work_modeh
                0x000028b4       0xa8 ./Drivers/BMP280.o
                0x000028b4                bmp280_set_work_mode(unsigned char)
 .text.I2CSPM_Init
                0x0000295c       0xa8 ./Drivers/i2cspm.o
                0x0000295c                I2CSPM_Init
 .text.I2CSPM_Transfer
                0x00002a04       0x24 ./Drivers/i2cspm.o
                0x00002a04                I2CSPM_Transfer
 .text.checkAllTimers
                0x00002a28       0xa0 ./Drivers/rtcdriver.o
 .text.executeTimerCallbacks
                0x00002ac8       0x24 ./Drivers/rtcdriver.o
 .text.rescheduleRtc
                0x00002aec       0x94 ./Drivers/rtcdriver.o
 .text.RTCDRV_AllocateTimer
                0x00002b80       0x40 ./Drivers/rtcdriver.o
                0x00002b80                RTCDRV_AllocateTimer
 .text.RTCDRV_Init
                0x00002bc0       0x98 ./Drivers/rtcdriver.o
                0x00002bc0                RTCDRV_Init
 .text.RTCDRV_StartTimer
                0x00002c58      0x1e0 ./Drivers/rtcdriver.o
                0x00002c58                RTCDRV_StartTimer
 .text.RTCDRV_StopTimer
                0x00002e38       0x40 ./Drivers/rtcdriver.o
                0x00002e38                RTCDRV_StopTimer
 .text.RTC_IRQHandler
                0x00002e78       0x90 ./Drivers/rtcdriver.o
                0x00002e78                RTC_IRQHandler
 .text.Si7013_Measure
                0x00002f08       0x4e ./Drivers/si7013.o
 .text.Si7013_MeasureRHAndTemp
                0x00002f56       0x52 ./Drivers/si7013.o
                0x00002f56                Si7013_MeasureRHAndTemp
 .text.Si7013_Detect
                0x00002fa8       0x4c ./Drivers/si7013.o
                0x00002fa8                Si7013_Detect
 .text.enterEMx
                0x00002ff4       0x58 ./Drivers/sleep.o
 .text.SLEEP_Init
                0x0000304c       0x38 ./Drivers/sleep.o
                0x0000304c                SLEEP_Init
 .text.SLEEP_SleepBlockBegin
                0x00003084       0x28 ./Drivers/sleep.o
                0x00003084                SLEEP_SleepBlockBegin
 .text.SLEEP_LowestEnergyModeGet
                0x000030ac       0x1c ./Drivers/sleep.o
                0x000030ac                SLEEP_LowestEnergyModeGet
 .text.SLEEP_Sleep
                0x000030c8       0x28 ./Drivers/sleep.o
                0x000030c8                SLEEP_Sleep
 .text          0x000030f0       0x30 ./CMSIS/EFM32GG/startup_efm32gg.o
                0x000030f0                Reset_Handler
                0x0000311c                DebugMon_Handler
                0x0000311c                USART0_TX_IRQHandler
                0x0000311c                I2C0_IRQHandler
                0x0000311c                HardFault_Handler
                0x0000311c                LEUART1_IRQHandler
                0x0000311c                USART1_RX_IRQHandler
                0x0000311c                PendSV_Handler
                0x0000311c                NMI_Handler
                0x0000311c                I2C1_IRQHandler
                0x0000311c                TIMER3_IRQHandler
                0x0000311c                USART1_TX_IRQHandler
                0x0000311c                MSC_IRQHandler
                0x0000311c                ADC0_IRQHandler
                0x0000311c                UsageFault_Handler
                0x0000311c                LEUART0_IRQHandler
                0x0000311c                GPIO_EVEN_IRQHandler
                0x0000311c                UART0_TX_IRQHandler
                0x0000311c                UART1_TX_IRQHandler
                0x0000311c                TIMER2_IRQHandler
                0x0000311c                LCD_IRQHandler
                0x0000311c                PCNT2_IRQHandler
                0x0000311c                UART0_RX_IRQHandler
                0x0000311c                LETIMER0_IRQHandler
                0x0000311c                TIMER1_IRQHandler
                0x0000311c                USART2_RX_IRQHandler
                0x0000311c                Default_Handler
                0x0000311c                EMU_IRQHandler
                0x0000311c                PCNT0_IRQHandler
                0x0000311c                USB_IRQHandler
                0x0000311c                BURTC_IRQHandler
                0x0000311c                PCNT1_IRQHandler
                0x0000311c                ACMP0_IRQHandler
                0x0000311c                USART0_RX_IRQHandler
                0x0000311c                MemManage_Handler
                0x0000311c                SVC_Handler
                0x0000311c                DAC0_IRQHandler
                0x0000311c                UART1_RX_IRQHandler
                0x0000311c                CMU_IRQHandler
                0x0000311c                EBI_IRQHandler
                0x0000311c                LESENSE_IRQHandler
                0x0000311c                GPIO_ODD_IRQHandler
                0x0000311c                AES_IRQHandler
                0x0000311c                VCMP_IRQHandler
                0x0000311c                BusFault_Handler
                0x0000311c                USART2_TX_IRQHandler
 .text.SystemMaxCoreClockGet
                0x00003120        0x8 ./CMSIS/EFM32GG/system_efm32gg.o
                0x00003120                SystemMaxCoreClockGet
 .text.SystemHFClockGet
                0x00003128       0xc0 ./CMSIS/EFM32GG/system_efm32gg.o
                0x00003128                SystemHFClockGet
 .text.SystemCoreClockGet
                0x000031e8       0x20 ./CMSIS/EFM32GG/system_efm32gg.o
                0x000031e8                SystemCoreClockGet
 .text.SystemHFXOClockGet
                0x00003208        0xc ./CMSIS/EFM32GG/system_efm32gg.o
                0x00003208                SystemHFXOClockGet
 .text.SystemInit
                0x00003214        0x2 ./CMSIS/EFM32GG/system_efm32gg.o
                0x00003214                SystemInit
 .text.SystemLFRCOClockGet
                0x00003216        0x6 ./CMSIS/EFM32GG/system_efm32gg.o
                0x00003216                SystemLFRCOClockGet
 .text.SystemULFRCOClockGet
                0x0000321c        0x6 ./CMSIS/EFM32GG/system_efm32gg.o
                0x0000321c                SystemULFRCOClockGet
 *fill*         0x00003222        0x2 
 .text.SystemLFXOClockGet
                0x00003224        0xc ./CMSIS/EFM32GG/system_efm32gg.o
                0x00003224                SystemLFXOClockGet
 .text          0x00003230       0x30 t:/siliconlabs/simplicitystudio/v4/developer/toolchains/gnu_arm/4.9_2015q3/bin/../lib/gcc/arm-none-eabi/4.9.3/armv7-m\libgcc.a(_aeabi_uldivmod.o)
                0x00003230                __aeabi_uldivmod
 .text          0x00003260       0x60 t:/siliconlabs/simplicitystudio/v4/developer/toolchains/gnu_arm/4.9_2015q3/bin/../lib/gcc/arm-none-eabi/4.9.3/armv7-m\libgcc.a(bpabi.o)
                0x00003260                __gnu_ldivmod_helper
                0x00003290                __gnu_uldivmod_helper
 .text          0x000032c0      0xa54 t:/siliconlabs/simplicitystudio/v4/developer/toolchains/gnu_arm/4.9_2015q3/bin/../lib/gcc/arm-none-eabi/4.9.3/armv7-m\libgcc.a(unwind-arm.o)
                0x000035a0                _Unwind_GetCFA
                0x000035a4                __gnu_Unwind_RaiseException
                0x00003604                __gnu_Unwind_ForcedUnwind
                0x00003618                __gnu_Unwind_Resume
                0x0000365c                __gnu_Unwind_Resume_or_Rethrow
                0x00003670                _Unwind_Complete
                0x00003674                _Unwind_DeleteException
                0x00003680                _Unwind_VRS_Get
                0x000036d0                _Unwind_VRS_Set
                0x00003720                __gnu_Unwind_Backtrace
                0x00003a64                __aeabi_unwind_cpp_pr0
                0x00003a68                __aeabi_unwind_cpp_pr1
                0x00003a6c                __aeabi_unwind_cpp_pr2
                0x00003a70                _Unwind_VRS_Pop
 .text          0x00003d14      0x1ac t:/siliconlabs/simplicitystudio/v4/developer/toolchains/gnu_arm/4.9_2015q3/bin/../lib/gcc/arm-none-eabi/4.9.3/armv7-m\libgcc.a(libunwind.o)
                0x00003d14                __restore_core_regs
                0x00003d14                restore_core_regs
                0x00003d2c                __gnu_Unwind_Restore_VFP
                0x00003d34                __gnu_Unwind_Save_VFP
                0x00003d3c                __gnu_Unwind_Restore_VFP_D
                0x00003d44                __gnu_Unwind_Save_VFP_D
                0x00003d4c                __gnu_Unwind_Restore_VFP_D_16_to_31
                0x00003d54                __gnu_Unwind_Save_VFP_D_16_to_31
                0x00003d5c                __gnu_Unwind_Restore_WMMXD
                0x00003da0                __gnu_Unwind_Save_WMMXD
                0x00003de4                __gnu_Unwind_Restore_WMMXC
                0x00003df8                __gnu_Unwind_Save_WMMXC
                0x00003e0c                ___Unwind_RaiseException
                0x00003e0c                _Unwind_RaiseException
                0x00003e30                _Unwind_Resume
                0x00003e30                ___Unwind_Resume
                0x00003e54                _Unwind_Resume_or_Rethrow
                0x00003e54                ___Unwind_Resume_or_Rethrow
                0x00003e78                _Unwind_ForcedUnwind
                0x00003e78                ___Unwind_ForcedUnwind
                0x00003e9c                ___Unwind_Backtrace
                0x00003e9c                _Unwind_Backtrace
 .text          0x00003ec0      0x37c t:/siliconlabs/simplicitystudio/v4/developer/toolchains/gnu_arm/4.9_2015q3/bin/../lib/gcc/arm-none-eabi/4.9.3/armv7-m\libgcc.a(pr-support.o)
                0x00003f18                __gnu_unwind_execute
                0x000041e4                __gnu_unwind_frame
                0x0000420c                _Unwind_GetRegionStart
                0x00004218                _Unwind_GetLanguageSpecificData
                0x0000422c                _Unwind_GetDataRelBase
                0x00004234                _Unwind_GetTextRelBase
 .text          0x0000423c        0x4 t:/siliconlabs/simplicitystudio/v4/developer/toolchains/gnu_arm/4.9_2015q3/bin/../lib/gcc/arm-none-eabi/4.9.3/armv7-m\libgcc.a(_dvmd_tls.o)
                0x0000423c                __aeabi_idiv0
                0x0000423c                __aeabi_ldiv0
 .text          0x00004240      0x2ac t:/siliconlabs/simplicitystudio/v4/developer/toolchains/gnu_arm/4.9_2015q3/bin/../lib/gcc/arm-none-eabi/4.9.3/armv7-m\libgcc.a(_divdi3.o)
                0x00004240                __divdi3
 .text          0x000044ec      0x270 t:/siliconlabs/simplicitystudio/v4/developer/toolchains/gnu_arm/4.9_2015q3/bin/../lib/gcc/arm-none-eabi/4.9.3/armv7-m\libgcc.a(_udivdi3.o)
                0x000044ec                __udivdi3
 .text.__aeabi_atexit
                0x0000475c        0xa t:/siliconlabs/simplicitystudio/v4/developer/toolchains/gnu_arm/4.9_2015q3/bin/../lib/gcc/arm-none-eabi/4.9.3/../../../../arm-none-eabi/lib/armv7-m\libstdc++_nano.a(atexit_arm.o)
                0x0000475c                __aeabi_atexit
 .text._ZdlPv   0x00004766        0x4 t:/siliconlabs/simplicitystudio/v4/developer/toolchains/gnu_arm/4.9_2015q3/bin/../lib/gcc/arm-none-eabi/4.9.3/../../../../arm-none-eabi/lib/armv7-m\libstdc++_nano.a(del_op.o)
                0x00004766                operator delete(void*)
 .text._ZNK10__cxxabiv117__class_type_info11__do_upcastEPKS0_PPv
                0x0000476a       0x34 t:/siliconlabs/simplicitystudio/v4/developer/toolchains/gnu_arm/4.9_2015q3/bin/../lib/gcc/arm-none-eabi/4.9.3/../../../../arm-none-eabi/lib/armv7-m\libstdc++_nano.a(class_type_info.o)
                0x0000476a                __cxxabiv1::__class_type_info::__do_upcast(__cxxabiv1::__class_type_info const*, void**) const
 .text._ZNK10__cxxabiv117__class_type_info20__do_find_public_srcEiPKvPKS0_S2_
                0x0000479e        0xc t:/siliconlabs/simplicitystudio/v4/developer/toolchains/gnu_arm/4.9_2015q3/bin/../lib/gcc/arm-none-eabi/4.9.3/../../../../arm-none-eabi/lib/armv7-m\libstdc++_nano.a(class_type_info.o)
                0x0000479e                __cxxabiv1::__class_type_info::__do_find_public_src(int, void const*, __cxxabiv1::__class_type_info const*, void const*) const
 *fill*         0x000047aa        0x2 
 .text._ZN10__cxxabiv117__class_type_infoD2Ev
                0x000047ac       0x14 t:/siliconlabs/simplicitystudio/v4/developer/toolchains/gnu_arm/4.9_2015q3/bin/../lib/gcc/arm-none-eabi/4.9.3/../../../../arm-none-eabi/lib/armv7-m\libstdc++_nano.a(class_type_info.o)
                0x000047ac                __cxxabiv1::__class_type_info::~__class_type_info()
                0x000047ac                __cxxabiv1::__class_type_info::~__class_type_info()
 .text._ZN10__cxxabiv117__class_type_infoD0Ev
                0x000047c0       0x12 t:/siliconlabs/simplicitystudio/v4/developer/toolchains/gnu_arm/4.9_2015q3/bin/../lib/gcc/arm-none-eabi/4.9.3/../../../../arm-none-eabi/lib/armv7-m\libstdc++_nano.a(class_type_info.o)
                0x000047c0                __cxxabiv1::__class_type_info::~__class_type_info()
 .text._ZNK10__cxxabiv117__class_type_info11__do_upcastEPKS0_PKvRNS0_15__upcast_resultE
                0x000047d2       0x18 t:/siliconlabs/simplicitystudio/v4/developer/toolchains/gnu_arm/4.9_2015q3/bin/../lib/gcc/arm-none-eabi/4.9.3/../../../../arm-none-eabi/lib/armv7-m\libstdc++_nano.a(class_type_info.o)
                0x000047d2                __cxxabiv1::__class_type_info::__do_upcast(__cxxabiv1::__class_type_info const*, void const*, __cxxabiv1::__class_type_info::__upcast_result&) const
 .text._ZNK10__cxxabiv117__class_type_info10__do_catchEPKSt9type_infoPPvj
                0x000047ea       0x2a t:/siliconlabs/simplicitystudio/v4/developer/toolchains/gnu_arm/4.9_2015q3/bin/../lib/gcc/arm-none-eabi/4.9.3/../../../../arm-none-eabi/lib/armv7-m\libstdc++_nano.a(class_type_info.o)
                0x000047ea                __cxxabiv1::__class_type_info::__do_catch(std::type_info const*, void**, unsigned int) const
 .text._ZNK10__cxxabiv117__class_type_info12__do_dyncastEiNS0_10__sub_kindEPKS0_PKvS3_S5_RNS0_16__dyncast_resultE
                0x00004814       0x38 t:/siliconlabs/simplicitystudio/v4/developer/toolchains/gnu_arm/4.9_2015q3/bin/../lib/gcc/arm-none-eabi/4.9.3/../../../../arm-none-eabi/lib/armv7-m\libstdc++_nano.a(class_type_info.o)
                0x00004814                __cxxabiv1::__class_type_info::__do_dyncast(int, __cxxabiv1::__class_type_info::__sub_kind, __cxxabiv1::__class_type_info const*, void const*, __cxxabiv1::__class_type_info const*, void const*, __cxxabiv1::__class_type_info::__dyncast_result&) const
 .text._ZN10__cxxabiv120__si_class_type_infoD2Ev
                0x0000484c       0x14 t:/siliconlabs/simplicitystudio/v4/developer/toolchains/gnu_arm/4.9_2015q3/bin/../lib/gcc/arm-none-eabi/4.9.3/../../../../arm-none-eabi/lib/armv7-m\libstdc++_nano.a(si_class_type_info.o)
                0x0000484c                __cxxabiv1::__si_class_type_info::~__si_class_type_info()
                0x0000484c                __cxxabiv1::__si_class_type_info::~__si_class_type_info()
 .text._ZN10__cxxabiv120__si_class_type_infoD0Ev
                0x00004860       0x12 t:/siliconlabs/simplicitystudio/v4/developer/toolchains/gnu_arm/4.9_2015q3/bin/../lib/gcc/arm-none-eabi/4.9.3/../../../../arm-none-eabi/lib/armv7-m\libstdc++_nano.a(si_class_type_info.o)
                0x00004860                __cxxabiv1::__si_class_type_info::~__si_class_type_info()
 .text._ZNK10__cxxabiv120__si_class_type_info20__do_find_public_srcEiPKvPKNS_17__class_type_infoES2_
                0x00004872       0x38 t:/siliconlabs/simplicitystudio/v4/developer/toolchains/gnu_arm/4.9_2015q3/bin/../lib/gcc/arm-none-eabi/4.9.3/../../../../arm-none-eabi/lib/armv7-m\libstdc++_nano.a(si_class_type_info.o)
                0x00004872                __cxxabiv1::__si_class_type_info::__do_find_public_src(int, void const*, __cxxabiv1::__class_type_info const*, void const*) const
 .text._ZNK10__cxxabiv120__si_class_type_info12__do_dyncastEiNS_17__class_type_info10__sub_kindEPKS1_PKvS4_S6_RNS1_16__dyncast_resultE
                0x000048aa       0x7c t:/siliconlabs/simplicitystudio/v4/developer/toolchains/gnu_arm/4.9_2015q3/bin/../lib/gcc/arm-none-eabi/4.9.3/../../../../arm-none-eabi/lib/armv7-m\libstdc++_nano.a(si_class_type_info.o)
                0x000048aa                __cxxabiv1::__si_class_type_info::__do_dyncast(int, __cxxabiv1::__class_type_info::__sub_kind, __cxxabiv1::__class_type_info const*, void const*, __cxxabiv1::__class_type_info const*, void const*, __cxxabiv1::__class_type_info::__dyncast_result&) const
 .text._ZNK10__cxxabiv120__si_class_type_info11__do_upcastEPKNS_17__class_type_infoEPKvRNS1_15__upcast_resultE
                0x00004926       0x2a t:/siliconlabs/simplicitystudio/v4/developer/toolchains/gnu_arm/4.9_2015q3/bin/../lib/gcc/arm-none-eabi/4.9.3/../../../../arm-none-eabi/lib/armv7-m\libstdc++_nano.a(si_class_type_info.o)
                0x00004926                __cxxabiv1::__si_class_type_info::__do_upcast(__cxxabiv1::__class_type_info const*, void const*, __cxxabiv1::__class_type_info::__upcast_result&) const
 .text._ZNSt9type_infoD2Ev
                0x00004950        0x2 t:/siliconlabs/simplicitystudio/v4/developer/toolchains/gnu_arm/4.9_2015q3/bin/../lib/gcc/arm-none-eabi/4.9.3/../../../../arm-none-eabi/lib/armv7-m\libstdc++_nano.a(tinfo.o)
                0x00004950                std::type_info::~type_info()
                0x00004950                std::type_info::~type_info()
 .text._ZNKSt9type_info14__is_pointer_pEv
                0x00004952        0x4 t:/siliconlabs/simplicitystudio/v4/developer/toolchains/gnu_arm/4.9_2015q3/bin/../lib/gcc/arm-none-eabi/4.9.3/../../../../arm-none-eabi/lib/armv7-m\libstdc++_nano.a(tinfo.o)
                0x00004952                std::type_info::__is_pointer_p() const
 .text._ZNKSt9type_info15__is_function_pEv
                0x00004956        0x4 t:/siliconlabs/simplicitystudio/v4/developer/toolchains/gnu_arm/4.9_2015q3/bin/../lib/gcc/arm-none-eabi/4.9.3/../../../../arm-none-eabi/lib/armv7-m\libstdc++_nano.a(tinfo.o)
                0x00004956                std::type_info::__is_function_p() const
 .text._ZNKSt9type_infoeqERKS_
                0x0000495a       0x2c t:/siliconlabs/simplicitystudio/v4/developer/toolchains/gnu_arm/4.9_2015q3/bin/../lib/gcc/arm-none-eabi/4.9.3/../../../../arm-none-eabi/lib/armv7-m\libstdc++_nano.a(tinfo.o)
                0x0000495a                std::type_info::operator==(std::type_info const&) const
 .text.abort    0x00004986        0xe t:/siliconlabs/simplicitystudio/v4/developer/toolchains/gnu_arm/4.9_2015q3/bin/../lib/gcc/arm-none-eabi/4.9.3/../../../../arm-none-eabi/lib/armv7-m\libc_nano.a(lib_a-abort.o)
                0x00004986                abort
 .text.__cxa_atexit
                0x00004994       0x1c t:/siliconlabs/simplicitystudio/v4/developer/toolchains/gnu_arm/4.9_2015q3/bin/../lib/gcc/arm-none-eabi/4.9.3/../../../../arm-none-eabi/lib/armv7-m\libc_nano.a(lib_a-cxa_atexit.o)
                0x00004994                __cxa_atexit
 .text.exit     0x000049b0       0x28 t:/siliconlabs/simplicitystudio/v4/developer/toolchains/gnu_arm/4.9_2015q3/bin/../lib/gcc/arm-none-eabi/4.9.3/../../../../arm-none-eabi/lib/armv7-m\libc_nano.a(lib_a-exit.o)
                0x000049b0                exit
 .text.__libc_init_array
                0x000049d8       0x4c t:/siliconlabs/simplicitystudio/v4/developer/toolchains/gnu_arm/4.9_2015q3/bin/../lib/gcc/arm-none-eabi/4.9.3/../../../../arm-none-eabi/lib/armv7-m\libc_nano.a(lib_a-init.o)
                0x000049d8                __libc_init_array
 .text.free     0x00004a24       0x10 t:/siliconlabs/simplicitystudio/v4/developer/toolchains/gnu_arm/4.9_2015q3/bin/../lib/gcc/arm-none-eabi/4.9.3/../../../../arm-none-eabi/lib/armv7-m\libc_nano.a(lib_a-malloc.o)
                0x00004a24                free
 .text.memcpy   0x00004a34       0x16 t:/siliconlabs/simplicitystudio/v4/developer/toolchains/gnu_arm/4.9_2015q3/bin/../lib/gcc/arm-none-eabi/4.9.3/../../../../arm-none-eabi/lib/armv7-m\libc_nano.a(lib_a-memcpy.o)
                0x00004a34                memcpy
 .text.memset   0x00004a4a       0x10 t:/siliconlabs/simplicitystudio/v4/developer/toolchains/gnu_arm/4.9_2015q3/bin/../lib/gcc/arm-none-eabi/4.9.3/../../../../arm-none-eabi/lib/armv7-m\libc_nano.a(lib_a-memset.o)
                0x00004a4a                memset
 *fill*         0x00004a5a        0x2 
 .text._free_r  0x00004a5c       0x88 t:/siliconlabs/simplicitystudio/v4/developer/toolchains/gnu_arm/4.9_2015q3/bin/../lib/gcc/arm-none-eabi/4.9.3/../../../../arm-none-eabi/lib/armv7-m\libc_nano.a(lib_a-nano-freer.o)
                0x00004a5c                _free_r
 .text._malloc_r
                0x00004ae4       0xac t:/siliconlabs/simplicitystudio/v4/developer/toolchains/gnu_arm/4.9_2015q3/bin/../lib/gcc/arm-none-eabi/4.9.3/../../../../arm-none-eabi/lib/armv7-m\libc_nano.a(lib_a-nano-mallocr.o)
                0x00004ae4                _malloc_r
 .text._sbrk_r  0x00004b90       0x20 t:/siliconlabs/simplicitystudio/v4/developer/toolchains/gnu_arm/4.9_2015q3/bin/../lib/gcc/arm-none-eabi/4.9.3/../../../../arm-none-eabi/lib/armv7-m\libc_nano.a(lib_a-sbrkr.o)
                0x00004b90                _sbrk_r
 .text._raise_r
                0x00004bb0       0x50 t:/siliconlabs/simplicitystudio/v4/developer/toolchains/gnu_arm/4.9_2015q3/bin/../lib/gcc/arm-none-eabi/4.9.3/../../../../arm-none-eabi/lib/armv7-m\libc_nano.a(lib_a-signal.o)
                0x00004bb0                _raise_r
 .text.raise    0x00004c00       0x10 t:/siliconlabs/simplicitystudio/v4/developer/toolchains/gnu_arm/4.9_2015q3/bin/../lib/gcc/arm-none-eabi/4.9.3/../../../../arm-none-eabi/lib/armv7-m\libc_nano.a(lib_a-signal.o)
                0x00004c00                raise
 .text._kill_r  0x00004c10       0x24 t:/siliconlabs/simplicitystudio/v4/developer/toolchains/gnu_arm/4.9_2015q3/bin/../lib/gcc/arm-none-eabi/4.9.3/../../../../arm-none-eabi/lib/armv7-m\libc_nano.a(lib_a-signalr.o)
                0x00004c10                _kill_r
 .text._getpid_r
                0x00004c34        0x4 t:/siliconlabs/simplicitystudio/v4/developer/toolchains/gnu_arm/4.9_2015q3/bin/../lib/gcc/arm-none-eabi/4.9.3/../../../../arm-none-eabi/lib/armv7-m\libc_nano.a(lib_a-signalr.o)
                0x00004c34                _getpid_r
 .text          0x00004c38       0x14 t:/siliconlabs/simplicitystudio/v4/developer/toolchains/gnu_arm/4.9_2015q3/bin/../lib/gcc/arm-none-eabi/4.9.3/../../../../arm-none-eabi/lib/armv7-m\libc_nano.a(lib_a-strcmp.o)
                0x00004c38                strcmp
 .text._vsnprintf_r
                0x00004c4c       0x52 t:/siliconlabs/simplicitystudio/v4/developer/toolchains/gnu_arm/4.9_2015q3/bin/../lib/gcc/arm-none-eabi/4.9.3/../../../../arm-none-eabi/lib/armv7-m\libc_nano.a(lib_a-vsnprintf.o)
                0x00004c4c                _vsniprintf_r
                0x00004c4c                _vsnprintf_r
 *fill*         0x00004c9e        0x2 
 .text.vsnprintf
                0x00004ca0       0x20 t:/siliconlabs/simplicitystudio/v4/developer/toolchains/gnu_arm/4.9_2015q3/bin/../lib/gcc/arm-none-eabi/4.9.3/../../../../arm-none-eabi/lib/armv7-m\libc_nano.a(lib_a-vsnprintf.o)
                0x00004ca0                vsniprintf
                0x00004ca0                vsnprintf
 .text.__ssputs_r
                0x00004cc0       0xb2 t:/siliconlabs/simplicitystudio/v4/developer/toolchains/gnu_arm/4.9_2015q3/bin/../lib/gcc/arm-none-eabi/4.9.3/../../../../arm-none-eabi/lib/armv7-m\libc_nano.a(lib_a-nano-svfprintf.o)
                0x00004cc0                __ssputs_r
 *fill*         0x00004d72        0x2 
 .text._svfprintf_r
                0x00004d74      0x1e4 t:/siliconlabs/simplicitystudio/v4/developer/toolchains/gnu_arm/4.9_2015q3/bin/../lib/gcc/arm-none-eabi/4.9.3/../../../../arm-none-eabi/lib/armv7-m\libc_nano.a(lib_a-nano-svfprintf.o)
                0x00004d74                _svfiprintf_r
                0x00004d74                _svfprintf_r
 .text._printf_common
                0x00004f58       0xea t:/siliconlabs/simplicitystudio/v4/developer/toolchains/gnu_arm/4.9_2015q3/bin/../lib/gcc/arm-none-eabi/4.9.3/../../../../arm-none-eabi/lib/armv7-m\libc_nano.a(lib_a-nano-vfprintf_i.o)
                0x00004f58                _printf_common
 *fill*         0x00005042        0x2 
 .text._printf_i
                0x00005044      0x240 t:/siliconlabs/simplicitystudio/v4/developer/toolchains/gnu_arm/4.9_2015q3/bin/../lib/gcc/arm-none-eabi/4.9.3/../../../../arm-none-eabi/lib/armv7-m\libc_nano.a(lib_a-nano-vfprintf_i.o)
                0x00005044                _printf_i
 .text.memchr   0x00005284       0x1c t:/siliconlabs/simplicitystudio/v4/developer/toolchains/gnu_arm/4.9_2015q3/bin/../lib/gcc/arm-none-eabi/4.9.3/../../../../arm-none-eabi/lib/armv7-m\libc_nano.a(lib_a-memchr.o)
                0x00005284                memchr
 .text.memmove  0x000052a0       0x36 t:/siliconlabs/simplicitystudio/v4/developer/toolchains/gnu_arm/4.9_2015q3/bin/../lib/gcc/arm-none-eabi/4.9.3/../../../../arm-none-eabi/lib/armv7-m\libc_nano.a(lib_a-memmove.o)
                0x000052a0                memmove
 .text._realloc_r
                0x000052d6       0x4c t:/siliconlabs/simplicitystudio/v4/developer/toolchains/gnu_arm/4.9_2015q3/bin/../lib/gcc/arm-none-eabi/4.9.3/../../../../arm-none-eabi/lib/armv7-m\libc_nano.a(lib_a-nano-reallocr.o)
                0x000052d6                _realloc_r
 .text._malloc_usable_size_r
                0x00005322       0x14 t:/siliconlabs/simplicitystudio/v4/developer/toolchains/gnu_arm/4.9_2015q3/bin/../lib/gcc/arm-none-eabi/4.9.3/../../../../arm-none-eabi/lib/armv7-m\libc_nano.a(lib_a-nano-msizer.o)
                0x00005322                _malloc_usable_size_r
 *fill*         0x00005336        0x2 
 .text._getpid  0x00005338       0x10 t:/siliconlabs/simplicitystudio/v4/developer/toolchains/gnu_arm/4.9_2015q3/bin/../lib/gcc/arm-none-eabi/4.9.3/../../../../arm-none-eabi/lib/armv7-m\libnosys.a(getpid.o)
                0x00005338                _getpid
 .text._kill    0x00005348       0x10 t:/siliconlabs/simplicitystudio/v4/developer/toolchains/gnu_arm/4.9_2015q3/bin/../lib/gcc/arm-none-eabi/4.9.3/../../../../arm-none-eabi/lib/armv7-m\libnosys.a(kill.o)
                0x00005348                _kill
 .text._sbrk    0x00005358       0x1c t:/siliconlabs/simplicitystudio/v4/developer/toolchains/gnu_arm/4.9_2015q3/bin/../lib/gcc/arm-none-eabi/4.9.3/../../../../arm-none-eabi/lib/armv7-m\libnosys.a(sbrk.o)
                0x00005358                _sbrk
 .text._exit    0x00005374        0x4 t:/siliconlabs/simplicitystudio/v4/developer/toolchains/gnu_arm/4.9_2015q3/bin/../lib/gcc/arm-none-eabi/4.9.3/../../../../arm-none-eabi/lib/armv7-m\libnosys.a(_exit.o)
                0x00005374                _exit
 *(.init)
 .init          0x00005378        0x4 t:/siliconlabs/simplicitystudio/v4/developer/toolchains/gnu_arm/4.9_2015q3/bin/../lib/gcc/arm-none-eabi/4.9.3/armv7-m/crti.o
                0x00005378                _init
 .init          0x0000537c        0x8 t:/siliconlabs/simplicitystudio/v4/developer/toolchains/gnu_arm/4.9_2015q3/bin/../lib/gcc/arm-none-eabi/4.9.3/armv7-m/crtn.o
 *(.fini)
 .fini          0x00005384        0x4 t:/siliconlabs/simplicitystudio/v4/developer/toolchains/gnu_arm/4.9_2015q3/bin/../lib/gcc/arm-none-eabi/4.9.3/armv7-m/crti.o
                0x00005384                _fini
 .fini          0x00005388        0x8 t:/siliconlabs/simplicitystudio/v4/developer/toolchains/gnu_arm/4.9_2015q3/bin/../lib/gcc/arm-none-eabi/4.9.3/armv7-m/crtn.o
 *crtbegin.o(.ctors)
 *crtbegin?.o(.ctors)
 *(EXCLUDE_FILE(*crtend.o *crtend?.o) .ctors)
 *(SORT(.ctors.*))
 *(.ctors)
 *crtbegin.o(.dtors)
 *crtbegin?.o(.dtors)
 *(EXCLUDE_FILE(*crtend.o *crtend?.o) .dtors)
 *(SORT(.dtors.*))
 *(.dtors)
 *(.rodata*)
 .rodata        0x00005390       0x24 ./src/main.o
 .rodata.str1.1
                0x000053b4       0x95 ./src/main.o
 .rodata.i2cNSum
                0x00005449        0x4 ./emlib/em_i2c.o
 *fill*         0x0000544d        0x3 
 .rodata.resetCauseMasks
                0x00005450       0x80 ./emlib/em_rmu.o
 .rodata        0x000054d0       0x18 ./RF24/HardwareSPI.o
 .rodata._ZTV11HardwareSPI
                0x000054e8       0x10 ./RF24/HardwareSPI.o
                0x000054e8                vtable for HardwareSPI
 .rodata._ZTS11HardwareSPI
                0x000054f8        0xe ./RF24/HardwareSPI.o
                0x000054f8                typeinfo name for HardwareSPI
 *fill*         0x00005506        0x2 
 .rodata._ZTI11HardwareSPI
                0x00005508        0x8 ./RF24/HardwareSPI.o
                0x00005508                typeinfo for HardwareSPI
 .rodata._ZL22rf24_crclength_e_str_0
                0x00005510        0x9 ./RF24/RF24.o
 *fill*         0x00005519        0x3 
 .rodata._ZL22rf24_crclength_e_str_P
                0x0000551c        0xc ./RF24/RF24.o
 .rodata._ZL19rf24_pa_dbm_e_str_0
                0x00005528        0x7 ./RF24/RF24.o
 .rodata._ZL18child_payload_size
                0x0000552f        0x6 ./RF24/RF24.o
 .rodata._ZL19rf24_pa_dbm_e_str_2
                0x00005535        0x8 ./RF24/RF24.o
 .rodata._ZL19rf24_pa_dbm_e_str_3
                0x0000553d        0x7 ./RF24/RF24.o
 .rodata._ZL19rf24_pa_dbm_e_str_1
                0x00005544        0x7 ./RF24/RF24.o
 .rodata._ZL21rf24_datarate_e_str_0
                0x0000554b        0x6 ./RF24/RF24.o
 *fill*         0x00005551        0x3 
 .rodata._ZL19rf24_pa_dbm_e_str_P
                0x00005554       0x10 ./RF24/RF24.o
 .rodata._ZL21rf24_datarate_e_str_1
                0x00005564        0x6 ./RF24/RF24.o
 .rodata._ZL21rf24_datarate_e_str_2
                0x0000556a        0x8 ./RF24/RF24.o
 *fill*         0x00005572        0x2 
 .rodata._ZL21rf24_datarate_e_str_P
                0x00005574        0xc ./RF24/RF24.o
 .rodata._ZL10child_pipe
                0x00005580        0x6 ./RF24/RF24.o
 .rodata.str1.1
                0x00005586      0x12c ./RF24/RF24.o
                                0x134 (size before relaxing)
 .rodata._ZL18rf24_model_e_str_1
                0x000056b2        0xa ./RF24/RF24.o
 .rodata._ZL22rf24_crclength_e_str_1
                0x000056bc        0x7 ./RF24/RF24.o
 .rodata._ZL22rf24_crclength_e_str_2
                0x000056c3        0x8 ./RF24/RF24.o
 .rodata._ZL18rf24_model_e_str_0
                0x000056cb        0x9 ./RF24/RF24.o
 .rodata._ZL18rf24_model_e_str_P
                0x000056d4        0x8 ./RF24/RF24.o
 .rodata._ZL17child_pipe_enable
                0x000056dc        0x6 ./RF24/RF24.o
 *fill*         0x000056e2        0x2 
 .rodata        0x000056e4       0x18 ./RF24/utilities.o
 .rodata.str1.1
                0x000056fc       0x37 ./RF24/utilities.o
                                 0x38 (size before relaxing)
 .rodata.initRTC
                0x00005733        0x3 ./Drivers/rtcdriver.o
 *fill*         0x00005736        0x2 
 .rodata._ZTVN10__cxxabiv117__class_type_infoE
                0x00005738       0x2c t:/siliconlabs/simplicitystudio/v4/developer/toolchains/gnu_arm/4.9_2015q3/bin/../lib/gcc/arm-none-eabi/4.9.3/../../../../arm-none-eabi/lib/armv7-m\libstdc++_nano.a(class_type_info.o)
                0x00005738                vtable for __cxxabiv1::__class_type_info
 .rodata._ZTIN10__cxxabiv117__class_type_infoE
                0x00005764        0xc t:/siliconlabs/simplicitystudio/v4/developer/toolchains/gnu_arm/4.9_2015q3/bin/../lib/gcc/arm-none-eabi/4.9.3/../../../../arm-none-eabi/lib/armv7-m\libstdc++_nano.a(class_type_info.o)
                0x00005764                typeinfo for __cxxabiv1::__class_type_info
 .rodata._ZTSN10__cxxabiv117__class_type_infoE
                0x00005770       0x22 t:/siliconlabs/simplicitystudio/v4/developer/toolchains/gnu_arm/4.9_2015q3/bin/../lib/gcc/arm-none-eabi/4.9.3/../../../../arm-none-eabi/lib/armv7-m\libstdc++_nano.a(class_type_info.o)
                0x00005770                typeinfo name for __cxxabiv1::__class_type_info
 *fill*         0x00005792        0x6 
 .rodata._ZTVN10__cxxabiv120__si_class_type_infoE
                0x00005798       0x2c t:/siliconlabs/simplicitystudio/v4/developer/toolchains/gnu_arm/4.9_2015q3/bin/../lib/gcc/arm-none-eabi/4.9.3/../../../../arm-none-eabi/lib/armv7-m\libstdc++_nano.a(si_class_type_info.o)
                0x00005798                vtable for __cxxabiv1::__si_class_type_info
 .rodata._ZTIN10__cxxabiv120__si_class_type_infoE
                0x000057c4        0xc t:/siliconlabs/simplicitystudio/v4/developer/toolchains/gnu_arm/4.9_2015q3/bin/../lib/gcc/arm-none-eabi/4.9.3/../../../../arm-none-eabi/lib/armv7-m\libstdc++_nano.a(si_class_type_info.o)
                0x000057c4                typeinfo for __cxxabiv1::__si_class_type_info
 .rodata._ZTSN10__cxxabiv120__si_class_type_infoE
                0x000057d0       0x25 t:/siliconlabs/simplicitystudio/v4/developer/toolchains/gnu_arm/4.9_2015q3/bin/../lib/gcc/arm-none-eabi/4.9.3/../../../../arm-none-eabi/lib/armv7-m\libstdc++_nano.a(si_class_type_info.o)
                0x000057d0                typeinfo name for __cxxabiv1::__si_class_type_info
 *fill*         0x000057f5        0x3 
 .rodata._ZTISt9type_info
                0x000057f8        0x8 t:/siliconlabs/simplicitystudio/v4/developer/toolchains/gnu_arm/4.9_2015q3/bin/../lib/gcc/arm-none-eabi/4.9.3/../../../../arm-none-eabi/lib/armv7-m\libstdc++_nano.a(tinfo.o)
                0x000057f8                typeinfo for std::type_info
 .rodata._ZTSSt9type_info
                0x00005800        0xd t:/siliconlabs/simplicitystudio/v4/developer/toolchains/gnu_arm/4.9_2015q3/bin/../lib/gcc/arm-none-eabi/4.9.3/../../../../arm-none-eabi/lib/armv7-m\libstdc++_nano.a(tinfo.o)
                0x00005800                typeinfo name for std::type_info
 .rodata.str1.1
                0x0000580d        0x2 t:/siliconlabs/simplicitystudio/v4/developer/toolchains/gnu_arm/4.9_2015q3/bin/../lib/gcc/arm-none-eabi/4.9.3/../../../../arm-none-eabi/lib/armv7-m\libc_nano.a(lib_a-impure.o)
 *fill*         0x0000580f        0x1 
 .rodata._global_impure_ptr
                0x00005810        0x4 t:/siliconlabs/simplicitystudio/v4/developer/toolchains/gnu_arm/4.9_2015q3/bin/../lib/gcc/arm-none-eabi/4.9.3/../../../../arm-none-eabi/lib/armv7-m\libc_nano.a(lib_a-impure.o)
                0x00005810                _global_impure_ptr
 .rodata.str1.1
                0x00005814       0x11 t:/siliconlabs/simplicitystudio/v4/developer/toolchains/gnu_arm/4.9_2015q3/bin/../lib/gcc/arm-none-eabi/4.9.3/../../../../arm-none-eabi/lib/armv7-m\libc_nano.a(lib_a-nano-svfprintf.o)
 .rodata.str1.1
                0x00005825       0x11 t:/siliconlabs/simplicitystudio/v4/developer/toolchains/gnu_arm/4.9_2015q3/bin/../lib/gcc/arm-none-eabi/4.9.3/../../../../arm-none-eabi/lib/armv7-m\libc_nano.a(lib_a-nano-vfprintf_i.o)
                                 0x22 (size before relaxing)
 *(.eh_frame*)
 *fill*         0x00005836        0x2 
 .eh_frame      0x00005838        0x0 t:/siliconlabs/simplicitystudio/v4/developer/toolchains/gnu_arm/4.9_2015q3/bin/../lib/gcc/arm-none-eabi/4.9.3/armv7-m/crtbegin.o
 .eh_frame      0x00005838       0x28 t:/siliconlabs/simplicitystudio/v4/developer/toolchains/gnu_arm/4.9_2015q3/bin/../lib/gcc/arm-none-eabi/4.9.3/../../../../arm-none-eabi/lib/armv7-m\libc_nano.a(lib_a-strcmp.o)
 .eh_frame      0x00005860        0x4 t:/siliconlabs/simplicitystudio/v4/developer/toolchains/gnu_arm/4.9_2015q3/bin/../lib/gcc/arm-none-eabi/4.9.3/armv7-m/crtend.o

.glue_7         0x00005864        0x0
 .glue_7        0x00000000        0x0 linker stubs

.glue_7t        0x00005864        0x0
 .glue_7t       0x00000000        0x0 linker stubs

.vfp11_veneer   0x00005864        0x0
 .vfp11_veneer  0x00000000        0x0 linker stubs

.v4_bx          0x00005864        0x0
 .v4_bx         0x00000000        0x0 linker stubs

.iplt           0x00005864        0x0
 .iplt          0x00000000        0x0 t:/siliconlabs/simplicitystudio/v4/developer/toolchains/gnu_arm/4.9_2015q3/bin/../lib/gcc/arm-none-eabi/4.9.3/armv7-m/crtbegin.o

.ARM.extab      0x00005864       0x78
 *(.ARM.extab* .gnu.linkonce.armextab.*)
 .ARM.extab.text._ZN4RF2416beginTransactionEv
                0x00005864        0x0 ./RF24/RF24.o
 .ARM.extab.text._ZN4RF2422print_address_registerEPKchh
                0x00005864        0xc ./RF24/RF24.o
 .ARM.extab.text._ZN4RF2410getPALevelEv
                0x00005870        0xc ./RF24/RF24.o
 .ARM.extab.text._ZN4RF2411getDataRateEv
                0x0000587c        0xc ./RF24/RF24.o
 .ARM.extab.text._Z13prepareClocksv
                0x00005888        0xc ./RF24/utilities.o
 .ARM.extab.text._Z11prepareGPIOv
                0x00005894        0xc ./RF24/utilities.o
 .ARM.extab.text._Z5printPKcz
                0x000058a0        0xc ./RF24/utilities.o
 .ARM.extab.text._Z7printlnPKcz
                0x000058ac        0xc ./RF24/utilities.o
 .ARM.extab.text._Z13prepare_sleepv
                0x000058b8        0xc ./RF24/utilities.o
 .ARM.extab     0x000058c4       0x18 t:/siliconlabs/simplicitystudio/v4/developer/toolchains/gnu_arm/4.9_2015q3/bin/../lib/gcc/arm-none-eabi/4.9.3/armv7-m\libgcc.a(pr-support.o)
                0x000058dc                __exidx_start = .

.ARM.exidx      0x000058dc      0x260
 *(.ARM.exidx* .gnu.linkonce.armexidx.*)
 .ARM.exidx     0x000058dc        0x8 t:/siliconlabs/simplicitystudio/v4/developer/toolchains/gnu_arm/4.9_2015q3/bin/../lib/gcc/arm-none-eabi/4.9.3/../../../../arm-none-eabi/lib/armv7-m/crt0.o
 .ARM.exidx.text._Z15BMP280_I2C_readhhPhh
                0x000058e4        0x8 ./src/main.o
 .ARM.exidx.text._Z16BMP280_I2C_writehhPhh
                0x000058ec        0x0 ./src/main.o
                                  0x8 (size before relaxing)
 .ARM.exidx.text._Z12read_sensorsv
                0x000058ec        0x8 ./src/main.o
 .ARM.exidx.text.startup.main
                0x000058f4       0x10 ./src/main.o
                                  0x8 (size before relaxing)
 .ARM.exidx.text._ZN11HardwareSPID2Ev
                0x00005904        0x0 ./RF24/HardwareSPI.o
                                  0x8 (size before relaxing)
 .ARM.exidx.text._ZN11HardwareSPID0Ev
                0x00005904        0x0 ./RF24/HardwareSPI.o
                                  0x8 (size before relaxing)
 .ARM.exidx.text._ZN11HardwareSPIC2Ev
                0x00005904        0x8 ./RF24/HardwareSPI.o
 .ARM.exidx.text._ZN11HardwareSPI8transferEh
                0x0000590c        0x8 ./RF24/HardwareSPI.o
 .ARM.exidx.text._ZN4RF243csnEb.part.0
                0x00005914        0x0 ./RF24/RF24.o
                                  0x8 (size before relaxing)
 .ARM.exidx.text._ZN4RF2416beginTransactionEv
                0x00005914        0x0 ./RF24/RF24.o
                                  0x8 (size before relaxing)
 .ARM.exidx.text._ZN4RF2413read_registerEhPhh
                0x00005914        0x8 ./RF24/RF24.o
 .ARM.exidx.text._ZN4RF2413read_registerEh
                0x0000591c        0x8 ./RF24/RF24.o
 .ARM.exidx.text._ZN4RF2414write_registerEhPKhh
                0x00005924        0x8 ./RF24/RF24.o
 .ARM.exidx.text._ZN4RF2414write_registerEhh
                0x0000592c        0x0 ./RF24/RF24.o
                                  0x8 (size before relaxing)
 .ARM.exidx.text._ZN4RF2413write_payloadEPKvhh
                0x0000592c        0x8 ./RF24/RF24.o
 .ARM.exidx.text._ZN4RF2412read_payloadEPvh
                0x00005934        0x0 ./RF24/RF24.o
                                  0x8 (size before relaxing)
 .ARM.exidx.text._ZN4RF248spiTransEh
                0x00005934        0x8 ./RF24/RF24.o
 .ARM.exidx.text._ZN4RF248flush_rxEv
                0x0000593c        0x8 ./RF24/RF24.o
 .ARM.exidx.text._ZN4RF248flush_txEv
                0x00005944        0x0 ./RF24/RF24.o
                                  0x8 (size before relaxing)
 .ARM.exidx.text._ZN4RF2410get_statusEv
                0x00005944        0x0 ./RF24/RF24.o
                                  0x8 (size before relaxing)
 .ARM.exidx.text._ZN4RF2412print_statusEh
                0x00005944        0x8 ./RF24/RF24.o
 .ARM.exidx.text._ZN4RF2419print_byte_registerEPKchh
                0x0000594c        0x8 ./RF24/RF24.o
 .ARM.exidx.text._ZN4RF2422print_address_registerEPKchh
                0x00005954        0x8 ./RF24/RF24.o
 .ARM.exidx.text._ZN4RF24C2E17GPIO_Port_TypeDeftS0_t
                0x0000595c        0x8 ./RF24/RF24.o
 .ARM.exidx.text._ZN4RF2410setChannelEh
                0x00005964        0x0 ./RF24/RF24.o
                                  0x8 (size before relaxing)
 .ARM.exidx.text._ZN4RF2413stopListeningEv
                0x00005964        0x8 ./RF24/RF24.o
 .ARM.exidx.text._ZN4RF247powerUpEv
                0x0000596c        0x0 ./RF24/RF24.o
                                  0x8 (size before relaxing)
 .ARM.exidx.text._ZN4RF2413powerUpNoWaitEv
                0x0000596c        0x0 ./RF24/RF24.o
                                  0x8 (size before relaxing)
 .ARM.exidx.text._ZN4RF2414isPowerUpReadyEv
                0x0000596c        0x0 ./RF24/RF24.o
                                  0x8 (size before relaxing)
 .ARM.exidx.text._ZN4RF2414startFastWriteEPKvhbb
                0x0000596c        0x0 ./RF24/RF24.o
                                  0x8 (size before relaxing)
 .ARM.exidx.text._ZN4RF245writeEPKvhb
                0x0000596c        0x8 ./RF24/RF24.o
 .ARM.exidx.text._ZN4RF245writeEPKvh
                0x00005974        0x8 ./RF24/RF24.o
 .ARM.exidx.text._ZN4RF249availableEPh
                0x0000597c        0x8 ./RF24/RF24.o
 .ARM.exidx.text._ZN4RF249availableEv
                0x00005984        0x8 ./RF24/RF24.o
 .ARM.exidx.text._ZN4RF244readEPvh
                0x0000598c        0x8 ./RF24/RF24.o
 .ARM.exidx.text._ZN4RF2415openWritingPipeEy
                0x00005994        0x8 ./RF24/RF24.o
 .ARM.exidx.text._ZN4RF2415openReadingPipeEhy
                0x0000599c        0x0 ./RF24/RF24.o
                                  0x8 (size before relaxing)
 .ARM.exidx.text._ZN4RF2415setAddressWidthEh
                0x0000599c        0x8 ./RF24/RF24.o
 .ARM.exidx.text._ZN4RF2416closeReadingPipeEh
                0x000059a4        0x0 ./RF24/RF24.o
                                  0x8 (size before relaxing)
 .ARM.exidx.text._ZN4RF2414startListeningEv
                0x000059a4        0x8 ./RF24/RF24.o
 .ARM.exidx.text._ZN4RF2410setAutoAckEb
                0x000059ac        0x8 ./RF24/RF24.o
 .ARM.exidx.text._ZN4RF2410setPALevelEh
                0x000059b4        0x8 ./RF24/RF24.o
 .ARM.exidx.text._ZN4RF2410getPALevelEv
                0x000059bc        0x8 ./RF24/RF24.o
 .ARM.exidx.text._ZN4RF2411setDataRateE15rf24_datarate_e
                0x000059c4        0x8 ./RF24/RF24.o
 .ARM.exidx.text._ZN4RF2411getDataRateEv
                0x000059cc        0x8 ./RF24/RF24.o
 .ARM.exidx.text._ZN4RF2412setCRCLengthE16rf24_crclength_e
                0x000059d4        0x8 ./RF24/RF24.o
 .ARM.exidx.text._ZN4RF2412getCRCLengthEv
                0x000059dc        0x0 ./RF24/RF24.o
                                  0x8 (size before relaxing)
 .ARM.exidx.text._ZN4RF2412printDetailsEv
                0x000059dc        0x8 ./RF24/RF24.o
 .ARM.exidx.text._ZN4RF2410setRetriesEhh
                0x000059e4        0x8 ./RF24/RF24.o
 .ARM.exidx.text._Z12prepare_uartv
                0x000059ec        0x8 ./RF24/utilities.o
 .ARM.exidx.text._Z13prepareClocksv
                0x000059f4        0x8 ./RF24/utilities.o
 .ARM.exidx.text._Z11prepareGPIOv
                0x000059fc        0x8 ./RF24/utilities.o
 .ARM.exidx.text._Z17delayMicrosecondsm
                0x00005a04        0x8 ./RF24/utilities.o
 .ARM.exidx.text._Z6millisv
                0x00005a0c        0x0 ./RF24/utilities.o
                                  0x8 (size before relaxing)
 .ARM.exidx.text.SysTick_Handler
                0x00005a0c        0x0 ./RF24/utilities.o
                                  0x8 (size before relaxing)
 .ARM.exidx.text._Z5delaym
                0x00005a0c        0x0 ./RF24/utilities.o
                                  0x8 (size before relaxing)
 .ARM.exidx.text._Z11send_stringPc
                0x00005a0c        0x8 ./RF24/utilities.o
 .ARM.exidx.text._Z5printPKcz
                0x00005a14        0x8 ./RF24/utilities.o
 .ARM.exidx.text._Z7printlnPKcz
                0x00005a1c        0x8 ./RF24/utilities.o
 .ARM.exidx.text._Z11prepareRF24v
                0x00005a24        0x8 ./RF24/utilities.o
 .ARM.exidx.text._Z13prepare_sleepv
                0x00005a2c        0x8 ./RF24/utilities.o
 .ARM.exidx.text._Z14prepare_wakeupv
                0x00005a34        0x8 ./RF24/utilities.o
 .ARM.exidx.text._Z15transmit_packetPvh
                0x00005a3c        0x8 ./RF24/utilities.o
 .ARM.exidx.text._Z14receive_packetPvh
                0x00005a44        0x8 ./RF24/utilities.o
 .ARM.exidx.text._Z17reconfigure_radioP16provision_packet
                0x00005a4c        0x8 ./RF24/utilities.o
 .ARM.exidx.text.startup._GLOBAL__sub_I__SPI
                0x00005a54        0x8 ./RF24/utilities.o
 .ARM.exidx.text._Z35bmp280_compensate_temperature_int32l
                0x00005a5c        0x0 ./Drivers/BMP280.o
                                  0x8 (size before relaxing)
 .ARM.exidx.text._Z32bmp280_compensate_pressure_int32l
                0x00005a5c        0x0 ./Drivers/BMP280.o
                                  0x8 (size before relaxing)
 .ARM.exidx.text._Z39bmp280_read_uncomp_pressure_temperaturePlS_
                0x00005a5c        0x8 ./Drivers/BMP280.o
 .ARM.exidx.text._Z32bmp280_read_pressure_temperaturePmPl
                0x00005a64        0x0 ./Drivers/BMP280.o
                                  0x8 (size before relaxing)
 .ARM.exidx.text._Z22bmp280_get_calib_paramv
                0x00005a64        0x8 ./Drivers/BMP280.o
 .ARM.exidx.text._Z11bmp280_initP8bmp280_t
                0x00005a6c        0x8 ./Drivers/BMP280.o
 .ARM.exidx.text._Z31bmp280_set_oversamp_temperatureh
                0x00005a74        0x0 ./Drivers/BMP280.o
                                  0x8 (size before relaxing)
 .ARM.exidx.text._Z21bmp280_set_power_modeh
                0x00005a74        0x8 ./Drivers/BMP280.o
 .ARM.exidx.text._Z17bmp280_set_filterh
                0x00005a7c        0x8 ./Drivers/BMP280.o
 .ARM.exidx.text._Z20bmp280_set_work_modeh
                0x00005a84        0x8 ./Drivers/BMP280.o
 .ARM.exidx     0x00005a8c       0x78 t:/siliconlabs/simplicitystudio/v4/developer/toolchains/gnu_arm/4.9_2015q3/bin/../lib/gcc/arm-none-eabi/4.9.3/armv7-m\libgcc.a(unwind-arm.o)
                                 0xd8 (size before relaxing)
 .ARM.exidx     0x00005b04       0x38 t:/siliconlabs/simplicitystudio/v4/developer/toolchains/gnu_arm/4.9_2015q3/bin/../lib/gcc/arm-none-eabi/4.9.3/armv7-m\libgcc.a(pr-support.o)
                                 0x48 (size before relaxing)
 .ARM.exidx     0x00005b3c        0x0 t:/siliconlabs/simplicitystudio/v4/developer/toolchains/gnu_arm/4.9_2015q3/bin/../lib/gcc/arm-none-eabi/4.9.3/armv7-m\libgcc.a(_divdi3.o)
                                  0x8 (size before relaxing)
 .ARM.exidx     0x00005b3c        0x0 t:/siliconlabs/simplicitystudio/v4/developer/toolchains/gnu_arm/4.9_2015q3/bin/../lib/gcc/arm-none-eabi/4.9.3/armv7-m\libgcc.a(_udivdi3.o)
                                  0x8 (size before relaxing)
                0x00005b3c                __exidx_end = .
                0x00005b3c                __etext = .

.rel.dyn        0x00005b3c        0x0
 .rel.iplt      0x00000000        0x0 t:/siliconlabs/simplicitystudio/v4/developer/toolchains/gnu_arm/4.9_2015q3/bin/../lib/gcc/arm-none-eabi/4.9.3/armv7-m/crtbegin.o

.data           0x20000000       0x80 load address 0x00005b3c
                0x20000000                __data_start__ = .
 *(vtable)
 *(.data*)
 .data          0x20000000        0x4 t:/siliconlabs/simplicitystudio/v4/developer/toolchains/gnu_arm/4.9_2015q3/bin/../lib/gcc/arm-none-eabi/4.9.3/armv7-m/crtbegin.o
                0x20000000                __dso_handle
 .data.SystemLFXOClock
                0x20000004        0x4 ./CMSIS/EFM32GG/system_efm32gg.o
 .data.SystemHFXOClock
                0x20000008        0x4 ./CMSIS/EFM32GG/system_efm32gg.o
 .data.impure_data
                0x2000000c       0x60 t:/siliconlabs/simplicitystudio/v4/developer/toolchains/gnu_arm/4.9_2015q3/bin/../lib/gcc/arm-none-eabi/4.9.3/../../../../arm-none-eabi/lib/armv7-m\libc_nano.a(lib_a-impure.o)
 .data._impure_ptr
                0x2000006c        0x4 t:/siliconlabs/simplicitystudio/v4/developer/toolchains/gnu_arm/4.9_2015q3/bin/../lib/gcc/arm-none-eabi/4.9.3/../../../../arm-none-eabi/lib/armv7-m\libc_nano.a(lib_a-impure.o)
                0x2000006c                _impure_ptr
                0x20000070                . = ALIGN (0x4)
 *(.ram)
                0x20000070                . = ALIGN (0x4)
                0x20000070                PROVIDE (__preinit_array_start, .)
 *(.preinit_array)
                0x20000070                PROVIDE (__preinit_array_end, .)
                0x20000070                . = ALIGN (0x4)
                0x20000070                PROVIDE (__init_array_start, .)
 *(SORT(.init_array.*))
 *(.init_array)
 .init_array    0x20000070        0x4 t:/siliconlabs/simplicitystudio/v4/developer/toolchains/gnu_arm/4.9_2015q3/bin/../lib/gcc/arm-none-eabi/4.9.3/armv7-m/crtbegin.o
 .init_array    0x20000074        0x4 ./RF24/utilities.o
                0x20000078                PROVIDE (__init_array_end, .)
                0x20000078                . = ALIGN (0x4)
                0x20000078                PROVIDE (__fini_array_start, .)
 *(SORT(.fini_array.*))
 *(.fini_array)
 .fini_array    0x20000078        0x4 t:/siliconlabs/simplicitystudio/v4/developer/toolchains/gnu_arm/4.9_2015q3/bin/../lib/gcc/arm-none-eabi/4.9.3/armv7-m/crtbegin.o
                0x2000007c                PROVIDE (__fini_array_end, .)
 *(.jcr*)
 .jcr           0x2000007c        0x0 t:/siliconlabs/simplicitystudio/v4/developer/toolchains/gnu_arm/4.9_2015q3/bin/../lib/gcc/arm-none-eabi/4.9.3/armv7-m/crtbegin.o
 .jcr           0x2000007c        0x4 t:/siliconlabs/simplicitystudio/v4/developer/toolchains/gnu_arm/4.9_2015q3/bin/../lib/gcc/arm-none-eabi/4.9.3/armv7-m/crtend.o
                0x20000080                . = ALIGN (0x4)
                0x20000080                __data_end__ = .

.igot.plt       0x20000080        0x0 load address 0x00005bbc
 .igot.plt      0x00000000        0x0 t:/siliconlabs/simplicitystudio/v4/developer/toolchains/gnu_arm/4.9_2015q3/bin/../lib/gcc/arm-none-eabi/4.9.3/armv7-m/crtbegin.o

.bss            0x20000080      0x168 load address 0x00005bc0
                0x20000080                . = ALIGN (0x4)
                0x20000080                __bss_start__ = .
 *(.bss*)
 .bss           0x20000080       0x1c t:/siliconlabs/simplicitystudio/v4/developer/toolchains/gnu_arm/4.9_2015q3/bin/../lib/gcc/arm-none-eabi/4.9.3/armv7-m/crtbegin.o
 .bss.node_provision_packet
                0x2000009c        0xc ./src/main.o
                0x2000009c                node_provision_packet
 .bss.i2c       0x200000a8        0x4 ./src/main.o
                0x200000a8                i2c
 .bss.bmp_available
                0x200000ac        0x1 ./src/main.o
                0x200000ac                bmp_available
 .bss.si_available
                0x200000ad        0x1 ./src/main.o
                0x200000ad                si_available
 *fill*         0x200000ae        0x2 
 .bss.node_data
                0x200000b0       0x14 ./src/main.o
                0x200000b0                node_data
 .bss.rtc_id    0x200000c4        0x4 ./src/main.o
                0x200000c4                rtc_id
 .bss.cmuStatus
                0x200000c8        0x4 ./emlib/em_emu.o
 .bss.i2cTransfer
                0x200000cc       0x18 ./emlib/em_i2c.o
 .bss.minTicks  0x200000e4        0x4 ./RF24/ustimer.o
 .bss.freq      0x200000e8        0x4 ./RF24/ustimer.o
 .bss.timeElapsed
                0x200000ec        0x1 ./RF24/ustimer.o
 *fill*         0x200000ed        0x3 
 .bss.radio     0x200000f0       0x20 ./RF24/utilities.o
                0x200000f0                radio
 .bss._SPI      0x20000110        0x4 ./RF24/utilities.o
                0x20000110                _SPI
 .bss.msTicks   0x20000114        0x4 ./RF24/utilities.o
                0x20000114                msTicks
 .bss._ZL8p_bmp280
                0x20000118        0x4 ./Drivers/BMP280.o
 .bss.rtcRunning
                0x2000011c        0x1 ./Drivers/rtcdriver.o
 .bss.rtcdrvIsInitialized
                0x2000011d        0x1 ./Drivers/rtcdriver.o
 .bss.inTimerIRQ
                0x2000011e        0x1 ./Drivers/rtcdriver.o
 *fill*         0x2000011f        0x1 
 .bss.timer     0x20000120       0xa0 ./Drivers/rtcdriver.o
 .bss.startTimerNestingLevel
                0x200001c0        0x4 ./Drivers/rtcdriver.o
 .bss.lastStart
                0x200001c4        0x4 ./Drivers/rtcdriver.o
 .bss.wakeUpCallback
                0x200001c8        0x4 ./Drivers/sleep.o
 .bss.sleepCallback
                0x200001cc        0x4 ./Drivers/sleep.o
 .bss.sleepBlockCnt
                0x200001d0        0x2 ./Drivers/sleep.o
 *fill*         0x200001d2        0x2 
 .bss.__malloc_sbrk_start
                0x200001d4        0x4 t:/siliconlabs/simplicitystudio/v4/developer/toolchains/gnu_arm/4.9_2015q3/bin/../lib/gcc/arm-none-eabi/4.9.3/../../../../arm-none-eabi/lib/armv7-m\libc_nano.a(lib_a-nano-mallocr.o)
                0x200001d4                __malloc_sbrk_start
 .bss.__malloc_free_list
                0x200001d8        0x4 t:/siliconlabs/simplicitystudio/v4/developer/toolchains/gnu_arm/4.9_2015q3/bin/../lib/gcc/arm-none-eabi/4.9.3/../../../../arm-none-eabi/lib/armv7-m\libc_nano.a(lib_a-nano-mallocr.o)
                0x200001d8                __malloc_free_list
 .bss.heap_end.4079
                0x200001dc        0x4 t:/siliconlabs/simplicitystudio/v4/developer/toolchains/gnu_arm/4.9_2015q3/bin/../lib/gcc/arm-none-eabi/4.9.3/../../../../arm-none-eabi/lib/armv7-m\libnosys.a(sbrk.o)
 *(COMMON)
 COMMON         0x200001e0        0x4 ./CMSIS/EFM32GG/system_efm32gg.o
                0x200001e0                SystemCoreClock
 COMMON         0x200001e4        0x4 t:/siliconlabs/simplicitystudio/v4/developer/toolchains/gnu_arm/4.9_2015q3/bin/../lib/gcc/arm-none-eabi/4.9.3/../../../../arm-none-eabi/lib/armv7-m\libc_nano.a(lib_a-reent.o)
                0x200001e4                errno
                0x200001e8                . = ALIGN (0x4)
                0x200001e8                __bss_end__ = .

.heap           0x200001e8      0xc00
                0x200001e8                __HeapBase = .
                0x200001e8                __end__ = .
                0x200001e8                end = __end__
                0x200001e8                _end = __end__
 *(.heap*)
 .heap          0x200001e8      0xc00 ./CMSIS/EFM32GG/startup_efm32gg.o
                0x20000de8                __HeapLimit = .

.stack_dummy    0x200001e8      0x400
 *(.stack*)
 .stack         0x200001e8      0x400 ./CMSIS/EFM32GG/startup_efm32gg.o
                0x20020000                __StackTop = (ORIGIN (RAM) + 0x20000)
                0x2001fc00                __StackLimit = (__StackTop - SIZEOF (.stack_dummy))
                0x20020000                PROVIDE (__stack, __StackTop)
                0x00000001                ASSERT ((__StackLimit >= __HeapLimit), region RAM overflowed with stack)
                0x00000001                ASSERT ((0x100000 >= (__etext + SIZEOF (.data))), FLASH memory overflowed !)
OUTPUT(RF24_test_STK.axf elf32-littlearm)

.ARM.attributes
                0x00000000       0x29
 .ARM.attributes
                0x00000000       0x1d t:/siliconlabs/simplicitystudio/v4/developer/toolchains/gnu_arm/4.9_2015q3/bin/../lib/gcc/arm-none-eabi/4.9.3/armv7-m/crti.o
 .ARM.attributes
                0x0000001d       0x2d t:/siliconlabs/simplicitystudio/v4/developer/toolchains/gnu_arm/4.9_2015q3/bin/../lib/gcc/arm-none-eabi/4.9.3/armv7-m/crtbegin.o
 .ARM.attributes
                0x0000004a       0x1b t:/siliconlabs/simplicitystudio/v4/developer/toolchains/gnu_arm/4.9_2015q3/bin/../lib/gcc/arm-none-eabi/4.9.3/../../../../arm-none-eabi/lib/armv7-m/crt0.o
 .ARM.attributes
                0x00000065       0x33 ./src/main.o
 .ARM.attributes
                0x00000098       0x33 ./emlib/em_cmu.o
 .ARM.attributes
                0x000000cb       0x33 ./emlib/em_core.o
 .ARM.attributes
                0x000000fe       0x33 ./emlib/em_dma.o
 .ARM.attributes
                0x00000131       0x33 ./emlib/em_emu.o
 .ARM.attributes
                0x00000164       0x33 ./emlib/em_gpio.o
 .ARM.attributes
                0x00000197       0x33 ./emlib/em_i2c.o
 .ARM.attributes
                0x000001ca       0x33 ./emlib/em_rmu.o
 .ARM.attributes
                0x000001fd       0x33 ./emlib/em_rtc.o
 .ARM.attributes
                0x00000230       0x33 ./emlib/em_system.o
 .ARM.attributes
                0x00000263       0x33 ./emlib/em_timer.o
 .ARM.attributes
                0x00000296       0x33 ./emlib/em_usart.o
 .ARM.attributes
                0x000002c9       0x33 ./RF24/HardwareSPI.o
 .ARM.attributes
                0x000002fc       0x33 ./RF24/RF24.o
 .ARM.attributes
                0x0000032f       0x33 ./RF24/ustimer.o
 .ARM.attributes
                0x00000362       0x33 ./RF24/utilities.o
 .ARM.attributes
                0x00000395       0x33 ./Drivers/BMP280.o
 .ARM.attributes
                0x000003c8       0x33 ./Drivers/i2cspm.o
 .ARM.attributes
                0x000003fb       0x33 ./Drivers/rtcdriver.o
 .ARM.attributes
                0x0000042e       0x33 ./Drivers/si7013.o
 .ARM.attributes
                0x00000461       0x33 ./Drivers/sleep.o
 .ARM.attributes
                0x00000494       0x1b ./CMSIS/EFM32GG/startup_efm32gg.o
 .ARM.attributes
                0x000004af       0x33 ./CMSIS/EFM32GG/system_efm32gg.o
 .ARM.attributes
                0x000004e2       0x1d t:/siliconlabs/simplicitystudio/v4/developer/toolchains/gnu_arm/4.9_2015q3/bin/../lib/gcc/arm-none-eabi/4.9.3/armv7-m\libgcc.a(_aeabi_uldivmod.o)
 .ARM.attributes
                0x000004ff       0x2d t:/siliconlabs/simplicitystudio/v4/developer/toolchains/gnu_arm/4.9_2015q3/bin/../lib/gcc/arm-none-eabi/4.9.3/armv7-m\libgcc.a(bpabi.o)
 .ARM.attributes
                0x0000052c       0x1d t:/siliconlabs/simplicitystudio/v4/developer/toolchains/gnu_arm/4.9_2015q3/bin/../lib/gcc/arm-none-eabi/4.9.3/armv7-m\libgcc.a(_dvmd_tls.o)
 .ARM.attributes
                0x00000549       0x2d t:/siliconlabs/simplicitystudio/v4/developer/toolchains/gnu_arm/4.9_2015q3/bin/../lib/gcc/arm-none-eabi/4.9.3/armv7-m\libgcc.a(_divdi3.o)
 .ARM.attributes
                0x00000576       0x2d t:/siliconlabs/simplicitystudio/v4/developer/toolchains/gnu_arm/4.9_2015q3/bin/../lib/gcc/arm-none-eabi/4.9.3/armv7-m\libgcc.a(_udivdi3.o)
 .ARM.attributes
                0x000005a3       0x2d t:/siliconlabs/simplicitystudio/v4/developer/toolchains/gnu_arm/4.9_2015q3/bin/../lib/gcc/arm-none-eabi/4.9.3/../../../../arm-none-eabi/lib/armv7-m\libstdc++_nano.a(atexit_arm.o)
 .ARM.attributes
                0x000005d0       0x2d t:/siliconlabs/simplicitystudio/v4/developer/toolchains/gnu_arm/4.9_2015q3/bin/../lib/gcc/arm-none-eabi/4.9.3/../../../../arm-none-eabi/lib/armv7-m\libstdc++_nano.a(del_op.o)
 .ARM.attributes
                0x000005fd       0x2d t:/siliconlabs/simplicitystudio/v4/developer/toolchains/gnu_arm/4.9_2015q3/bin/../lib/gcc/arm-none-eabi/4.9.3/../../../../arm-none-eabi/lib/armv7-m\libstdc++_nano.a(class_type_info.o)
 .ARM.attributes
                0x0000062a       0x2d t:/siliconlabs/simplicitystudio/v4/developer/toolchains/gnu_arm/4.9_2015q3/bin/../lib/gcc/arm-none-eabi/4.9.3/../../../../arm-none-eabi/lib/armv7-m\libstdc++_nano.a(si_class_type_info.o)
 .ARM.attributes
                0x00000657       0x2d t:/siliconlabs/simplicitystudio/v4/developer/toolchains/gnu_arm/4.9_2015q3/bin/../lib/gcc/arm-none-eabi/4.9.3/../../../../arm-none-eabi/lib/armv7-m\libstdc++_nano.a(tinfo.o)
 .ARM.attributes
                0x00000684       0x2d t:/siliconlabs/simplicitystudio/v4/developer/toolchains/gnu_arm/4.9_2015q3/bin/../lib/gcc/arm-none-eabi/4.9.3/../../../../arm-none-eabi/lib/armv7-m\libc_nano.a(lib_a-cxa_atexit.o)
 .ARM.attributes
                0x000006b1       0x2d t:/siliconlabs/simplicitystudio/v4/developer/toolchains/gnu_arm/4.9_2015q3/bin/../lib/gcc/arm-none-eabi/4.9.3/../../../../arm-none-eabi/lib/armv7-m\libc_nano.a(lib_a-exit.o)
 .ARM.attributes
                0x000006de       0x2d t:/siliconlabs/simplicitystudio/v4/developer/toolchains/gnu_arm/4.9_2015q3/bin/../lib/gcc/arm-none-eabi/4.9.3/../../../../arm-none-eabi/lib/armv7-m\libc_nano.a(lib_a-impure.o)
 .ARM.attributes
                0x0000070b       0x2d t:/siliconlabs/simplicitystudio/v4/developer/toolchains/gnu_arm/4.9_2015q3/bin/../lib/gcc/arm-none-eabi/4.9.3/../../../../arm-none-eabi/lib/armv7-m\libc_nano.a(lib_a-init.o)
 .ARM.attributes
                0x00000738       0x2d t:/siliconlabs/simplicitystudio/v4/developer/toolchains/gnu_arm/4.9_2015q3/bin/../lib/gcc/arm-none-eabi/4.9.3/../../../../arm-none-eabi/lib/armv7-m\libc_nano.a(lib_a-malloc.o)
 .ARM.attributes
                0x00000765       0x2d t:/siliconlabs/simplicitystudio/v4/developer/toolchains/gnu_arm/4.9_2015q3/bin/../lib/gcc/arm-none-eabi/4.9.3/../../../../arm-none-eabi/lib/armv7-m\libc_nano.a(lib_a-memcpy.o)
 .ARM.attributes
                0x00000792       0x2d t:/siliconlabs/simplicitystudio/v4/developer/toolchains/gnu_arm/4.9_2015q3/bin/../lib/gcc/arm-none-eabi/4.9.3/../../../../arm-none-eabi/lib/armv7-m\libc_nano.a(lib_a-memset.o)
 .ARM.attributes
                0x000007bf       0x2d t:/siliconlabs/simplicitystudio/v4/developer/toolchains/gnu_arm/4.9_2015q3/bin/../lib/gcc/arm-none-eabi/4.9.3/../../../../arm-none-eabi/lib/armv7-m\libc_nano.a(lib_a-nano-freer.o)
 .ARM.attributes
                0x000007ec       0x2d t:/siliconlabs/simplicitystudio/v4/developer/toolchains/gnu_arm/4.9_2015q3/bin/../lib/gcc/arm-none-eabi/4.9.3/../../../../arm-none-eabi/lib/armv7-m\libc_nano.a(lib_a-nano-mallocr.o)
 .ARM.attributes
                0x00000819       0x2d t:/siliconlabs/simplicitystudio/v4/developer/toolchains/gnu_arm/4.9_2015q3/bin/../lib/gcc/arm-none-eabi/4.9.3/../../../../arm-none-eabi/lib/armv7-m\libc_nano.a(lib_a-sbrkr.o)
 .ARM.attributes
                0x00000846       0x1b t:/siliconlabs/simplicitystudio/v4/developer/toolchains/gnu_arm/4.9_2015q3/bin/../lib/gcc/arm-none-eabi/4.9.3/../../../../arm-none-eabi/lib/armv7-m\libc_nano.a(lib_a-strcmp.o)
 .ARM.attributes
                0x00000861       0x2d t:/siliconlabs/simplicitystudio/v4/developer/toolchains/gnu_arm/4.9_2015q3/bin/../lib/gcc/arm-none-eabi/4.9.3/../../../../arm-none-eabi/lib/armv7-m\libc_nano.a(lib_a-vsnprintf.o)
 .ARM.attributes
                0x0000088e       0x2d t:/siliconlabs/simplicitystudio/v4/developer/toolchains/gnu_arm/4.9_2015q3/bin/../lib/gcc/arm-none-eabi/4.9.3/../../../../arm-none-eabi/lib/armv7-m\libc_nano.a(lib_a-nano-svfprintf.o)
 .ARM.attributes
                0x000008bb       0x2d t:/siliconlabs/simplicitystudio/v4/developer/toolchains/gnu_arm/4.9_2015q3/bin/../lib/gcc/arm-none-eabi/4.9.3/../../../../arm-none-eabi/lib/armv7-m\libc_nano.a(lib_a-nano-vfprintf_i.o)
 .ARM.attributes
                0x000008e8       0x2d t:/siliconlabs/simplicitystudio/v4/developer/toolchains/gnu_arm/4.9_2015q3/bin/../lib/gcc/arm-none-eabi/4.9.3/../../../../arm-none-eabi/lib/armv7-m\libc_nano.a(lib_a-reent.o)
 .ARM.attributes
                0x00000915       0x2d t:/siliconlabs/simplicitystudio/v4/developer/toolchains/gnu_arm/4.9_2015q3/bin/../lib/gcc/arm-none-eabi/4.9.3/../../../../arm-none-eabi/lib/armv7-m\libc_nano.a(lib_a-memchr.o)
 .ARM.attributes
                0x00000942       0x2d t:/siliconlabs/simplicitystudio/v4/developer/toolchains/gnu_arm/4.9_2015q3/bin/../lib/gcc/arm-none-eabi/4.9.3/../../../../arm-none-eabi/lib/armv7-m\libc_nano.a(lib_a-memmove.o)
 .ARM.attributes
                0x0000096f       0x2d t:/siliconlabs/simplicitystudio/v4/developer/toolchains/gnu_arm/4.9_2015q3/bin/../lib/gcc/arm-none-eabi/4.9.3/../../../../arm-none-eabi/lib/armv7-m\libc_nano.a(lib_a-nano-reallocr.o)
 .ARM.attributes
                0x0000099c       0x2d t:/siliconlabs/simplicitystudio/v4/developer/toolchains/gnu_arm/4.9_2015q3/bin/../lib/gcc/arm-none-eabi/4.9.3/../../../../arm-none-eabi/lib/armv7-m\libc_nano.a(lib_a-nano-msizer.o)
 .ARM.attributes
                0x000009c9       0x2d t:/siliconlabs/simplicitystudio/v4/developer/toolchains/gnu_arm/4.9_2015q3/bin/../lib/gcc/arm-none-eabi/4.9.3/../../../../arm-none-eabi/lib/armv7-m\libnosys.a(sbrk.o)
 .ARM.attributes
                0x000009f6       0x2d t:/siliconlabs/simplicitystudio/v4/developer/toolchains/gnu_arm/4.9_2015q3/bin/../lib/gcc/arm-none-eabi/4.9.3/../../../../arm-none-eabi/lib/armv7-m\libnosys.a(_exit.o)
 .ARM.attributes
                0x00000a23       0x2d t:/siliconlabs/simplicitystudio/v4/developer/toolchains/gnu_arm/4.9_2015q3/bin/../lib/gcc/arm-none-eabi/4.9.3/armv7-m/crtend.o
 .ARM.attributes
                0x00000a50       0x1d t:/siliconlabs/simplicitystudio/v4/developer/toolchains/gnu_arm/4.9_2015q3/bin/../lib/gcc/arm-none-eabi/4.9.3/armv7-m/crtn.o

.comment        0x00000000       0x70
 .comment       0x00000000       0x70 ./src/main.o
                                 0x71 (size before relaxing)
 .comment       0x00000000       0x71 ./emlib/em_cmu.o
 .comment       0x00000000       0x71 ./emlib/em_core.o
 .comment       0x00000000       0x71 ./emlib/em_dma.o
 .comment       0x00000000       0x71 ./emlib/em_emu.o
 .comment       0x00000000       0x71 ./emlib/em_gpio.o
 .comment       0x00000000       0x71 ./emlib/em_i2c.o
 .comment       0x00000000       0x71 ./emlib/em_rmu.o
 .comment       0x00000000       0x71 ./emlib/em_rtc.o
 .comment       0x00000000       0x71 ./emlib/em_system.o
 .comment       0x00000000       0x71 ./emlib/em_timer.o
 .comment       0x00000000       0x71 ./emlib/em_usart.o
 .comment       0x00000000       0x71 ./RF24/HardwareSPI.o
 .comment       0x00000000       0x71 ./RF24/RF24.o
 .comment       0x00000000       0x71 ./RF24/ustimer.o
 .comment       0x00000000       0x71 ./RF24/utilities.o
 .comment       0x00000000       0x71 ./Drivers/BMP280.o
 .comment       0x00000000       0x71 ./Drivers/i2cspm.o
 .comment       0x00000000       0x71 ./Drivers/rtcdriver.o
 .comment       0x00000000       0x71 ./Drivers/si7013.o
 .comment       0x00000000       0x71 ./Drivers/sleep.o
 .comment       0x00000000       0x71 ./CMSIS/EFM32GG/system_efm32gg.o

.debug_info     0x00000000    0x172c0
 .debug_info    0x00000000     0x13d9 ./src/main.o
 .debug_info    0x000013d9     0x2407 ./emlib/em_cmu.o
 .debug_info    0x000037e0      0xdc0 ./emlib/em_core.o
 .debug_info    0x000045a0     0x1519 ./emlib/em_dma.o
 .debug_info    0x00005ab9      0xeae ./emlib/em_emu.o
 .debug_info    0x00006967      0x7d2 ./emlib/em_gpio.o
 .debug_info    0x00007139      0xa17 ./emlib/em_i2c.o
 .debug_info    0x00007b50      0x555 ./emlib/em_rmu.o
 .debug_info    0x000080a5      0x411 ./emlib/em_rtc.o
 .debug_info    0x000084b6      0x26a ./emlib/em_system.o
 .debug_info    0x00008720      0x92c ./emlib/em_timer.o
 .debug_info    0x0000904c     0x1015 ./emlib/em_usart.o
 .debug_info    0x0000a061      0xaa7 ./RF24/HardwareSPI.o
 .debug_info    0x0000ab08     0x45fe ./RF24/RF24.o
 .debug_info    0x0000f106     0x14dd ./RF24/ustimer.o
 .debug_info    0x000105e3     0x262e ./RF24/utilities.o
 .debug_info    0x00012c11     0x10ea ./Drivers/BMP280.o
 .debug_info    0x00013cfb      0xa17 ./Drivers/i2cspm.o
 .debug_info    0x00014712     0x136d ./Drivers/rtcdriver.o
 .debug_info    0x00015a7f      0x968 ./Drivers/si7013.o
 .debug_info    0x000163e7      0x836 ./Drivers/sleep.o
 .debug_info    0x00016c1d       0xfd ./CMSIS/EFM32GG/startup_efm32gg.o
 .debug_info    0x00016d1a      0x5a6 ./CMSIS/EFM32GG/system_efm32gg.o

.debug_abbrev   0x00000000     0x42fa
 .debug_abbrev  0x00000000      0x391 ./src/main.o
 .debug_abbrev  0x00000391      0x451 ./emlib/em_cmu.o
 .debug_abbrev  0x000007e2      0x2a3 ./emlib/em_core.o
 .debug_abbrev  0x00000a85      0x372 ./emlib/em_dma.o
 .debug_abbrev  0x00000df7      0x319 ./emlib/em_emu.o
 .debug_abbrev  0x00001110      0x2bb ./emlib/em_gpio.o
 .debug_abbrev  0x000013cb      0x34c ./emlib/em_i2c.o
 .debug_abbrev  0x00001717      0x26e ./emlib/em_rmu.o
 .debug_abbrev  0x00001985      0x207 ./emlib/em_rtc.o
 .debug_abbrev  0x00001b8c       0xed ./emlib/em_system.o
 .debug_abbrev  0x00001c79      0x1e6 ./emlib/em_timer.o
 .debug_abbrev  0x00001e5f      0x2c3 ./emlib/em_usart.o
 .debug_abbrev  0x00002122      0x2f5 ./RF24/HardwareSPI.o
 .debug_abbrev  0x00002417      0x54f ./RF24/RF24.o
 .debug_abbrev  0x00002966      0x3bc ./RF24/ustimer.o
 .debug_abbrev  0x00002d22      0x551 ./RF24/utilities.o
 .debug_abbrev  0x00003273      0x20b ./Drivers/BMP280.o
 .debug_abbrev  0x0000347e      0x24a ./Drivers/i2cspm.o
 .debug_abbrev  0x000036c8      0x43c ./Drivers/rtcdriver.o
 .debug_abbrev  0x00003b04      0x2d0 ./Drivers/si7013.o
 .debug_abbrev  0x00003dd4      0x35b ./Drivers/sleep.o
 .debug_abbrev  0x0000412f       0x14 ./CMSIS/EFM32GG/startup_efm32gg.o
 .debug_abbrev  0x00004143      0x1b7 ./CMSIS/EFM32GG/system_efm32gg.o

.debug_loc      0x00000000     0xbb91
 .debug_loc     0x00000000      0x30c ./src/main.o
 .debug_loc     0x0000030c     0x2134 ./emlib/em_cmu.o
 .debug_loc     0x00002440      0x5b3 ./emlib/em_core.o
 .debug_loc     0x000029f3      0xadf ./emlib/em_dma.o
 .debug_loc     0x000034d2      0x509 ./emlib/em_emu.o
 .debug_loc     0x000039db      0x4ec ./emlib/em_gpio.o
 .debug_loc     0x00003ec7      0x7be ./emlib/em_i2c.o
 .debug_loc     0x00004685      0x118 ./emlib/em_rmu.o
 .debug_loc     0x0000479d       0x8f ./emlib/em_rtc.o
 .debug_loc     0x0000482c       0xb6 ./emlib/em_system.o
 .debug_loc     0x000048e2      0x11b ./emlib/em_timer.o
 .debug_loc     0x000049fd      0x6c9 ./emlib/em_usart.o
 .debug_loc     0x000050c6      0x1ad ./RF24/HardwareSPI.o
 .debug_loc     0x00005273     0x2f73 ./RF24/RF24.o
 .debug_loc     0x000081e6      0x2d1 ./RF24/ustimer.o
 .debug_loc     0x000084b7      0x583 ./RF24/utilities.o
 .debug_loc     0x00008a3a     0x1bbf ./Drivers/BMP280.o
 .debug_loc     0x0000a5f9      0x1f6 ./Drivers/i2cspm.o
 .debug_loc     0x0000a7ef      0xa90 ./Drivers/rtcdriver.o
 .debug_loc     0x0000b27f      0x617 ./Drivers/si7013.o
 .debug_loc     0x0000b896      0x239 ./Drivers/sleep.o
 .debug_loc     0x0000bacf       0xc2 ./CMSIS/EFM32GG/system_efm32gg.o

.debug_aranges  0x00000000      0xc18
 .debug_aranges
                0x00000000       0x38 ./src/main.o
 .debug_aranges
                0x00000038      0x110 ./emlib/em_cmu.o
 .debug_aranges
                0x00000148       0xe0 ./emlib/em_core.o
 .debug_aranges
                0x00000228       0xa0 ./emlib/em_dma.o
 .debug_aranges
                0x000002c8       0x78 ./emlib/em_emu.o
 .debug_aranges
                0x00000340       0x48 ./emlib/em_gpio.o
 .debug_aranges
                0x00000388       0x50 ./emlib/em_i2c.o
 .debug_aranges
                0x000003d8       0x30 ./emlib/em_rmu.o
 .debug_aranges
                0x00000408       0x50 ./emlib/em_rtc.o
 .debug_aranges
                0x00000458       0x28 ./emlib/em_system.o
 .debug_aranges